Device map: cuda
--------------------------------
Idiom: spill_the_beans
  Idiom prompt: The suspect was nervous as he spilled the beans, it was a big
  Literal prompt: The suspect was nervous as he spilled the drink, it was a big
  Idiom prompt: The suspect hesitated during questioning before he spilled the beans, it was a big
  Literal prompt: The suspect hesitated during questioning before he spilled the drink, it was a big
  Idiom prompt: The suspect felt a lot of pressure from the staring officer and he spilled the beans, it was a big
  Literal prompt: The suspect felt a lot of pressure from the staring officer and he spilled the drink, it was a big
--------------------------------
--------------------------------
Idiom: break_the_ice
  Idiom prompt: The meeting was not going so well when the man decided to break the ice, it was a big
  Literal prompt: The meeting was not going so well when the man decided to break the bottle, it was a big
  Idiom prompt: It was an awkward party until the host chose to break the ice, it was a big
  Literal prompt: It was an awkward party until the host chose to break the bottle, it was a big
  Idiom prompt: The dinner party was going really well until the man thought he could break the ice, it was a big
  Literal prompt: The dinner party was going really well until the man thought he could break the bottle, it was a big
--------------------------------
--------------------------------
Idiom: pull_the_plug
  Idiom prompt: Everyone agreed it was time to pull the plug, the task was a
  Literal prompt: Everyone agreed it was time to pull the rope, the task was a
  Idiom prompt: The director decided it was time to pull the plug, the show was a
  Literal prompt: The director decided it was time to pull the rope, the show was a
  Idiom prompt: After a lot of planning the manager finally agreed to pull the plug, the project was a
  Literal prompt: After a lot of planning the manager finally agreed to pull the rope, the project was a
--------------------------------
--------------------------------
Idiom: bite_the_bullet
  Idiom prompt: The soldier decided he had no other option but to bite the bullet, he was being very
  Literal prompt: The soldier decided he had no other option but to bite the cookie, he was being very
  Idiom prompt: It was a horrible project but the team had no choice but to bite the bullet, they were being very
  Literal prompt: It was a horrible project but the team had no choice but to bite the cookie, they were being very
  Idiom prompt: At the end of the day no one wanted it but the man chose to bite the bullet, he was being very
  Literal prompt: At the end of the day no one wanted it but the man chose to bite the cookie, he was being very
--------------------------------
--------------------------------
Idiom: move_the_goalposts
  Idiom prompt: The boss decided it was time for a change and slowly moved the goalposts, he was being very
  Literal prompt: The boss decided it was time for a change and slowly moved the cabinets, he was being very
  Idiom prompt: The team had just reached every target before the boss moved the goalposts, he was being very
  Literal prompt: The team had just reached every target before the boss moved the cabinets, he was being very
  Idiom prompt: They had worked overnight to complete the tasks before the boss moved the goalposts, he was being very
  Literal prompt: They had worked overnight to complete the tasks before the boss moved the cabinets, he was being very
--------------------------------
--------------------------------
Idiom: blow_a_fuse
  Idiom prompt: After the party the man blew a fuse, he had become very
  Literal prompt: After the party the man blew a candle, he had become very
  Idiom prompt: Seeing the state of the house after the new year the man blew a fuse, he was being very
  Literal prompt: Seeing the state of the house after the new year the man blew a candle, he was being very
  Idiom prompt: When the test failed the man blew a fuse, he was being very
  Literal prompt: When the test failed the man blew a candle, he was being very
--------------------------------
--------------------------------
Idiom: turn_the_tables
  Idiom prompt: After a period of bad luck he was able to turn the tables, the man was finally
  Literal prompt: After a period of bad luck he was able to turn the handle, the man was finally
  Idiom prompt: Everyone thought that he was not trying his best but he was able to turn the tables, the man was finally
  Literal prompt: Everyone thought that he was not trying his best but he was able to turn the handle, the man was finally
  Idiom prompt: After struggling to pass the first obstacle he was able to turn the tables, the man was finally
  Literal prompt: After struggling to pass the first obstacle he was able to turn the handle, the man was finally
--------------------------------
--------------------------------
Idiom: muddy_the_waters
  Idiom prompt: The lawyer tried to muddy the waters, making the important case
  Literal prompt: The lawyer tried to muddy the weapon, making the important case
  Idiom prompt: The suspect was not being very honest when he tried to muddy the waters, making the important case
  Literal prompt: The suspect was not being very honest when he tried to muddy the weapon, making the important case
  Idiom prompt: The lawyer paid a criminal to muddy the waters, he made the case
  Literal prompt: The lawyer paid a criminal to muddy the weapon, he made the case
--------------------------------
--------------------------------
Idiom: make_a_splash
  Idiom prompt: The new artist wanted to make a splash, it was becoming a
  Literal prompt: The new artist wanted to make a sketch, it was becoming a
  Idiom prompt: The painter thought long and hard about his work so that he would make a splash, it was becoming a
  Literal prompt: The painter thought long and hard about his work so that he would make a sketch, it was becoming a
  Idiom prompt: The designer was ready to make a splash, it turned into a
  Literal prompt: The designer was ready to make a sketch, it turned into a
--------------------------------
--------------------------------
Idiom: buy_the_farm
  Idiom prompt: The brave man bought a motorbike and immediately bought the farm, so he is now
  Literal prompt: The brave man bought a motorbike and immediately bought the helmet, so he is now
  Idiom prompt: The young man rode a bulldozer for the first time and bought the farm, so he is now
  Literal prompt: The young man rode a bulldozer for the first time and bought the helmet, so he is now
  Idiom prompt: The unlucky man tried to learn how to ride a bike but he bought the farm, so he is now
  Literal prompt: The unlucky man tried to learn how to ride a bike but he bought the helmet, so he is now
--------------------------------
--------------------------------
Idiom: kick_the_bucket
  Idiom prompt: The old man was so tired when he kicked the bucket, it was a sad
  Literal prompt: The old man was so tired when he kicked the football, it was a sad
  Idiom prompt: The athlete was so exhausted that he kicked the bucket, it was a sad
  Literal prompt: The athlete was so exhausted that he kicked the football, it was a sad
  Idiom prompt: The team were winning when the lead scorer kicked the bucket, so it was very
  Literal prompt: The team were winning when the lead scorer kicked the football, so it was very
--------------------------------
--------------------------------
Idiom: cut_a_rug
  Idiom prompt: The party was getting wild as she cut a rug, it was a great
  Literal prompt: The party was getting wild as she cut a slice, it was a great
  Idiom prompt: The band was so good that they got the crowd to cut a rug, it was a great
  Literal prompt: The band was so good that they got the crowd to cut a slice, it was a great
  Idiom prompt: The couple's energetic dance moves had everyone cutting a rug, it was a great
  Literal prompt: The couple's energetic dance moves had everyone cutting a slice, it was a great
--------------------------------
--------------------------------
Idiom: cut_the_mustard
  Idiom prompt: The chef was under pressure to create a new dish but he cut the mustard, it was a big
  Literal prompt: The chef was under pressure to create a new dish but he cut the stem, it was a big
  Idiom prompt: The team was struggling to complete the task but in the final quarter they cut the mustard, it was a big
  Literal prompt: The team was struggling to complete the task but in the final quarter they cut the stem, it was a big
  Idiom prompt: The new employee was nervous to meet his first target but he cut the mustard, it was a big
  Literal prompt: The new employee was nervous to meet his first target but he cut the stem, it was a big
--------------------------------
--------------------------------
Idiom: hit_the_jackpot
  Idiom prompt: The programmer's code struggled at first but then it hit the jackpot, it was a big
  Literal prompt: The programmer's code struggled at first but then it hit the button, it was a big
  Idiom prompt: After years of trying, the musician wrote his piece and then hit the jackpot, it was a big
  Literal prompt: After years of trying, the musician wrote his piece and then hit the button, it was a big
  Idiom prompt: The engineer's new design hit the jackpot, it was a big
  Literal prompt: The engineer's new design hit the button, it was a big
--------------------------------
--------------------------------
Idiom: call_the_shots
  Idiom prompt: As a lifeguard she had to call the shots, it was a huge
  Literal prompt: As a lifeguard she had to call the police, it was a huge
  Idiom prompt: The coach had to make a choice and call the shots, it was a difficult
  Literal prompt: The coach had to make a choice and call the police, it was a difficult
  Idiom prompt: The project manager had the final say and called the shots, it was a big
  Literal prompt: The project manager had the final say and called the police, it was a big
--------------------------------
--------------------------------
Idiom: get_a_grip
  Idiom prompt: After the accident she took a few deep breaths and got a grip, it was a big
  Literal prompt: After the accident she took a few deep breaths and got a rope, it was a big
  Idiom prompt: The athlete was emotional but the coach told him to get a grip, it was an important
  Literal prompt: The athlete was emotional but the coach told him to get a rope, it was an important
  Idiom prompt: They were arguing about something when he told her to get a grip, it was a silly
  Literal prompt: They were arguing about something when he told her to get a rope, it was a silly
--------------------------------
--------------------------------
Idiom: hit_the_road
  Idiom prompt: After the concert the band decided to hit the road, it was a long
  Literal prompt: After the concert the band decided to hit the brakes, it was a long
  Idiom prompt: After lots of preparation the cyclist was ready to hit the road, it was a long
  Literal prompt: After lots of preparation the cyclist was ready to hit the brakes, it was a long
  Idiom prompt: The family were ready to go on holiday and they hit the road, it was a big
  Literal prompt: The family were ready to go on holiday and they hit the brakes, it was a big
--------------------------------
--------------------------------
Idiom: scratch_the_surface
  Idiom prompt: The presenter was only able to scratch the surface, it was a big
  Literal prompt: The presenter was only able to scratch the record, it was a big
  Idiom prompt: The DJ they hired was famous but by the end he had only scratched the surface, it was a big
  Literal prompt: The DJ they hired was famous but by the end he had only scratched the record, it was a big
  Idiom prompt: The cleaner had to look after the archives and only scratched the surface, it was a huge
  Literal prompt: The cleaner had to look after the archives and only scratched the record, it was a huge
--------------------------------
--------------------------------
Idiom: bite_the_dust
  Idiom prompt: The old company was about to bite the dust, it was a big
  Literal prompt: The old company was about to bite the pickle, it was a big
  Idiom prompt: The man with the winning streak was about to bite the dust, it was a big
  Literal prompt: The man with the winning streak was about to bite the pickle, it was a big
  Idiom prompt: The boastful leader had lost the election and bit the dust, it was a big
  Literal prompt: The boastful leader had lost the election and bit the dust, it was a big
--------------------------------
--------------------------------
Idiom: lift_a_finger
  Idiom prompt: The team was struggling to lift a finger, it was a huge
  Literal prompt: The team was struggling to lift a bag, it was a huge
  Idiom prompt: The mum was sad that noone would lift a finger, it was a huge
  Literal prompt: The mum was sad that noone would lift a bag, it was a huge
  Idiom prompt: The manager was furious that no one was willing to lift a finger, it was a big
  Literal prompt: The manager was furious that no one was willing to lift a bag, it was a big
--------------------------------
Traceback (most recent call last):
  File "/home/40455223@eeecs.qub.ac.uk/idiom_comp/patching_next_token_llama.py", line 1746, in <module>
    raise ValueError("HF_TOKEN_LLAMA is not set")
ValueError: HF_TOKEN_LLAMA is not set
Device map: cuda
--------------------------------
Idiom: spill_the_beans
  Idiom prompt: The suspect was nervous as he spilled the beans, it was a big
  Literal prompt: The suspect was nervous as he spilled the drink, it was a big
  Idiom prompt: The suspect hesitated during questioning before he spilled the beans, it was a big
  Literal prompt: The suspect hesitated during questioning before he spilled the drink, it was a big
  Idiom prompt: The suspect felt a lot of pressure from the staring officer and he spilled the beans, it was a big
  Literal prompt: The suspect felt a lot of pressure from the staring officer and he spilled the drink, it was a big
--------------------------------
--------------------------------
Idiom: break_the_ice
  Idiom prompt: The meeting was not going so well when the man decided to break the ice, it was a big
  Literal prompt: The meeting was not going so well when the man decided to break the bottle, it was a big
  Idiom prompt: It was an awkward party until the host chose to break the ice, it was a big
  Literal prompt: It was an awkward party until the host chose to break the bottle, it was a big
  Idiom prompt: The dinner party was going really well until the man thought he could break the ice, it was a big
  Literal prompt: The dinner party was going really well until the man thought he could break the bottle, it was a big
--------------------------------
--------------------------------
Idiom: pull_the_plug
  Idiom prompt: Everyone agreed it was time to pull the plug, the task was a
  Literal prompt: Everyone agreed it was time to pull the rope, the task was a
  Idiom prompt: The director decided it was time to pull the plug, the show was a
  Literal prompt: The director decided it was time to pull the rope, the show was a
  Idiom prompt: After a lot of planning the manager finally agreed to pull the plug, the project was a
  Literal prompt: After a lot of planning the manager finally agreed to pull the rope, the project was a
--------------------------------
--------------------------------
Idiom: bite_the_bullet
  Idiom prompt: The soldier decided he had no other option but to bite the bullet, he was being very
  Literal prompt: The soldier decided he had no other option but to bite the cookie, he was being very
  Idiom prompt: It was a horrible project but the team had no choice but to bite the bullet, they were being very
  Literal prompt: It was a horrible project but the team had no choice but to bite the cookie, they were being very
  Idiom prompt: At the end of the day no one wanted it but the man chose to bite the bullet, he was being very
  Literal prompt: At the end of the day no one wanted it but the man chose to bite the cookie, he was being very
--------------------------------
--------------------------------
Idiom: move_the_goalposts
  Idiom prompt: The boss decided it was time for a change and slowly moved the goalposts, he was being very
  Literal prompt: The boss decided it was time for a change and slowly moved the cabinets, he was being very
  Idiom prompt: The team had just reached every target before the boss moved the goalposts, he was being very
  Literal prompt: The team had just reached every target before the boss moved the cabinets, he was being very
  Idiom prompt: They had worked overnight to complete the tasks before the boss moved the goalposts, he was being very
  Literal prompt: They had worked overnight to complete the tasks before the boss moved the cabinets, he was being very
--------------------------------
--------------------------------
Idiom: blow_a_fuse
  Idiom prompt: After the party the man blew a fuse, he had become very
  Literal prompt: After the party the man blew a candle, he had become very
  Idiom prompt: Seeing the state of the house after the new year the man blew a fuse, he was being very
  Literal prompt: Seeing the state of the house after the new year the man blew a candle, he was being very
  Idiom prompt: When the test failed the man blew a fuse, he was being very
  Literal prompt: When the test failed the man blew a candle, he was being very
--------------------------------
--------------------------------
Idiom: turn_the_tables
  Idiom prompt: After a period of bad luck he was able to turn the tables, the man was finally
  Literal prompt: After a period of bad luck he was able to turn the handle, the man was finally
  Idiom prompt: Everyone thought that he was not trying his best but he was able to turn the tables, the man was finally
  Literal prompt: Everyone thought that he was not trying his best but he was able to turn the handle, the man was finally
  Idiom prompt: After struggling to pass the first obstacle he was able to turn the tables, the man was finally
  Literal prompt: After struggling to pass the first obstacle he was able to turn the handle, the man was finally
--------------------------------
--------------------------------
Idiom: muddy_the_waters
  Idiom prompt: The lawyer tried to muddy the waters, making the important case
  Literal prompt: The lawyer tried to muddy the weapon, making the important case
  Idiom prompt: The suspect was not being very honest when he tried to muddy the waters, making the important case
  Literal prompt: The suspect was not being very honest when he tried to muddy the weapon, making the important case
  Idiom prompt: The lawyer paid a criminal to muddy the waters, he made the case
  Literal prompt: The lawyer paid a criminal to muddy the weapon, he made the case
--------------------------------
--------------------------------
Idiom: make_a_splash
  Idiom prompt: The new artist wanted to make a splash, it was becoming a
  Literal prompt: The new artist wanted to make a sketch, it was becoming a
  Idiom prompt: The painter thought long and hard about his work so that he would make a splash, it was becoming a
  Literal prompt: The painter thought long and hard about his work so that he would make a sketch, it was becoming a
  Idiom prompt: The designer was ready to make a splash, it turned into a
  Literal prompt: The designer was ready to make a sketch, it turned into a
--------------------------------
--------------------------------
Idiom: buy_the_farm
  Idiom prompt: The brave man bought a motorbike and immediately bought the farm, so he is now
  Literal prompt: The brave man bought a motorbike and immediately bought the helmet, so he is now
  Idiom prompt: The young man rode a bulldozer for the first time and bought the farm, so he is now
  Literal prompt: The young man rode a bulldozer for the first time and bought the helmet, so he is now
  Idiom prompt: The unlucky man tried to learn how to ride a bike but he bought the farm, so he is now
  Literal prompt: The unlucky man tried to learn how to ride a bike but he bought the helmet, so he is now
--------------------------------
--------------------------------
Idiom: kick_the_bucket
  Idiom prompt: The old man was so tired when he kicked the bucket, it was a sad
  Literal prompt: The old man was so tired when he kicked the football, it was a sad
  Idiom prompt: The athlete was so exhausted that he kicked the bucket, it was a sad
  Literal prompt: The athlete was so exhausted that he kicked the football, it was a sad
  Idiom prompt: The team were winning when the lead scorer kicked the bucket, so it was very
  Literal prompt: The team were winning when the lead scorer kicked the football, so it was very
--------------------------------
--------------------------------
Idiom: cut_a_rug
  Idiom prompt: The party was getting wild as she cut a rug, it was a great
  Literal prompt: The party was getting wild as she cut a slice, it was a great
  Idiom prompt: The band was so good that they got the crowd to cut a rug, it was a great
  Literal prompt: The band was so good that they got the crowd to cut a slice, it was a great
  Idiom prompt: The couple's energetic dance moves had everyone cutting a rug, it was a great
  Literal prompt: The couple's energetic dance moves had everyone cutting a slice, it was a great
--------------------------------
--------------------------------
Idiom: cut_the_mustard
You're using a PreTrainedTokenizerFast tokenizer. Please note that with a fast tokenizer, using the `__call__` method is faster than using a method to encode the text followed by a call to the `pad` method to get a padded encoding.
  Idiom prompt: The chef was under pressure to create a new dish but he cut the mustard, it was a big
  Literal prompt: The chef was under pressure to create a new dish but he cut the stem, it was a big
  Idiom prompt: The team was struggling to complete the task but in the final quarter they cut the mustard, it was a big
  Literal prompt: The team was struggling to complete the task but in the final quarter they cut the stem, it was a big
  Idiom prompt: The new employee was nervous to meet his first target but he cut the mustard, it was a big
  Literal prompt: The new employee was nervous to meet his first target but he cut the stem, it was a big
--------------------------------
--------------------------------
Idiom: hit_the_jackpot
  Idiom prompt: The programmer's code struggled at first but then it hit the jackpot, it was a big
  Literal prompt: The programmer's code struggled at first but then it hit the button, it was a big
  Idiom prompt: After years of trying, the musician wrote his piece and then hit the jackpot, it was a big
  Literal prompt: After years of trying, the musician wrote his piece and then hit the button, it was a big
  Idiom prompt: The engineer's new design hit the jackpot, it was a big
  Literal prompt: The engineer's new design hit the button, it was a big
--------------------------------
--------------------------------
Idiom: call_the_shots
  Idiom prompt: As a lifeguard she had to call the shots, it was a huge
  Literal prompt: As a lifeguard she had to call the police, it was a huge
  Idiom prompt: The coach had to make a choice and call the shots, it was a difficult
  Literal prompt: The coach had to make a choice and call the police, it was a difficult
  Idiom prompt: The project manager had the final say and called the shots, it was a big
  Literal prompt: The project manager had the final say and called the police, it was a big
--------------------------------
--------------------------------
Idiom: get_a_grip
  Idiom prompt: After the accident she took a few deep breaths and got a grip, it was a big
  Literal prompt: After the accident she took a few deep breaths and got a rope, it was a big
  Idiom prompt: The athlete was emotional but the coach told him to get a grip, it was an important
  Literal prompt: The athlete was emotional but the coach told him to get a rope, it was an important
  Idiom prompt: They were arguing about something when he told her to get a grip, it was a silly
  Literal prompt: They were arguing about something when he told her to get a rope, it was a silly
--------------------------------
--------------------------------
Idiom: hit_the_road
  Idiom prompt: After the concert the band decided to hit the road, it was a long
  Literal prompt: After the concert the band decided to hit the brakes, it was a long
  Idiom prompt: After lots of preparation the cyclist was ready to hit the road, it was a long
  Literal prompt: After lots of preparation the cyclist was ready to hit the brakes, it was a long
  Idiom prompt: The family were ready to go on holiday and they hit the road, it was a big
  Literal prompt: The family were ready to go on holiday and they hit the brakes, it was a big
--------------------------------
--------------------------------
Idiom: scratch_the_surface
  Idiom prompt: The presenter was only able to scratch the surface, it was a big
  Literal prompt: The presenter was only able to scratch the record, it was a big
  Idiom prompt: The DJ they hired was famous but by the end he had only scratched the surface, it was a big
  Literal prompt: The DJ they hired was famous but by the end he had only scratched the record, it was a big
  Idiom prompt: The cleaner had to look after the archives and only scratched the surface, it was a huge
  Literal prompt: The cleaner had to look after the archives and only scratched the record, it was a huge
--------------------------------
--------------------------------
Idiom: bite_the_dust
  Idiom prompt: The old company was about to bite the dust, it was a big
  Literal prompt: The old company was about to bite the pickle, it was a big
  Idiom prompt: The man with the winning streak was about to bite the dust, it was a big
  Literal prompt: The man with the winning streak was about to bite the pickle, it was a big
  Idiom prompt: The boastful leader had lost the election and bit the dust, it was a big
  Literal prompt: The boastful leader had lost the election and bit the dust, it was a big
--------------------------------
--------------------------------
Idiom: lift_a_finger
  Idiom prompt: The team was struggling to lift a finger, it was a huge
  Literal prompt: The team was struggling to lift a bag, it was a huge
  Idiom prompt: The mum was sad that noone would lift a finger, it was a huge
  Literal prompt: The mum was sad that noone would lift a bag, it was a huge
  Idiom prompt: The manager was furious that no one was willing to lift a finger, it was a big
  Literal prompt: The manager was furious that no one was willing to lift a bag, it was a big
--------------------------------
Running average attention head patching
Loading checkpoint shards:   0%|          | 0/2 [00:00<?, ?it/s]Loading checkpoint shards:  50%|█████     | 1/2 [00:00<00:00,  1.93it/s]Loading checkpoint shards: 100%|██████████| 2/2 [00:00<00:00,  3.28it/s]Loading checkpoint shards: 100%|██████████| 2/2 [00:00<00:00,  2.97it/s]
clean logit diff 3.6517531871795654
corrupt logit diff 2.205504894256592
clean logit diff 2.403751850128174
corrupt logit diff 0.05472874641418457
clean logit diff 1.2649166584014893
corrupt logit diff -0.1476125717163086
clean logit diff -1.2628099918365479
corrupt logit diff 0.8080177307128906
clean logit diff -1.8788089752197266
corrupt logit diff -0.9099042415618896
clean logit diff 1.454178810119629
corrupt logit diff 2.985811233520508
clean logit diff 3.8682734966278076
corrupt logit diff 3.767531394958496
clean logit diff -2.2558560371398926
corrupt logit diff -2.1883044242858887
clean logit diff -0.9637308120727539
corrupt logit diff -1.4636900424957275
clean logit diff 1.6666367053985596
corrupt logit diff 0.007183074951171875
clean logit diff 7.302390098571777
corrupt logit diff 2.458940029144287
clean logit diff 4.642491340637207
corrupt logit diff 0.09758949279785156
clean logit diff 2.273406505584717
corrupt logit diff 0.3127923011779785
clean logit diff 2.8786513805389404
corrupt logit diff -1.415526032447815
clean logit diff 7.90678596496582
corrupt logit diff 3.7566425800323486
clean logit diff -1.491835594177246
corrupt logit diff -0.34822845458984375
clean logit diff -1.1134366989135742
corrupt logit diff -3.28202486038208
clean logit diff 7.450121879577637
corrupt logit diff 1.0127460956573486
clean logit diff 2.532261371612549
corrupt logit diff -0.987084150314331
clean logit diff -0.34264349937438965
corrupt logit diff -2.868928909301758
clean logit diff 3.581031560897827
corrupt logit diff -0.009052038192749023
clean logit diff 3.6259572505950928
corrupt logit diff -0.7039511203765869
clean logit diff 1.5826748609542847
corrupt logit diff -1.0022070407867432
clean logit diff 2.8481600284576416
corrupt logit diff 0.1266803741455078
clean logit diff 4.7378339767456055
corrupt logit diff 2.261033773422241
clean logit diff 1.1067564487457275
corrupt logit diff -4.291594505310059
clean logit diff 3.2802915573120117
corrupt logit diff 2.751650333404541
clean logit diff 6.49595308303833
corrupt logit diff 4.566128730773926
clean logit diff 3.6088523864746094
corrupt logit diff 0.36354756355285645
clean logit diff 4.302183151245117
corrupt logit diff 1.1602139472961426
clean logit diff 5.468574047088623
corrupt logit diff 4.2332353591918945
clean logit diff 1.3923192024230957
corrupt logit diff -2.7342257499694824
clean logit diff 2.3555822372436523
corrupt logit diff -1.190742015838623
clean logit diff 1.6245317459106445
corrupt logit diff 1.1117515563964844
clean logit diff 1.4112379550933838
corrupt logit diff 1.6153411865234375
clean logit diff -0.41661691665649414
corrupt logit diff -1.860193133354187
clean logit diff 7.617094993591309
corrupt logit diff 3.6215744018554688
clean logit diff 3.370786666870117
corrupt logit diff -0.07844018936157227
clean logit diff 5.477931022644043
corrupt logit diff 1.2476577758789062
clean logit diff 2.244189977645874
corrupt logit diff 2.7675247192382812
clean logit diff 2.34995698928833
corrupt logit diff -0.4946928024291992
clean logit diff 0.9408769607543945
corrupt logit diff 0.8150994777679443
clean logit diff 0.3314046859741211
corrupt logit diff 0.46946585178375244
clean logit diff 3.2917709350585938
corrupt logit diff -2.7726149559020996
clean logit diff 4.43817138671875
corrupt logit diff 0.2926177978515625
clean logit diff 1.1279444694519043
corrupt logit diff -2.060173511505127
clean logit diff -1.0331581830978394
corrupt logit diff 0.058614253997802734
clean logit diff 2.655571699142456
corrupt logit diff 3.1004953384399414
clean logit diff 3.8011727333068848
corrupt logit diff 2.2636899948120117
clean logit diff -0.9986727237701416
corrupt logit diff -1.502551555633545
clean logit diff 2.9295172691345215
corrupt logit diff 2.093653678894043
clean logit diff 5.7321367263793945
corrupt logit diff 1.1854252815246582
clean logit diff 1.3245024681091309
corrupt logit diff 1.3304176330566406
clean logit diff 2.43039608001709
corrupt logit diff 2.5079965591430664
clean logit diff 1.4697893857955933
corrupt logit diff 1.1015095710754395
clean logit diff 2.8067257404327393
corrupt logit diff 3.0217583179473877
clean logit diff 4.745388031005859
corrupt logit diff 2.3746252059936523
clean logit diff -1.646287202835083
corrupt logit diff -1.5657613277435303
clean logit diff 3.525796890258789
corrupt logit diff 2.5371251106262207
clean logit diff 1.0216455459594727
corrupt logit diff 0.32414841651916504
clean logit diff 5.14470911026001
corrupt logit diff 1.9693207740783691
clean logit diff -1.9735150337219238
corrupt logit diff -3.406383514404297
clean logit diff 2.054172992706299
corrupt logit diff 0.7453054189682007
clean logit diff 4.418392181396484
corrupt logit diff 1.390834093093872
clean logit diff 2.895261764526367
corrupt logit diff 3.2249741554260254
clean logit diff 5.206180095672607
corrupt logit diff 3.272894859313965
clean logit diff 3.344153881072998
corrupt logit diff 3.4775161743164062
clean logit diff -1.353774070739746
corrupt logit diff -0.9758093357086182
clean logit diff 5.726107597351074
corrupt logit diff 3.4696693420410156
clean logit diff 5.834838390350342
corrupt logit diff 3.3099417686462402
clean logit diff 0.6083765029907227
corrupt logit diff -1.5240237712860107
clean logit diff -1.8638906478881836
corrupt logit diff -5.358797550201416
clean logit diff -3.8901500701904297
corrupt logit diff -2.3360705375671387
clean logit diff 8.345498085021973
corrupt logit diff 5.1377482414245605
clean logit diff 4.504053592681885
corrupt logit diff 2.321711540222168
clean logit diff 3.665724039077759
corrupt logit diff 1.3331298828125
clean logit diff 3.996168613433838
corrupt logit diff 2.052313804626465
clean logit diff 1.7493066787719727
corrupt logit diff 0.25314855575561523
clean logit diff 6.862948894500732
corrupt logit diff 4.1337971687316895
clean logit diff 8.26966667175293
corrupt logit diff 7.0554585456848145
clean logit diff 3.939051628112793
corrupt logit diff 3.399899482727051
clean logit diff 2.285740375518799
corrupt logit diff 0.8729758262634277
clean logit diff 5.1964826583862305
corrupt logit diff 1.055795669555664
clean logit diff 3.7455177307128906
corrupt logit diff 1.5033135414123535
clean logit diff 3.5780200958251953
corrupt logit diff 1.603003740310669
clean logit diff 6.53119421005249
corrupt logit diff -0.29210996627807617
clean logit diff 8.746733665466309
corrupt logit diff 3.714376211166382
clean logit diff 7.748563289642334
corrupt logit diff 3.0399608612060547
clean logit diff 3.7285757064819336
corrupt logit diff -1.5256843566894531
clean logit diff 4.047891616821289
corrupt logit diff 3.648958921432495
clean logit diff 2.7062313556671143
corrupt logit diff -1.0036942958831787
clean logit diff 3.4277403354644775
corrupt logit diff 2.489983320236206
clean logit diff 2.799156665802002
corrupt logit diff 3.0962812900543213
clean logit diff 2.120148181915283
corrupt logit diff 0.2547934055328369
clean logit diff 3.1653971672058105
corrupt logit diff -1.3443515300750732
clean logit diff 3.1066579818725586
corrupt logit diff -1.5378389358520508
clean logit diff 3.72509765625
corrupt logit diff 0.9397265911102295
clean logit diff 0.39041924476623535
corrupt logit diff 0.23878121376037598
clean logit diff -1.6411633491516113
corrupt logit diff -1.4206199645996094
clean logit diff 2.370245933532715
corrupt logit diff 1.2865426540374756
clean logit diff 1.266531229019165
corrupt logit diff 1.2490441799163818
clean logit diff -0.6764516830444336
corrupt logit diff -0.6446266174316406
clean logit diff 5.317877292633057
corrupt logit diff 3.0495004653930664
clean logit diff 1.2448382377624512
corrupt logit diff 1.2448382377624512
clean logit diff 0.5702357292175293
corrupt logit diff 0.5702357292175293
clean logit diff 4.417978763580322
corrupt logit diff 4.417978763580322
clean logit diff -5.139535903930664
corrupt logit diff -4.75826358795166
clean logit diff 1.2258121967315674
corrupt logit diff 1.7022767066955566
clean logit diff 2.368370532989502
corrupt logit diff 0.6319706439971924
clean logit diff -1.8057785034179688
corrupt logit diff -0.1828470230102539
clean logit diff 1.4831171035766602
corrupt logit diff 2.137054920196533
The PostScript backend does not support transparency; partially transparent artists will be rendered opaque.
The PostScript backend does not support transparency; partially transparent artists will be rendered opaque.
clean logit diff -2.615194320678711
corrupt logit diff -2.060779094696045
clean logit diff -3.5787832736968994
corrupt logit diff -1.6435556411743164
clean logit diff -0.10300159454345703
corrupt logit diff 0.08787250518798828
clean logit diff 0.2185511589050293
corrupt logit diff 0.04041624069213867
Top 34 heads to patch/zero: [(9, 3), (2, 22), (27, 6), (2, 7), (9, 15), (6, 9), (14, 18), (1, 5), (18, 6), (27, 1), (10, 12), (0, 4), (25, 20), (9, 18), (5, 0), (22, 16), (17, 8), (19, 7), (8, 9), (6, 23), (2, 8), (23, 15), (1, 15), (7, 8), (8, 12), (3, 22), (3, 16), (6, 11), (15, 0), (0, 20), (2, 23), (8, 3), (27, 9), (8, 18)]
Top 67 heads to patch/zero: [(9, 3), (2, 22), (27, 6), (2, 7), (9, 15), (6, 9), (14, 18), (1, 5), (18, 6), (27, 1), (10, 12), (0, 4), (25, 20), (9, 18), (5, 0), (22, 16), (17, 8), (19, 7), (8, 9), (6, 23), (2, 8), (23, 15), (1, 15), (7, 8), (8, 12), (3, 22), (3, 16), (6, 11), (15, 0), (0, 20), (2, 23), (8, 3), (27, 9), (8, 18), (14, 20), (16, 9), (27, 12), (5, 21), (7, 7), (15, 4), (14, 11), (24, 12), (7, 13), (11, 6), (16, 15), (11, 19), (10, 9), (19, 12), (16, 18), (16, 7), (4, 21), (27, 4), (4, 20), (3, 0), (2, 15), (9, 8), (11, 9), (10, 0), (16, 10), (13, 0), (3, 8), (10, 10), (14, 9), (27, 3), (25, 22), (11, 7), (11, 18)]
Top 168 heads to patch/zero: [(9, 3), (2, 22), (27, 6), (2, 7), (9, 15), (6, 9), (14, 18), (1, 5), (18, 6), (27, 1), (10, 12), (0, 4), (25, 20), (9, 18), (5, 0), (22, 16), (17, 8), (19, 7), (8, 9), (6, 23), (2, 8), (23, 15), (1, 15), (7, 8), (8, 12), (3, 22), (3, 16), (6, 11), (15, 0), (0, 20), (2, 23), (8, 3), (27, 9), (8, 18), (14, 20), (16, 9), (27, 12), (5, 21), (7, 7), (15, 4), (14, 11), (24, 12), (7, 13), (11, 6), (16, 15), (11, 19), (10, 9), (19, 12), (16, 18), (16, 7), (4, 21), (27, 4), (4, 20), (3, 0), (2, 15), (9, 8), (11, 9), (10, 0), (16, 10), (13, 0), (3, 8), (10, 10), (14, 9), (27, 3), (25, 22), (11, 7), (11, 18), (0, 17), (12, 0), (8, 14), (15, 18), (27, 7), (10, 11), (3, 5), (7, 10), (10, 7), (10, 18), (4, 23), (4, 6), (12, 14), (15, 22), (25, 23), (19, 5), (19, 8), (19, 1), (10, 15), (14, 19), (25, 18), (9, 5), (0, 3), (4, 19), (8, 13), (23, 14), (24, 9), (26, 19), (15, 3), (19, 9), (12, 1), (10, 17), (14, 16), (7, 18), (14, 6), (1, 18), (20, 10), (25, 0), (2, 1), (2, 5), (25, 19), (14, 7), (7, 19), (16, 20), (14, 0), (24, 10), (16, 1), (10, 22), (5, 22), (8, 15), (17, 7), (11, 22), (27, 8), (3, 13), (1, 14), (23, 18), (25, 15), (24, 11), (2, 3), (21, 21), (16, 14), (8, 0), (16, 0), (13, 3), (7, 1), (6, 21), (14, 21), (27, 19), (0, 5), (19, 10), (17, 19), (4, 17), (12, 7), (0, 19), (5, 15), (11, 14), (3, 21), (20, 15), (16, 21), (13, 5), (13, 14), (0, 16), (1, 1), (13, 23), (22, 0), (26, 15), (12, 12), (1, 11), (15, 12), (11, 4), (25, 7), (15, 21), (15, 16), (4, 13), (8, 21), (14, 15), (9, 14), (22, 12), (15, 1), (24, 21), (18, 2)]
