Device map: cuda
--------------------------------
Idiom: spill_the_beans
  Idiom prompt: The suspect was nervous as he spilled the beans, it was a big
  Literal prompt: The suspect was nervous as he spilled the drink, it was a big
  Idiom prompt: The suspect hesitated during questioning before he spilled the beans, it was a big
  Literal prompt: The suspect hesitated during questioning before he spilled the drink, it was a big
  Idiom prompt: The suspect felt a lot of pressure from the staring officer and he spilled the beans, it was a
  Literal prompt: The suspect felt a lot of pressure from the staring officer and he spilled the drink, it was a big
--------------------------------
--------------------------------
Idiom: break_the_ice
  Idiom prompt: The meeting was not going so well when the man decided to break the ice, it was a big
  Literal prompt: The meeting was not going so well when the man decided to break the bottle, it was a big
  Idiom prompt: It was an awkward party until the host chose to break the ice, it was a big
  Literal prompt: It was an awkward party until the host chose to break the bottle, it was a big
  Idiom prompt: The dinner party was going really well until the man thought he could break the ice, it was a big
  Literal prompt: The dinner party was going really well until the man thought he could break the bottle, it was a big
--------------------------------
--------------------------------
Idiom: pull_the_plug
  Idiom prompt: Everyone agreed it was time to pull the plug, the task was a
  Literal prompt: Everyone agreed it was time to pull the rope, the task was a
  Idiom prompt: The director decided it was time to pull the plug, the show was a
  Literal prompt: The director decided it was time to pull the rope, the show was a
  Idiom prompt: After a lot of planning the manager finally agreed to pull the plug, the project was a
  Literal prompt: After a lot of planning the manager finally agreed to pull the rope, the project was a
--------------------------------
--------------------------------
Idiom: bite_the_bullet
  Idiom prompt: The soldier decided he had no other option but to bite the bullet, he was being very
  Literal prompt: The soldier decided he had no other option but to bite the cookie, he was being very
  Idiom prompt: It was a horrible project but the team had no choice but to bite the bullet, they were being very
  Literal prompt: It was a horrible project but the team had no choice but to bite the cookie, they were being very
  Idiom prompt: At the end of the day no one wanted it but the man chose to bite the bullet, he was being very
  Literal prompt: At the end of the day no one wanted it but the man chose to bite the cookie, he was being very
--------------------------------
--------------------------------
Idiom: move_the_goalposts
  Idiom prompt: The boss decided it was time for a change and slowly moved the goalposts, he was being very
  Literal prompt: The boss decided it was time for a change and slowly moved the cabinets, he was being very
  Idiom prompt: The team had just reached every target before the boss moved the goalposts, he was being very
  Literal prompt: The team had just reached every target before the boss moved the cabinets, he was being very
  Idiom prompt: They had worked overnight to complete the tasks before the boss moved the goalposts, he was being very
  Literal prompt: They had worked overnight to complete the tasks before the boss moved the cabinets, he was being very
--------------------------------
--------------------------------
Idiom: blow_a_fuse
  Idiom prompt: After the party the man blew a fuse, he had become very
  Literal prompt: After the party the man blew a candle, he had become very
  Idiom prompt: Seeing the state of the house after the new year the man blew a fuse, he was being very
  Literal prompt: Seeing the state of the house after the new year the man blew a candle, he was being very
  Idiom prompt: When the test failed the man blew a fuse, he was being very
  Literal prompt: When the test failed the man blew a candle, he was being very
--------------------------------
--------------------------------
Idiom: turn_the_tables
  Idiom prompt: After a period of bad luck he was able to turn the tables, the man was finally
  Literal prompt: After a period of bad luck he was able to turn the handle, the man was finally
  Idiom prompt: Everyone thought that he was not trying his best but he was able to turn the tables, the man was finally
  Literal prompt: Everyone thought that he was not trying his best but he was able to turn the handle, the man was finally
  Idiom prompt: After struggling to pass the first obstacle he was able to turn the tables, the man was finally
  Literal prompt: After struggling to pass the first obstacle he was able to turn the handle, the man was finally
--------------------------------
--------------------------------
Idiom: muddy_the_waters
  Idiom prompt: The lawyer tried to muddy the waters, making the important case
  Literal prompt: The lawyer tried to muddy the weapon, making the important case
  Idiom prompt: The suspect was not being very honest when he tried to muddy the waters, making the important case
  Literal prompt: The suspect was not being very honest when he tried to muddy the weapon, making the important case
  Idiom prompt: The lawyer paid a criminal to muddy the waters, he made the case
  Literal prompt: The lawyer paid a criminal to muddy the weapon, he made the case
--------------------------------
--------------------------------
Idiom: make_a_splash
  Idiom prompt: The new artist wanted to make a splash, it was becoming a
  Literal prompt: The new artist wanted to make a sketch, it was becoming a
  Idiom prompt: The painter thought long and hard about his work so that he would make a splash, it was becoming a
  Literal prompt: The painter thought long and hard about his work so that he would make a sketch, it was becoming a
  Idiom prompt: The designer was ready to make a splash, it was turning into a
  Literal prompt: The designer was ready to make a sketch, it was turning into a
--------------------------------
--------------------------------
Idiom: buy_the_farm
  Idiom prompt: The brave man bought a motorbike and immediately bought the farm, so he is now
  Literal prompt: The brave man bought a motorbike and immediately bought the helmet, so he is now
  Idiom prompt: The young man rode a bulldozer for the first time and bought the farm, so he is now
  Literal prompt: The young man rode a bulldozer for the first time and bought the helmet, so he is now
  Idiom prompt: The unlucky man tried to learn how to ride a bike but he bought the farm, so he is now
  Literal prompt: The unlucky man tried to learn how to ride a bike but he bought the helmet, so he is now
--------------------------------
Running average MLP patching
14 14
14
comma token idx 9
15 15
15
comma token idx 10
20 21
20
comma token idx 16
20 20
20
comma token idx 15
18 18
18
comma token idx 13
21 21
21
comma token idx 16
14 14
14
comma token idx 9
15 15
15
comma token idx 10
18 18
18
comma token idx 13
18 18
18
comma token idx 13
21 21
21
comma token idx 16
23 23
23
comma token idx 18
20 19
19
comma token idx 14
19 18
18
comma token idx 13
20 19
19
comma token idx 14
13 13
13
comma token idx 8
20 20
20
comma token idx 15
14 14
14
comma token idx 9
18 18
18
comma token idx 13
22 22
22
comma token idx 17
19 19
19
comma token idx 14
12 12
12
comma token idx 7
19 19
19
comma token idx 14
14 14
14
comma token idx 9
13 13
13
comma token idx 8
21 21
21
comma token idx 16
14 14
14
comma token idx 8
17 17
17
comma token idx 12
20 20
20
comma token idx 15
21 21
21
comma token idx 16
Top 34 components to patch: [(0, 7), (2, 7), (4, 11), (10, 12), (0, 12), (5, 11), (1, 7), (4, 7), (0, 10), (5, 12), (9, 12), (4, 12), (0, 11), (7, 12), (3, 12), (6, 10), (1, 11), (1, 12), (3, 11), (3, 7), (2, 11), (4, 10), (5, 8), (10, 10), (4, 8), (9, 7), (8, 11), (7, 8), (2, 12), (9, 10), (3, 10), (1, 10), (0, 9), (5, 7)]
Top 67 components to patch: [(0, 7), (2, 7), (4, 11), (10, 12), (0, 12), (5, 11), (1, 7), (4, 7), (0, 10), (5, 12), (9, 12), (4, 12), (0, 11), (7, 12), (3, 12), (6, 10), (1, 11), (1, 12), (3, 11), (3, 7), (2, 11), (4, 10), (5, 8), (10, 10), (4, 8), (9, 7), (8, 11), (7, 8), (2, 12), (9, 10), (3, 10), (1, 10), (0, 9), (5, 7), (8, 8), (3, 8), (5, 10), (7, 10), (9, 11), (10, 8), (0, 8), (10, 11), (9, 8), (2, 8), (3, 5), (3, 2), (0, 2), (2, 5), (1, 0), (4, 3), (0, 0), (6, 0), (1, 1), (0, 3), (7, 5), (2, 2), (1, 2), (10, 5), (7, 0), (8, 4), (8, 0), (4, 1), (7, 3), (6, 1), (1, 6), (2, 4), (5, 1)]
Traceback (most recent call last):
  File "/home/40455223@eeecs.qub.ac.uk/idiom_comp/patching_next_token_llama.py", line 1938, in <module>
    run_average_mlp_patching(
  File "/home/40455223@eeecs.qub.ac.uk/idiom_comp/patching_next_token_llama.py", line 1150, in run_average_mlp_patching
    top_values, top_indices = torch.topk(flat_results, 168)
                              ^^^^^^^^^^^^^^^^^^^^^^^^^^^^^
RuntimeError: selected index k out of range
Device map: cuda
--------------------------------
Idiom: spill_the_beans
  Idiom prompt: The suspect was nervous as he spilled the beans, it was a big
  Literal prompt: The suspect was nervous as he spilled the drink, it was a big
  Idiom prompt: The suspect hesitated during questioning before he spilled the beans, it was a big
  Literal prompt: The suspect hesitated during questioning before he spilled the drink, it was a big
  Idiom prompt: The suspect felt a lot of pressure from the staring officer and he spilled the beans, it was a
  Literal prompt: The suspect felt a lot of pressure from the staring officer and he spilled the drink, it was a big
--------------------------------
--------------------------------
Idiom: break_the_ice
  Idiom prompt: The meeting was not going so well when the man decided to break the ice, it was a big
  Literal prompt: The meeting was not going so well when the man decided to break the bottle, it was a big
  Idiom prompt: It was an awkward party until the host chose to break the ice, it was a big
  Literal prompt: It was an awkward party until the host chose to break the bottle, it was a big
  Idiom prompt: The dinner party was going really well until the man thought he could break the ice, it was a big
  Literal prompt: The dinner party was going really well until the man thought he could break the bottle, it was a big
--------------------------------
--------------------------------
Idiom: pull_the_plug
  Idiom prompt: Everyone agreed it was time to pull the plug, the task was a
  Literal prompt: Everyone agreed it was time to pull the rope, the task was a
  Idiom prompt: The director decided it was time to pull the plug, the show was a
  Literal prompt: The director decided it was time to pull the rope, the show was a
  Idiom prompt: After a lot of planning the manager finally agreed to pull the plug, the project was a
  Literal prompt: After a lot of planning the manager finally agreed to pull the rope, the project was a
--------------------------------
--------------------------------
Idiom: bite_the_bullet
  Idiom prompt: The soldier decided he had no other option but to bite the bullet, he was being very
  Literal prompt: The soldier decided he had no other option but to bite the cookie, he was being very
  Idiom prompt: It was a horrible project but the team had no choice but to bite the bullet, they were being very
  Literal prompt: It was a horrible project but the team had no choice but to bite the cookie, they were being very
  Idiom prompt: At the end of the day no one wanted it but the man chose to bite the bullet, he was being very
  Literal prompt: At the end of the day no one wanted it but the man chose to bite the cookie, he was being very
--------------------------------
--------------------------------
Idiom: move_the_goalposts
  Idiom prompt: The boss decided it was time for a change and slowly moved the goalposts, he was being very
  Literal prompt: The boss decided it was time for a change and slowly moved the cabinets, he was being very
  Idiom prompt: The team had just reached every target before the boss moved the goalposts, he was being very
  Literal prompt: The team had just reached every target before the boss moved the cabinets, he was being very
  Idiom prompt: They had worked overnight to complete the tasks before the boss moved the goalposts, he was being very
  Literal prompt: They had worked overnight to complete the tasks before the boss moved the cabinets, he was being very
--------------------------------
--------------------------------
Idiom: blow_a_fuse
  Idiom prompt: After the party the man blew a fuse, he had become very
  Literal prompt: After the party the man blew a candle, he had become very
  Idiom prompt: Seeing the state of the house after the new year the man blew a fuse, he was being very
  Literal prompt: Seeing the state of the house after the new year the man blew a candle, he was being very
  Idiom prompt: When the test failed the man blew a fuse, he was being very
  Literal prompt: When the test failed the man blew a candle, he was being very
--------------------------------
--------------------------------
Idiom: turn_the_tables
  Idiom prompt: After a period of bad luck he was able to turn the tables, the man was finally
  Literal prompt: After a period of bad luck he was able to turn the handle, the man was finally
  Idiom prompt: Everyone thought that he was not trying his best but he was able to turn the tables, the man was finally
  Literal prompt: Everyone thought that he was not trying his best but he was able to turn the handle, the man was finally
  Idiom prompt: After struggling to pass the first obstacle he was able to turn the tables, the man was finally
  Literal prompt: After struggling to pass the first obstacle he was able to turn the handle, the man was finally
--------------------------------
--------------------------------
Idiom: muddy_the_waters
  Idiom prompt: The lawyer tried to muddy the waters, making the important case
  Literal prompt: The lawyer tried to muddy the weapon, making the important case
  Idiom prompt: The suspect was not being very honest when he tried to muddy the waters, making the important case
  Literal prompt: The suspect was not being very honest when he tried to muddy the weapon, making the important case
  Idiom prompt: The lawyer paid a criminal to muddy the waters, he made the case
  Literal prompt: The lawyer paid a criminal to muddy the weapon, he made the case
--------------------------------
--------------------------------
Idiom: make_a_splash
  Idiom prompt: The new artist wanted to make a splash, it was becoming a
  Literal prompt: The new artist wanted to make a sketch, it was becoming a
  Idiom prompt: The painter thought long and hard about his work so that he would make a splash, it was becoming a
  Literal prompt: The painter thought long and hard about his work so that he would make a sketch, it was becoming a
  Idiom prompt: The designer was ready to make a splash, it was turning into a
  Literal prompt: The designer was ready to make a sketch, it was turning into a
--------------------------------
--------------------------------
Idiom: buy_the_farm
  Idiom prompt: The brave man bought a motorbike and immediately bought the farm, so he is now
  Literal prompt: The brave man bought a motorbike and immediately bought the helmet, so he is now
  Idiom prompt: The young man rode a bulldozer for the first time and bought the farm, so he is now
  Literal prompt: The young man rode a bulldozer for the first time and bought the helmet, so he is now
  Idiom prompt: The unlucky man tried to learn how to ride a bike but he bought the farm, so he is now
  Literal prompt: The unlucky man tried to learn how to ride a bike but he bought the helmet, so he is now
--------------------------------
Running average MLP patching
14 14
14
comma token idx 9
15 15
15
comma token idx 10
20 21
20
comma token idx 16
20 20
20
comma token idx 15
18 18
18
comma token idx 13
21 21
21
comma token idx 16
14 14
14
comma token idx 9
15 15
15
comma token idx 10
18 18
18
comma token idx 13
18 18
18
comma token idx 13
21 21
21
comma token idx 16
23 23
23
comma token idx 18
20 19
19
comma token idx 14
19 18
18
comma token idx 13
20 19
19
comma token idx 14
13 13
13
comma token idx 8
20 20
20
comma token idx 15
14 14
14
comma token idx 9
18 18
18
comma token idx 13
22 22
22
comma token idx 17
19 19
19
comma token idx 14
12 12
12
comma token idx 7
19 19
19
comma token idx 14
14 14
14
comma token idx 9
13 13
13
comma token idx 8
21 21
21
comma token idx 16
14 14
14
comma token idx 8
17 17
17
comma token idx 12
20 20
20
comma token idx 15
21 21
21
comma token idx 16
Top 10% MLP neuron dimensions: [(11, 1736), (11, 1632), (9, 788), (9, 2742), (11, 2226), (10, 2014), (11, 2709), (11, 1043), (4, 3070), (11, 1576), (9, 804), (11, 2910), (6, 1825), (9, 2406), (11, 1611), (4, 2884), (11, 2600), (9, 476), (10, 2089), (10, 2336), (4, 598), (10, 3057), (9, 1954), (8, 106), (10, 3007), (8, 2686), (4, 2187), (10, 2941), (8, 2386), (11, 965), (6, 1742), (8, 3060), (7, 703), (7, 1748), (11, 1395), (11, 259), (7, 1677), (11, 896), (6, 868), (7, 2669), (5, 506), (4, 979), (2, 2830), (10, 1179), (6, 1443), (10, 2444), (10, 2883), (11, 524), (11, 2984), (10, 1636), (8, 1973), (6, 1416), (10, 2935), (7, 210), (0, 1175), (8, 113), (0, 2970), (11, 2890), (9, 682), (8, 2039), (10, 2775), (11, 2738), (10, 2297), (8, 947), (10, 2515), (11, 611), (10, 3045), (7, 2976), (9, 831), (11, 2835), (9, 134), (11, 2671), (11, 324), (7, 581), (11, 1421), (8, 2822), (9, 2798), (11, 683), (10, 1771), (11, 2555), (10, 1545), (10, 456), (10, 1470), (6, 2737), (10, 2442), (8, 1110), (9, 1936), (11, 2794), (3, 957), (9, 2732), (9, 364), (8, 392), (9, 840), (8, 2116), (7, 2288), (7, 3002), (10, 29), (4, 157), (10, 1884), (9, 2813), (5, 1780), (9, 1500), (10, 969), (10, 50), (7, 2764), (6, 1684), (11, 1863), (10, 1095), (7, 798), (10, 2884), (7, 906), (7, 1676), (6, 1768), (8, 1534), (0, 2587), (11, 95), (9, 501), (4, 1829), (9, 1860), (8, 1253), (10, 2648), (10, 1347), (10, 1466), (11, 2690), (9, 2105), (6, 2359), (7, 383), (6, 647), (9, 2639), (10, 1783), (10, 582), (9, 2972), (10, 372), (8, 776), (4, 2415), (7, 1365), (6, 1142), (6, 99), (5, 2380), (10, 2768), (10, 440), (9, 1351), (11, 2128), (10, 2731), (6, 1985), (11, 2045), (6, 2192), (5, 2504), (8, 1094), (10, 2247), (9, 700), (7, 2115), (7, 1136), (10, 1962), (8, 2252), (9, 2408), (9, 692), (8, 1047), (6, 2830), (7, 676), (10, 1660), (7, 484), (10, 1973), (5, 3000), (8, 1357), (11, 2589), (9, 2759), (7, 1130), (10, 2964), (10, 1383), (7, 435), (11, 1531), (9, 60), (6, 827), (4, 485), (10, 1559), (8, 692), (7, 1035), (9, 2624), (10, 1509), (7, 2920), (11, 2029), (6, 2234), (11, 971), (11, 1025), (11, 994), (11, 1148), (11, 1974), (11, 1074), (7, 1028), (10, 1382), (8, 1200), (9, 2789), (9, 439), (8, 2011), (11, 2782), (6, 2401), (7, 2369), (6, 2661), (6, 906), (2, 2769), (5, 2963), (8, 2991), (9, 255), (9, 1642), (4, 2320), (11, 1413), (11, 752), (10, 2205), (11, 917), (11, 2903), (5, 1434), (11, 1998), (7, 1685), (11, 2328), (6, 3028), (11, 1374), (10, 20), (8, 2435), (8, 148), (6, 203), (8, 29), (10, 1815), (11, 869), (8, 1340), (4, 317), (10, 1503), (10, 974), (11, 626), (11, 3), (9, 1889), (9, 2940), (5, 2061), (10, 1489), (11, 1217), (8, 948), (11, 1075), (3, 1747), (11, 193), (9, 1181), (8, 1184), (11, 1586), (6, 2182), (10, 55), (9, 1029), (11, 764), (4, 632), (9, 1963), (8, 941), (6, 2041), (7, 662), (9, 2228), (8, 32), (11, 1236), (11, 540), (6, 3055), (10, 530), (9, 1046), (7, 2938), (10, 380), (9, 990), (11, 1035), (4, 729), (11, 600), (5, 2105), (9, 2114), (10, 2588), (8, 1202), (10, 2390), (9, 1044), (9, 247), (9, 2565), (11, 2494), (11, 374), (10, 1749), (10, 3061), (9, 714), (10, 862), (9, 176), (10, 113), (5, 2710), (8, 133), (11, 1927), (11, 2459), (8, 749), (10, 17), (6, 2483), (9, 1371), (8, 1203), (9, 2812), (8, 1321), (6, 44), (10, 255), (11, 1946), (7, 73), (9, 2646), (9, 1948), (8, 1319), (9, 492), (8, 327), (7, 2152), (9, 485), (7, 385), (9, 865), (10, 2185), (11, 802), (8, 2097)]
Top 25% MLP neuron dimensions: [(11, 1736), (11, 1632), (9, 788), (9, 2742), (11, 2226), (10, 2014), (11, 2709), (11, 1043), (4, 3070), (11, 1576), (9, 804), (11, 2910), (6, 1825), (9, 2406), (11, 1611), (4, 2884), (11, 2600), (9, 476), (10, 2089), (10, 2336), (4, 598), (10, 3057), (9, 1954), (8, 106), (10, 3007), (8, 2686), (4, 2187), (10, 2941), (8, 2386), (11, 965), (6, 1742), (8, 3060), (7, 703), (7, 1748), (11, 1395), (11, 259), (7, 1677), (11, 896), (6, 868), (7, 2669), (5, 506), (4, 979), (2, 2830), (10, 1179), (6, 1443), (10, 2444), (10, 2883), (11, 524), (11, 2984), (10, 1636), (8, 1973), (6, 1416), (10, 2935), (7, 210), (0, 1175), (8, 113), (0, 2970), (11, 2890), (9, 682), (8, 2039), (10, 2775), (11, 2738), (10, 2297), (8, 947), (10, 2515), (11, 611), (10, 3045), (7, 2976), (9, 831), (11, 2835), (9, 134), (11, 2671), (11, 324), (7, 581), (11, 1421), (8, 2822), (9, 2798), (11, 683), (10, 1771), (11, 2555), (10, 1545), (10, 456), (10, 1470), (6, 2737), (10, 2442), (8, 1110), (9, 1936), (11, 2794), (3, 957), (9, 2732), (9, 364), (8, 392), (9, 840), (8, 2116), (7, 2288), (7, 3002), (10, 29), (4, 157), (10, 1884), (9, 2813), (5, 1780), (9, 1500), (10, 969), (10, 50), (7, 2764), (6, 1684), (11, 1863), (10, 1095), (7, 798), (10, 2884), (7, 906), (7, 1676), (6, 1768), (8, 1534), (0, 2587), (11, 95), (9, 501), (4, 1829), (9, 1860), (8, 1253), (10, 2648), (10, 1347), (10, 1466), (11, 2690), (9, 2105), (6, 2359), (7, 383), (6, 647), (9, 2639), (10, 1783), (10, 582), (9, 2972), (10, 372), (8, 776), (4, 2415), (7, 1365), (6, 1142), (6, 99), (5, 2380), (10, 2768), (10, 440), (9, 1351), (11, 2128), (10, 2731), (6, 1985), (11, 2045), (6, 2192), (5, 2504), (8, 1094), (10, 2247), (9, 700), (7, 2115), (7, 1136), (10, 1962), (8, 2252), (9, 2408), (9, 692), (8, 1047), (6, 2830), (7, 676), (10, 1660), (7, 484), (10, 1973), (5, 3000), (8, 1357), (11, 2589), (9, 2759), (7, 1130), (10, 2964), (10, 1383), (7, 435), (11, 1531), (9, 60), (6, 827), (4, 485), (10, 1559), (8, 692), (7, 1035), (9, 2624), (10, 1509), (7, 2920), (11, 2029), (6, 2234), (11, 971), (11, 1025), (11, 994), (11, 1148), (11, 1974), (11, 1074), (7, 1028), (10, 1382), (8, 1200), (9, 2789), (9, 439), (8, 2011), (11, 2782), (6, 2401), (7, 2369), (6, 2661), (6, 906), (2, 2769), (5, 2963), (8, 2991), (9, 255), (9, 1642), (4, 2320), (11, 1413), (11, 752), (10, 2205), (11, 917), (11, 2903), (5, 1434), (11, 1998), (7, 1685), (11, 2328), (6, 3028), (11, 1374), (10, 20), (8, 2435), (8, 148), (6, 203), (8, 29), (10, 1815), (11, 869), (8, 1340), (4, 317), (10, 1503), (10, 974), (11, 626), (11, 3), (9, 1889), (9, 2940), (5, 2061), (10, 1489), (11, 1217), (8, 948), (11, 1075), (3, 1747), (11, 193), (9, 1181), (8, 1184), (11, 1586), (6, 2182), (10, 55), (9, 1029), (11, 764), (4, 632), (9, 1963), (8, 941), (6, 2041), (7, 662), (9, 2228), (8, 32), (11, 1236), (11, 540), (6, 3055), (10, 530), (9, 1046), (7, 2938), (10, 380), (9, 990), (11, 1035), (4, 729), (11, 600), (5, 2105), (9, 2114), (10, 2588), (8, 1202), (10, 2390), (9, 1044), (9, 247), (9, 2565), (11, 2494), (11, 374), (10, 1749), (10, 3061), (9, 714), (10, 862), (9, 176), (10, 113), (5, 2710), (8, 133), (11, 1927), (11, 2459), (8, 749), (10, 17), (6, 2483), (9, 1371), (8, 1203), (9, 2812), (8, 1321), (6, 44), (10, 255), (11, 1946), (7, 73), (9, 2646), (9, 1948), (8, 1319), (9, 492), (8, 327), (7, 2152), (9, 485), (7, 385), (9, 865), (10, 2185), (11, 802), (8, 2097), (3, 1473), (10, 2885), (10, 1766), (5, 921), (6, 410), (6, 84), (9, 2056), (11, 1575), (9, 2451), (9, 978), (6, 583), (7, 2620), (5, 522), (8, 973), (10, 191), (8, 1706), (6, 2267), (10, 2066), (4, 174), (11, 1965), (6, 271), (8, 515), (0, 254), (7, 1816), (9, 25), (8, 2368), (6, 1418), (10, 2375), (9, 2074), (5, 1284), (10, 176), (5, 2500), (9, 2843), (10, 901), (5, 2743), (8, 1410), (9, 1480), (5, 2720), (7, 2476), (11, 1755), (7, 2116), (6, 1936), (10, 2287), (10, 602), (8, 1566), (6, 2940), (9, 2613), (8, 1553), (8, 23), (11, 996), (7, 1468), (9, 820), (8, 576), (10, 200), (7, 348), (5, 408), (9, 628), (7, 628), (4, 2203), (7, 1729), (7, 950), (11, 3038), (11, 669), (10, 514), (4, 244), (8, 1741), (11, 1367), (4, 2056), (10, 623), (6, 3037), (5, 130), (7, 2281), (9, 3056), (9, 2637), (10, 1143), (9, 1794), (2, 3056), (11, 2720), (9, 2829), (9, 659), (7, 2952), (11, 673), (11, 987), (6, 2502), (6, 1952), (10, 2435), (10, 2944), (3, 629), (10, 1774), (11, 2539), (11, 2342), (9, 1950), (8, 1258), (10, 2480), (7, 1695), (8, 2540), (11, 640), (9, 1070), (10, 661), (9, 1188), (10, 375), (10, 1672), (10, 349), (10, 2425), (10, 100), (7, 2267), (8, 2600), (5, 1771), (9, 2962), (11, 458), (8, 908), (10, 1121), (9, 227), (7, 735), (6, 578), (11, 921), (10, 345), (11, 3039), (9, 1780), (8, 1414), (11, 2607), (9, 761), (7, 260), (6, 2079), (11, 1774), (5, 1006), (8, 1259), (7, 1188), (11, 1287), (8, 1943), (8, 1122), (10, 796), (7, 2206), (10, 2316), (8, 2410), (7, 583), (7, 3007), (7, 1750), (6, 777), (5, 2512), (11, 217), (9, 779), (11, 2463), (10, 129), (10, 1631), (11, 2822), (10, 77), (6, 2582), (7, 519), (10, 1711), (8, 1563), (5, 1233), (10, 2248), (9, 1235), (11, 2230), (8, 1245), (6, 2909), (9, 980), (11, 1010), (8, 1584), (8, 658), (8, 2135), (8, 1026), (11, 1099), (10, 2776), (10, 2318), (11, 1831), (8, 560), (10, 1341), (9, 1286), (10, 1176), (10, 719), (5, 1097), (9, 1402), (7, 2119), (9, 1043), (9, 2281), (10, 2475), (7, 97), (11, 1358), (7, 670), (11, 776), (5, 2794), (5, 2472), (9, 1703), (5, 1407), (10, 1408), (8, 2194), (10, 1535), (10, 1128), (11, 635), (11, 1910), (5, 1792), (6, 305), (11, 2022), (6, 2593), (7, 827), (6, 595), (7, 2688), (11, 200), (6, 2037), (10, 1109), (6, 3048), (6, 3039), (9, 455), (11, 2361), (8, 835), (9, 678), (6, 24), (10, 3020), (11, 264), (9, 2015), (10, 900), (5, 362), (9, 933), (2, 1101), (9, 1787), (8, 2363), (9, 2598), (5, 567), (10, 2074), (7, 2320), (8, 284), (10, 2178), (11, 1284), (11, 648), (6, 153), (11, 487), (5, 261), (11, 1349), (3, 3006), (10, 2104), (9, 1708), (6, 1269), (10, 827), (11, 1137), (6, 2163), (6, 646), (11, 2702), (7, 1223), (6, 2245), (10, 495), (11, 848), (10, 671), (6, 911), (4, 1059), (7, 2844), (10, 307), (4, 59), (11, 2727), (11, 1748), (9, 21), (7, 2237), (5, 701), (10, 928), (5, 1176), (4, 698), (11, 2100), (6, 1895), (4, 2689), (10, 2087), (11, 2940), (8, 1022), (8, 1592), (9, 1013), (5, 2770), (7, 2905), (8, 1813), (8, 652), (10, 408), (11, 2875), (3, 580), (7, 1632), (7, 2832), (9, 2525), (11, 2972), (11, 2941), (8, 3040), (6, 2591), (9, 171), (7, 26), (10, 401), (10, 2546), (7, 364), (10, 2387), (10, 2711), (9, 2249), (8, 1904), (9, 357), (9, 561), (9, 689), (5, 409), (9, 574), (7, 246), (7, 834), (4, 1189), (11, 1804), (11, 2568), (4, 875), (7, 1789), (10, 2212), (10, 630), (6, 2751), (5, 458), (8, 1344), (11, 1049), (10, 2145), (10, 2753), (6, 383), (7, 1467), (6, 2257), (11, 322), (7, 1520), (6, 659), (9, 479), (7, 913), (10, 89), (11, 727), (6, 1290), (11, 2353), (7, 1689), (4, 1337), (8, 1701), (7, 818), (8, 3000), (6, 1911), (7, 2549), (5, 956), (8, 993), (10, 2282), (9, 2052), (8, 1713), (8, 174), (10, 1130), (9, 1088), (7, 1464), (8, 1995), (5, 1197), (11, 2408), (4, 2028), (9, 774), (4, 2335), (7, 2072), (7, 1286), (7, 2887), (5, 478), (6, 1228), (6, 430), (8, 2262), (4, 704), (7, 2151), (11, 422), (8, 1640), (9, 803), (8, 2268), (11, 1013), (7, 1281), (11, 1343), (9, 2570), (4, 720), (9, 1095), (5, 276), (9, 984), (7, 2273), (10, 2432), (7, 21), (7, 596), (9, 2561), (6, 2231), (11, 2958), (1, 880), (11, 762), (6, 1638), (9, 483), (6, 545), (10, 1137), (9, 1927), (11, 2924), (7, 3049), (7, 590), (9, 1068), (11, 2849), (10, 966), (10, 2899), (5, 1571), (8, 2226), (10, 1879), (7, 1571), (11, 2691), (4, 1497), (6, 218), (11, 978), (8, 2728), (11, 2759), (11, 2493), (7, 2398), (7, 1575), (5, 2538), (5, 495), (6, 2331), (10, 1649), (9, 712), (9, 1163), (6, 1905), (7, 801), (10, 1743), (11, 2599), (11, 738), (8, 534), (11, 159), (11, 1031), (5, 2933), (7, 1104), (5, 1801), (11, 1053), (10, 829), (4, 1777), (11, 2663), (9, 1117), (9, 547), (5, 2785), (10, 478), (9, 1603), (2, 885), (7, 734), (10, 2459), (8, 246), (8, 2832), (6, 2674), (7, 850), (8, 977), (4, 978), (5, 1274), (6, 1235), (10, 838), (11, 2622), (4, 2011), (7, 1246), (11, 480), (8, 1494), (6, 748), (9, 2083), (11, 1306), (11, 2183), (9, 409), (10, 1870), (11, 740), (11, 330), (10, 950), (11, 3065), (6, 1712), (11, 1251), (5, 1093), (7, 2302), (11, 143), (8, 2576), (9, 1399), (7, 1082), (8, 629), (9, 611), (9, 559)]
