Device map: cuda
--------------------------------
Idiom: spill_the_beans
  Idiom prompt: The suspect was nervous as he spilled the beans, it was a big
  Literal prompt: The suspect was nervous as he spilled the drink, it was a big
  Idiom prompt: The suspect hesitated during questioning before he spilled the beans, it was a big
  Literal prompt: The suspect hesitated during questioning before he spilled the drink, it was a big
  Idiom prompt: The suspect felt a lot of pressure from the staring officer and he spilled the beans, it was a
  Literal prompt: The suspect felt a lot of pressure from the staring officer and he spilled the drink, it was a big
--------------------------------
--------------------------------
Idiom: break_the_ice
  Idiom prompt: The meeting was not going so well when the man decided to break the ice, it was a big
  Literal prompt: The meeting was not going so well when the man decided to break the bottle, it was a big
  Idiom prompt: It was an awkward party until the host chose to break the ice, it was a big
  Literal prompt: It was an awkward party until the host chose to break the bottle, it was a big
  Idiom prompt: The dinner party was going really well until the man thought he could break the ice, it was a big
  Literal prompt: The dinner party was going really well until the man thought he could break the bottle, it was a big
--------------------------------
--------------------------------
Idiom: pull_the_plug
  Idiom prompt: Everyone agreed it was time to pull the plug, the task was a
  Literal prompt: Everyone agreed it was time to pull the rope, the task was a
  Idiom prompt: The director decided it was time to pull the plug, the show was a
  Literal prompt: The director decided it was time to pull the rope, the show was a
  Idiom prompt: After a lot of planning the manager finally agreed to pull the plug, the project was a
  Literal prompt: After a lot of planning the manager finally agreed to pull the rope, the project was a
--------------------------------
--------------------------------
Idiom: bite_the_bullet
  Idiom prompt: The soldier decided he had no other option but to bite the bullet, he was being very
  Literal prompt: The soldier decided he had no other option but to bite the cookie, he was being very
  Idiom prompt: It was a horrible project but the team had no choice but to bite the bullet, they were being very
  Literal prompt: It was a horrible project but the team had no choice but to bite the cookie, they were being very
  Idiom prompt: At the end of the day no one wanted it but the man chose to bite the bullet, he was being very
  Literal prompt: At the end of the day no one wanted it but the man chose to bite the cookie, he was being very
--------------------------------
--------------------------------
Idiom: move_the_goalposts
  Idiom prompt: The boss decided it was time for a change and slowly moved the goalposts, he was being very
  Literal prompt: The boss decided it was time for a change and slowly moved the cabinets, he was being very
  Idiom prompt: The team had just reached every target before the boss moved the goalposts, he was being very
  Literal prompt: The team had just reached every target before the boss moved the cabinets, he was being very
  Idiom prompt: They had worked overnight to complete the tasks before the boss moved the goalposts, he was being very
  Literal prompt: They had worked overnight to complete the tasks before the boss moved the cabinets, he was being very
--------------------------------
--------------------------------
Idiom: blow_a_fuse
  Idiom prompt: After the party the man blew a fuse, he had become very
  Literal prompt: After the party the man blew a candle, he had become very
  Idiom prompt: Seeing the state of the house after the new year the man blew a fuse, he was being very
  Literal prompt: Seeing the state of the house after the new year the man blew a candle, he was being very
  Idiom prompt: When the test failed the man blew a fuse, he was being very
  Literal prompt: When the test failed the man blew a candle, he was being very
--------------------------------
--------------------------------
Idiom: turn_the_tables
  Idiom prompt: After a period of bad luck he was able to turn the tables, the man was finally
  Literal prompt: After a period of bad luck he was able to turn the handle, the man was finally
  Idiom prompt: Everyone thought that he was not trying his best but he was able to turn the tables, the man was finally
  Literal prompt: Everyone thought that he was not trying his best but he was able to turn the handle, the man was finally
  Idiom prompt: After struggling to pass the first obstacle he was able to turn the tables, the man was finally
  Literal prompt: After struggling to pass the first obstacle he was able to turn the handle, the man was finally
--------------------------------
--------------------------------
Idiom: muddy_the_waters
  Idiom prompt: The lawyer tried to muddy the waters, making the important case
  Literal prompt: The lawyer tried to muddy the weapon, making the important case
  Idiom prompt: The suspect was not being very honest when he tried to muddy the waters, making the important case
  Literal prompt: The suspect was not being very honest when he tried to muddy the weapon, making the important case
  Idiom prompt: The lawyer paid a criminal to muddy the waters, he made the case
  Literal prompt: The lawyer paid a criminal to muddy the weapon, he made the case
--------------------------------
--------------------------------
Idiom: make_a_splash
  Idiom prompt: The new artist wanted to make a splash, it was becoming a
  Literal prompt: The new artist wanted to make a sketch, it was becoming a
  Idiom prompt: The painter thought long and hard about his work so that he would make a splash, it was becoming a
  Literal prompt: The painter thought long and hard about his work so that he would make a sketch, it was becoming a
  Idiom prompt: The designer was ready to make a splash, it was turning into a
  Literal prompt: The designer was ready to make a sketch, it was turning into a
--------------------------------
--------------------------------
Idiom: buy_the_farm
  Idiom prompt: The brave man bought a motorbike and immediately bought the farm, so he is now
  Literal prompt: The brave man bought a motorbike and immediately bought the helmet, so he is now
  Idiom prompt: The young man rode a bulldozer for the first time and bought the farm, so he is now
  Literal prompt: The young man rode a bulldozer for the first time and bought the helmet, so he is now
  Idiom prompt: The unlucky man tried to learn how to ride a bike but he bought the farm, so he is now
  Literal prompt: The unlucky man tried to learn how to ride a bike but he bought the helmet, so he is now
--------------------------------
Running average MLP patching
16 16
16
comma token idx 11
Loading checkpoint shards:   0%|          | 0/2 [00:00<?, ?it/s]Loading checkpoint shards:  50%|█████     | 1/2 [00:05<00:05,  5.71s/it]Loading checkpoint shards: 100%|██████████| 2/2 [00:10<00:00,  4.90s/it]Loading checkpoint shards: 100%|██████████| 2/2 [00:10<00:00,  5.02s/it]
17 17
17
comma token idx 12
22 23
22
comma token idx 18
21 21
21
comma token idx 16
19 19
19
comma token idx 14
22 22
22
comma token idx 17
15 15
15
comma token idx 10
16 16
16
comma token idx 11
19 19
19
comma token idx 14
19 19
19
comma token idx 14
22 22
22
comma token idx 17
24 24
24
comma token idx 19
21 21
21
comma token idx 16
20 20
20
comma token idx 15
21 21
21
comma token idx 16
15 14
14
comma token idx 9
23 22
22
comma token idx 17
16 15
15
comma token idx 10
19 19
19
comma token idx 14
23 23
23
comma token idx 18
21 21
21
comma token idx 16
14 14
14
comma token idx 9
21 21
21
comma token idx 16
16 16
16
comma token idx 11
15 14
14
comma token idx 9
23 22
22
comma token idx 17
16 15
15
comma token idx 9
19 19
19
comma token idx 14
23 23
23
comma token idx 18
24 24
24
comma token idx 19
Top 10% MLP neuron dimensions: [(31, 7971), (28, 13778), (30, 5629), (18, 12257), (31, 11442), (31, 4609), (29, 9986), (20, 11362), (28, 357), (31, 5786), (29, 8158), (26, 8699), (31, 10188), (31, 12408), (31, 7413), (31, 6320), (29, 1254), (31, 880), (29, 3744), (26, 1749), (30, 6672), (29, 13845), (31, 5521), (27, 2929), (27, 13215), (29, 1679), (23, 2617), (29, 6779), (31, 7014), (31, 3250), (28, 14180), (27, 13698), (26, 5922), (28, 11423), (31, 2201), (30, 8219), (31, 4835), (20, 9931), (31, 8071), (28, 1302), (31, 645), (30, 8617), (31, 10171), (30, 5113), (31, 11917), (28, 9465), (28, 4826), (23, 5888), (31, 11797), (31, 710), (30, 12688), (31, 233), (27, 4883), (31, 10127), (29, 5388), (30, 12699), (31, 1226), (30, 11995), (22, 11139), (31, 8035), (23, 3863), (31, 4596), (28, 10919), (31, 9348), (30, 89), (31, 12302), (24, 551), (30, 1060), (31, 8459), (31, 12809), (27, 11543), (31, 3513), (31, 4446), (31, 14031), (31, 4883), (30, 3223), (27, 11392), (31, 11175), (25, 11683), (31, 14087), (29, 13206), (30, 12456), (31, 1394), (31, 453), (30, 5136), (23, 7550), (27, 8564), (30, 7484), (29, 5834), (24, 2033), (20, 5256), (30, 7628), (25, 4233), (29, 1532), (29, 9374), (30, 6283), (31, 13172), (30, 2161), (24, 3831), (23, 470), (30, 8302), (28, 11692), (31, 5194), (25, 13427), (30, 14219), (31, 12033), (18, 1009), (29, 13531), (30, 6709), (31, 13980), (30, 633), (31, 2151), (29, 2063), (31, 4050), (23, 12793), (21, 1170), (30, 6730), (28, 5931), (20, 8416), (29, 14275), (30, 618), (30, 13134), (30, 6088), (31, 6732), (28, 2493), (25, 4009), (31, 12303), (31, 1271), (20, 4229), (30, 10284), (29, 9008), (28, 6533), (31, 11335), (26, 5818), (22, 5624), (25, 281), (30, 12250), (22, 10051), (28, 178), (30, 7003), (24, 12821), (31, 2496), (30, 12178), (30, 5427), (31, 6190), (30, 9238), (27, 8615), (31, 6593), (29, 7697), (29, 11981), (30, 6848), (31, 4033), (30, 10314), (26, 12703), (31, 3519), (21, 1810), (29, 5199), (26, 13791), (23, 4864), (28, 84), (31, 12115), (16, 31), (29, 2533), (31, 2022), (24, 11922), (24, 9059), (31, 12133), (31, 13592), (28, 3150), (30, 8116), (16, 5451), (31, 11185), (25, 13690), (31, 8813), (31, 1133), (20, 5629), (28, 4723), (25, 9016), (26, 2863), (31, 9582), (30, 10432), (30, 3038), (30, 612), (30, 7181), (28, 12428), (31, 8570), (31, 8835), (30, 8121), (26, 12788), (28, 1080), (24, 2353), (31, 12973), (31, 2434), (30, 2896), (30, 8722), (29, 3035), (31, 13490), (27, 11906), (30, 2139), (29, 9204), (26, 2723), (31, 6958), (28, 7779), (31, 13643), (29, 11958), (25, 14058), (17, 8796), (21, 2757), (31, 2734), (31, 8967), (19, 6405), (27, 1953), (28, 561), (30, 2572), (31, 7919), (31, 3219), (31, 2045), (31, 4545), (23, 13796), (28, 1752), (30, 6495), (26, 4252), (28, 1207), (31, 13723), (30, 11165), (31, 9603), (31, 9221), (31, 11673), (28, 13500), (27, 6468), (31, 4477), (29, 3975), (31, 6961), (26, 3421), (30, 940), (23, 14120), (30, 8205), (31, 8424), (31, 347), (29, 8894), (30, 553), (31, 10804), (30, 11009), (28, 3285), (27, 2394), (22, 5925), (25, 6744), (31, 3824), (28, 13345), (31, 5164), (29, 9652), (31, 7897), (31, 10977), (25, 10459), (31, 7770), (25, 7656), (26, 8943), (27, 73), (31, 13029), (30, 11623), (17, 7117), (29, 11003), (31, 5952), (28, 10236), (18, 9261), (19, 8097), (31, 13709), (21, 6746), (29, 4746), (31, 3114), (27, 12589), (29, 4383), (18, 8427), (19, 12543), (25, 7214), (30, 107), (29, 2973), (31, 5071), (29, 12108), (28, 9524), (27, 2300), (30, 6347), (16, 12005), (31, 4919), (28, 9331), (31, 10476), (27, 6782), (23, 947), (31, 12027), (29, 4766), (30, 3542), (30, 12761), (31, 10491), (26, 14148), (30, 8666), (30, 11903), (27, 1115), (30, 5458), (29, 3405), (29, 7049), (26, 1137), (31, 4195), (29, 12259), (28, 13657), (30, 3182), (30, 2451), (29, 12927), (26, 12209), (31, 7178), (29, 12031), (27, 9423), (31, 9420), (30, 8711), (28, 7046), (31, 4821), (31, 14078), (28, 12539), (31, 4941), (22, 2575), (18, 8213), (27, 9130), (19, 1789), (17, 2850), (18, 550), (24, 5238), (31, 3999), (31, 12323), (30, 366), (21, 8405), (30, 2906), (21, 2231), (31, 9875), (20, 2987), (29, 8338), (31, 2043), (29, 1434), (31, 12080), (28, 6110), (31, 4116), (31, 14234), (29, 6359), (26, 13764), (29, 9432), (31, 7844), (30, 3338), (21, 6692), (27, 9773), (31, 6179), (31, 882), (24, 13358), (27, 4747), (30, 9103), (28, 821), (24, 12840), (31, 8978), (24, 1830), (31, 12880), (31, 13160), (29, 1669), (30, 7527), (29, 11953), (31, 14173), (28, 9416), (28, 7747), (23, 11638), (26, 128), (31, 1635), (29, 4146), (30, 6789), (31, 2926), (31, 1614), (30, 11987), (29, 13190), (30, 13323), (30, 12207), (29, 9007), (24, 8721), (29, 12610), (27, 13886), (12, 4166), (18, 891), (31, 8862), (27, 5570), (28, 11363), (30, 11344), (28, 1905), (29, 4301), (24, 2834), (31, 12453), (29, 3660), (31, 2320), (30, 8497), (31, 7170), (28, 8593), (22, 12105), (31, 6629), (29, 11074), (31, 9943), (31, 5127), (30, 13073), (31, 9195), (22, 5991), (28, 10164), (30, 7766), (31, 2299), (31, 8391), (27, 1089), (31, 13823), (31, 12003), (28, 2943), (30, 9711), (31, 2399), (31, 6621), (31, 9098), (28, 8851), (23, 8593), (31, 8563), (30, 12891), (31, 8715), (29, 5588), (31, 13415), (31, 12734), (31, 13918), (31, 13781), (24, 5142), (25, 13447), (24, 2554), (29, 6355), (28, 3878), (17, 13916), (28, 8942), (31, 6010), (31, 8817), (31, 3475), (29, 6802), (23, 5357), (25, 13302), (30, 3704), (25, 13633), (30, 13206), (29, 9045), (15, 8712), (31, 10195), (31, 10995), (30, 9733), (25, 7823), (31, 7914), (31, 2850), (28, 8258), (31, 11801), (17, 4827), (30, 8229), (20, 7016), (31, 8601), (17, 11825), (31, 8839), (26, 1451), (31, 7832), (19, 1481), (31, 13304), (29, 779), (28, 5012), (30, 3017), (31, 8260), (31, 4029), (26, 575), (30, 3894), (26, 10431), (29, 2476), (30, 8359), (24, 6551), (31, 6760), (22, 11535), (22, 8327), (31, 11193), (30, 1905), (30, 10738), (31, 2440), (29, 4972), (29, 5397), (26, 5765), (24, 2620), (31, 6091), (31, 9387), (30, 3048), (31, 8293), (31, 7838), (31, 10620), (30, 11148), (31, 13876), (27, 2792), (28, 8080), (26, 4107), (29, 13344), (31, 473), (31, 2072), (23, 381), (30, 572), (25, 8645), (30, 1850), (29, 4717), (31, 12258), (30, 9060), (30, 2398), (26, 1474), (30, 7221), (31, 13340), (28, 25), (26, 2893), (31, 611), (20, 11852), (29, 621), (31, 13060), (21, 1087), (30, 11494), (29, 12710), (29, 7893), (31, 5265), (26, 3136), (31, 13913), (26, 3003), (29, 7084), (27, 3761), (31, 12905), (30, 3774), (25, 11132), (20, 10709), (27, 4748), (30, 3613), (31, 12321), (31, 3754), (23, 1052), (31, 6481), (25, 2643), (25, 12682), (31, 631), (28, 9569), (16, 9531), (22, 5336), (31, 2430), (30, 6033), (26, 5989), (21, 3537), (31, 8816), (31, 2675), (29, 3806), (31, 7673), (31, 5453), (29, 3925), (30, 4592), (31, 3909), (28, 7844), (31, 7299), (31, 1858), (28, 9103), (31, 7619), (31, 5672), (29, 2971), (31, 4869), (26, 2663), (30, 140), (23, 9326), (24, 12259), (31, 3781), (31, 4704), (26, 6194), (31, 4453), (30, 778), (30, 13010), (29, 3241), (21, 2062), (30, 12794), (29, 11699), (30, 11556), (30, 9030), (25, 4836), (28, 515), (30, 4212), (29, 8271), (31, 5744), (31, 7226), (30, 3051), (29, 4273), (31, 7735), (30, 384), (31, 8733), (24, 13393), (31, 12242), (17, 2607), (30, 9757), (31, 6460), (28, 6292), (31, 6005), (31, 11989), (30, 6946), (29, 5135), (21, 3011), (31, 13241), (27, 3299), (30, 9823), (26, 13202), (29, 592), (19, 4947), (30, 1138), (22, 7234), (30, 11541), (30, 3585), (31, 10284), (27, 4271), (22, 13817), (29, 5562), (29, 6411), (30, 2745), (27, 10390), (30, 3881), (31, 13064), (28, 13211), (30, 10445), (31, 11170), (28, 14313), (21, 10388), (30, 7068), (31, 1217), (31, 7079), (31, 12502), (30, 4093), (30, 14202), (28, 8321), (30, 13497), (30, 754), (31, 7960), (22, 4267), (31, 13853), (17, 2169), (30, 13539), (31, 13080), (27, 2278), (25, 1059), (31, 10452), (31, 13917), (31, 7150), (31, 12488), (22, 5518), (31, 10488), (26, 2336), (28, 12502), (31, 365), (31, 5412), (28, 10754), (19, 4413), (19, 10918), (30, 5863), (31, 369), (31, 10218), (27, 12197), (25, 6829), (16, 8488), (30, 12633), (30, 11729), (31, 7878), (30, 5953), (28, 11631), (31, 9315), (31, 458), (27, 4227), (30, 13948), (30, 1955), (28, 439), (25, 2669), (31, 11574), (31, 5911), (31, 8169), (27, 4251), (29, 11796), (31, 779), (27, 741), (31, 4208), (17, 7069), (31, 10765), (28, 11441), (28, 468), (31, 265), (28, 5268), (25, 1636), (31, 11613), (23, 9317), (28, 123), (26, 3902), (29, 6525), (29, 5499), (28, 11563), (27, 11476), (26, 3457), (20, 11066), (31, 3446), (31, 229), (27, 13372), (22, 5907), (27, 4385), (23, 6017), (31, 9584), (24, 3543), (31, 8686), (31, 1801), (28, 9274), (28, 3460), (22, 13846), (23, 8176), (24, 1429), (30, 2206), (16, 666), (29, 5933), (31, 1164), (30, 2001), (28, 11126), (31, 2036), (26, 10111), (29, 8622), (27, 3712), (31, 1818), (31, 1866), (23, 10957), (25, 9923), (31, 13009), (31, 3851), (31, 8458), (25, 2347), (29, 1263), (31, 8578), (30, 3249), (21, 13884), (31, 12802), (30, 9007), (31, 10039), (31, 6114), (31, 8986), (28, 11269), (25, 7422), (31, 8266), (31, 4918), (30, 13343), (31, 6266), (28, 8340), (28, 9361), (30, 14059), (25, 10388), (30, 14069), (31, 5045), (23, 3311), (31, 2922), (31, 5626), (31, 3516), (20, 11028), (31, 2646), (30, 2250), (30, 684), (17, 9961), (29, 1159), (30, 10888), (25, 5061), (31, 7710), (31, 10462), (31, 10938), (31, 12638), (31, 3894), (27, 4826), (26, 10720), (29, 115), (21, 2440), (25, 11296), (23, 9905), (18, 6387), (21, 8584), (31, 12786), (28, 10750), (29, 1410), (30, 11553), (30, 7487), (28, 2930), (30, 5420), (19, 322), (17, 6300), (31, 2808), (30, 10937), (29, 12081), (30, 441), (26, 209), (20, 12909), (29, 14318), (31, 3878), (31, 10281), (29, 7866), (31, 10219), (29, 9121), (28, 11928), (30, 341), (26, 1297), (30, 8337), (23, 3979), (30, 7330), (22, 8893), (31, 2730), (29, 9730), (28, 13355), (22, 10401), (25, 6772), (30, 12731), (15, 3243), (31, 1113), (30, 1274), (25, 3181), (27, 4863), (29, 8307), (30, 12754), (29, 11941), (23, 11136), (30, 12231), (21, 6540), (31, 10629), (31, 5569), (21, 4805), (27, 13597), (28, 7011), (29, 5500), (18, 10471), (29, 9032), (28, 649), (30, 6630), (29, 6793), (31, 6812), (28, 3888), (31, 9320), (30, 5261), (31, 8056), (29, 1126), (28, 5469), (30, 11718), (31, 13543), (25, 13743), (29, 11665), (27, 10569), (24, 14081), (31, 1834), (31, 8749), (27, 5038), (23, 5564), (31, 13762), (28, 13921), (30, 993), (31, 9171), (27, 2301), (30, 3149), (30, 4876), (30, 776), (29, 1540), (19, 13912), (31, 6850), (16, 8046), (30, 2703), (31, 6027), (31, 14239), (31, 4318), (24, 13306), (30, 5900), (30, 8069), (23, 6743), (27, 5736), (30, 10153), (27, 11630), (26, 4715), (31, 1720), (31, 4924), (31, 11906), (31, 7487), (30, 8917), (30, 610), (24, 1937), (30, 7393), (28, 4601), (25, 6702), (30, 2811), (27, 12997), (31, 7418), (29, 5566), (29, 12557), (30, 5057), (31, 4438), (31, 2602), (31, 13263), (29, 2376), (31, 377), (29, 4462), (31, 2790), (30, 13498), (30, 8547), (31, 3220), (25, 12362), (25, 5435), (28, 6171), (27, 5645), (27, 4316), (30, 2146), (31, 11419), (26, 9769), (31, 760), (31, 12595), (26, 11148), (31, 10166), (27, 14163), (30, 12042), (29, 3339), (25, 1887), (23, 5387), (29, 10115), (30, 8914), (30, 8480), (31, 11607), (31, 9397), (20, 12478), (29, 12657), (31, 4309), (31, 6489), (30, 7332), (20, 12796), (30, 7352), (31, 3686), (24, 2361), (29, 681), (28, 3808), (31, 8751), (31, 13504), (31, 2008), (30, 10640), (24, 10841), (19, 14281), (31, 9101), (30, 13168), (28, 5762), (31, 12960), (31, 6207), (31, 8917), (25, 6224), (31, 4727), (29, 9859), (31, 7849), (18, 3067), (30, 9369), (31, 6688), (23, 6336), (30, 11542), (30, 10171), (30, 8998), (31, 12140), (29, 841), (28, 3122), (28, 7145), (26, 6632), (30, 11294), (31, 315), (21, 7661), (30, 13482), (31, 7166), (19, 11165), (25, 1746), (29, 7523), (31, 12887), (17, 3621), (31, 12932), (31, 13691), (28, 11134), (31, 12299), (24, 6342), (25, 3384), (24, 8599), (31, 7581), (31, 3993), (31, 12902), (30, 13287), (29, 529), (31, 3953), (31, 2300), (30, 11828), (31, 12690), (25, 11807), (31, 9280), (30, 13098), (31, 14082), (29, 7886), (30, 7645), (19, 2211), (25, 12171), (29, 11356), (31, 10402), (31, 8797), (20, 5644), (19, 11212), (30, 14092), (24, 10936), (21, 6697), (23, 4935), (31, 11583), (16, 1162), (31, 10887), (31, 11501), (31, 2308), (30, 5387), (31, 6625), (29, 14257), (29, 13230), (31, 4215), (19, 10027), (26, 3707), (27, 12681), (21, 9949), (30, 13298), (26, 2560), (26, 13687), (17, 2838), (31, 6052), (18, 2776), (30, 7661), (28, 10991), (31, 6885), (30, 7637), (30, 7277), (19, 5282), (22, 12579), (31, 4808), (31, 13159), (31, 12943), (29, 3676), (27, 766), (31, 8178), (22, 10492), (28, 8061), (31, 8949), (30, 14167), (24, 10009), (27, 9857), (31, 7376), (31, 13771), (23, 552), (27, 62), (30, 13611), (26, 9180), (31, 1120), (19, 8845), (19, 7660), (30, 4875), (31, 6803), (22, 11203), (17, 4858), (25, 5956), (30, 7679), (23, 8862), (18, 14080), (31, 12206), (31, 13171), (30, 2669), (29, 11393), (30, 13615), (20, 1786), (31, 2353), (31, 13954), (30, 8025), (30, 13660), (23, 8243), (31, 13266), (30, 14016), (19, 8600), (28, 4550), (27, 1593), (25, 12432), (31, 9379), (23, 3368), (16, 7017), (30, 2393), (19, 8028), (31, 1588), (24, 8705), (23, 646), (31, 12467), (15, 12206), (31, 10895), (31, 13707), (22, 9282), (29, 10445), (27, 2574), (24, 5338), (24, 26), (18, 6753), (26, 5253), (28, 13090), (28, 6528), (30, 9964), (19, 9925), (27, 13259), (21, 14085), (25, 4908), (21, 1848), (28, 7722), (28, 9015), (28, 5398), (25, 5738), (30, 8514), (30, 6102), (24, 5729), (23, 1200), (28, 12426), (31, 11522), (30, 513), (31, 2383), (30, 6340), (30, 6700), (31, 5695), (31, 6104), (31, 8307), (31, 6361), (29, 6481), (31, 5397), (25, 5982), (24, 6285), (29, 11385), (31, 2386), (31, 565), (30, 12446), (29, 2340), (31, 5091), (31, 4152), (12, 11114), (29, 13154), (29, 1689), (26, 589), (28, 13469), (30, 998), (25, 9464), (23, 14224), (31, 1712), (31, 1077), (27, 991), (22, 10862), (31, 7789), (31, 5836), (31, 3643), (31, 7132), (25, 5054), (31, 10501), (20, 162), (31, 3311), (28, 6394), (31, 530), (28, 13493), (31, 1738), (19, 2111), (28, 5358), (20, 9184), (30, 6860), (31, 6003), (31, 8932), (27, 3763), (31, 11959), (20, 4531), (30, 12719), (22, 7773), (31, 13372), (31, 11535), (29, 8827), (28, 9224), (29, 12934), (28, 4406), (29, 12854), (30, 11396), (31, 11866), (27, 6071), (29, 7282), (23, 13054), (29, 3424), (25, 3098), (27, 11595), (19, 11788), (25, 9820), (18, 1903), (26, 13097), (19, 13425), (14, 10101), (30, 2990), (30, 14223), (25, 2387), (31, 6375), (29, 8140), (18, 10169), (28, 3881), (29, 11589), (31, 7151), (29, 219), (25, 7993), (30, 2301), (29, 8310), (31, 12616), (31, 5816), (31, 6168), (30, 13333), (31, 3013), (30, 3299), (27, 8030), (10, 6787), (26, 2313), (31, 4903), (31, 73), (31, 13419), (27, 10793), (31, 13225), (31, 11509), (30, 13897), (30, 10035), (24, 7417), (31, 9338), (19, 8515), (29, 11927), (31, 11693), (20, 13328), (30, 12797), (22, 2028), (26, 8230), (25, 800), (31, 4700), (31, 12741), (23, 4104), (30, 10776), (29, 10850), (21, 7546), (31, 686), (27, 8073), (28, 12496), (28, 11109), (28, 7285), (26, 7743), (30, 9050), (28, 9881), (29, 11700), (26, 13528), (31, 9009), (25, 6692), (29, 3852), (27, 11730), (30, 1958), (28, 1346), (29, 135), (27, 9351), (26, 7572), (21, 6618), (30, 2201), (31, 584), (31, 8905), (28, 711), (30, 759), (27, 13442), (26, 5183), (26, 13249), (28, 1174), (31, 167), (31, 5832), (31, 4250), (31, 7994), (30, 1631), (19, 11306), (31, 13004), (14, 13180), (31, 11624), (30, 1090), (17, 2058), (30, 1805), (30, 7941), (30, 2792), (30, 6108), (24, 6831), (15, 8237), (31, 2782), (31, 877), (18, 14333), (30, 7717), (25, 6594), (26, 573), (18, 1478), (31, 9685), (30, 10003), (31, 7810), (29, 4401), (24, 6247), (29, 1317), (31, 10794), (28, 12467), (30, 7191), (30, 320), (27, 1780), (29, 6081), (27, 13661), (24, 14025), (31, 613), (31, 11484), (30, 13334), (23, 5811), (27, 3650), (31, 10556), (31, 13413), (28, 5208), (21, 4102), (18, 5855), (30, 5993), (31, 11586), (30, 7759), (29, 572), (30, 2279), (30, 4245), (29, 14035), (21, 13310), (18, 6811), (27, 7862), (18, 9999), (31, 687), (31, 2617), (31, 9607), (30, 13820), (21, 543), (29, 5646), (30, 3246), (28, 3827), (29, 13345), (29, 9340), (27, 10953), (27, 13370), (30, 8774), (22, 11625), (31, 9067), (30, 6595), (23, 12780), (30, 10747), (31, 9506), (31, 13014), (28, 8146), (28, 2907), (31, 5272), (30, 327), (30, 11893), (29, 2678), (24, 501), (31, 10451), (31, 7787), (30, 10456), (31, 11960), (30, 14042), (24, 11020), (30, 10443), (23, 10088), (20, 8700), (31, 8279), (29, 5355), (17, 8143), (28, 6033), (17, 6907), (26, 9286), (25, 6818), (30, 10999), (25, 10665), (29, 1016), (30, 4435), (30, 8100), (29, 8086), (30, 4029), (19, 6467), (31, 7502), (31, 10544), (17, 8254), (17, 4281), (31, 4445), (31, 5350), (21, 10622), (15, 2538), (31, 7653), (27, 7901), (24, 12394), (31, 10772), (29, 8386), (31, 5520), (31, 3374), (30, 11649), (29, 8728), (29, 809), (30, 4315), (16, 10428), (16, 9280), (27, 1336), (31, 273), (30, 1036), (31, 8272), (31, 14034), (28, 10384), (31, 6269), (17, 11149), (31, 1380), (24, 12563), (25, 5493), (30, 12418), (22, 7671), (29, 13429), (30, 14212), (28, 12976), (31, 8628), (30, 12277), (30, 4634), (27, 12339), (31, 8122), (31, 1695), (30, 372), (26, 10339), (29, 5812), (28, 10987), (30, 2042), (20, 4408), (30, 9), (30, 9985), (31, 11770), (30, 5840), (30, 12075), (29, 1054), (29, 371), (31, 845), (31, 8372), (31, 4692), (20, 11733), (31, 10827), (24, 7467), (31, 6454)]
Top 25% MLP neuron dimensions: [(31, 7971), (28, 13778), (30, 5629), (18, 12257), (31, 11442), (31, 4609), (29, 9986), (20, 11362), (28, 357), (31, 5786), (29, 8158), (26, 8699), (31, 10188), (31, 12408), (31, 7413), (31, 6320), (29, 1254), (31, 880), (29, 3744), (26, 1749), (30, 6672), (29, 13845), (31, 5521), (27, 2929), (27, 13215), (29, 1679), (23, 2617), (29, 6779), (31, 7014), (31, 3250), (28, 14180), (27, 13698), (26, 5922), (28, 11423), (31, 2201), (30, 8219), (31, 4835), (20, 9931), (31, 8071), (28, 1302), (31, 645), (30, 8617), (31, 10171), (30, 5113), (31, 11917), (28, 9465), (28, 4826), (23, 5888), (31, 11797), (31, 710), (30, 12688), (31, 233), (27, 4883), (31, 10127), (29, 5388), (30, 12699), (31, 1226), (30, 11995), (22, 11139), (31, 8035), (23, 3863), (31, 4596), (28, 10919), (31, 9348), (30, 89), (31, 12302), (24, 551), (30, 1060), (31, 8459), (31, 12809), (27, 11543), (31, 3513), (31, 4446), (31, 14031), (31, 4883), (30, 3223), (27, 11392), (31, 11175), (25, 11683), (31, 14087), (29, 13206), (30, 12456), (31, 1394), (31, 453), (30, 5136), (23, 7550), (27, 8564), (30, 7484), (29, 5834), (24, 2033), (20, 5256), (30, 7628), (25, 4233), (29, 1532), (29, 9374), (30, 6283), (31, 13172), (30, 2161), (24, 3831), (23, 470), (30, 8302), (28, 11692), (31, 5194), (25, 13427), (30, 14219), (31, 12033), (18, 1009), (29, 13531), (30, 6709), (31, 13980), (30, 633), (31, 2151), (29, 2063), (31, 4050), (23, 12793), (21, 1170), (30, 6730), (28, 5931), (20, 8416), (29, 14275), (30, 618), (30, 13134), (30, 6088), (31, 6732), (28, 2493), (25, 4009), (31, 12303), (31, 1271), (20, 4229), (30, 10284), (29, 9008), (28, 6533), (31, 11335), (26, 5818), (22, 5624), (25, 281), (30, 12250), (22, 10051), (28, 178), (30, 7003), (24, 12821), (31, 2496), (30, 12178), (30, 5427), (31, 6190), (30, 9238), (27, 8615), (31, 6593), (29, 7697), (29, 11981), (30, 6848), (31, 4033), (30, 10314), (26, 12703), (31, 3519), (21, 1810), (29, 5199), (26, 13791), (23, 4864), (28, 84), (31, 12115), (16, 31), (29, 2533), (31, 2022), (24, 11922), (24, 9059), (31, 12133), (31, 13592), (28, 3150), (30, 8116), (16, 5451), (31, 11185), (25, 13690), (31, 8813), (31, 1133), (20, 5629), (28, 4723), (25, 9016), (26, 2863), (31, 9582), (30, 10432), (30, 3038), (30, 612), (30, 7181), (28, 12428), (31, 8570), (31, 8835), (30, 8121), (26, 12788), (28, 1080), (24, 2353), (31, 12973), (31, 2434), (30, 2896), (30, 8722), (29, 3035), (31, 13490), (27, 11906), (30, 2139), (29, 9204), (26, 2723), (31, 6958), (28, 7779), (31, 13643), (29, 11958), (25, 14058), (17, 8796), (21, 2757), (31, 2734), (31, 8967), (19, 6405), (27, 1953), (28, 561), (30, 2572), (31, 7919), (31, 3219), (31, 2045), (31, 4545), (23, 13796), (28, 1752), (30, 6495), (26, 4252), (28, 1207), (31, 13723), (30, 11165), (31, 9603), (31, 9221), (31, 11673), (28, 13500), (27, 6468), (31, 4477), (29, 3975), (31, 6961), (26, 3421), (30, 940), (23, 14120), (30, 8205), (31, 8424), (31, 347), (29, 8894), (30, 553), (31, 10804), (30, 11009), (28, 3285), (27, 2394), (22, 5925), (25, 6744), (31, 3824), (28, 13345), (31, 5164), (29, 9652), (31, 7897), (31, 10977), (25, 10459), (31, 7770), (25, 7656), (26, 8943), (27, 73), (31, 13029), (30, 11623), (17, 7117), (29, 11003), (31, 5952), (28, 10236), (18, 9261), (19, 8097), (31, 13709), (21, 6746), (29, 4746), (31, 3114), (27, 12589), (29, 4383), (18, 8427), (19, 12543), (25, 7214), (30, 107), (29, 2973), (31, 5071), (29, 12108), (28, 9524), (27, 2300), (30, 6347), (16, 12005), (31, 4919), (28, 9331), (31, 10476), (27, 6782), (23, 947), (31, 12027), (29, 4766), (30, 3542), (30, 12761), (31, 10491), (26, 14148), (30, 8666), (30, 11903), (27, 1115), (30, 5458), (29, 3405), (29, 7049), (26, 1137), (31, 4195), (29, 12259), (28, 13657), (30, 3182), (30, 2451), (29, 12927), (26, 12209), (31, 7178), (29, 12031), (27, 9423), (31, 9420), (30, 8711), (28, 7046), (31, 4821), (31, 14078), (28, 12539), (31, 4941), (22, 2575), (18, 8213), (27, 9130), (19, 1789), (17, 2850), (18, 550), (24, 5238), (31, 3999), (31, 12323), (30, 366), (21, 8405), (30, 2906), (21, 2231), (31, 9875), (20, 2987), (29, 8338), (31, 2043), (29, 1434), (31, 12080), (28, 6110), (31, 4116), (31, 14234), (29, 6359), (26, 13764), (29, 9432), (31, 7844), (30, 3338), (21, 6692), (27, 9773), (31, 6179), (31, 882), (24, 13358), (27, 4747), (30, 9103), (28, 821), (24, 12840), (31, 8978), (24, 1830), (31, 12880), (31, 13160), (29, 1669), (30, 7527), (29, 11953), (31, 14173), (28, 9416), (28, 7747), (23, 11638), (26, 128), (31, 1635), (29, 4146), (30, 6789), (31, 2926), (31, 1614), (30, 11987), (29, 13190), (30, 13323), (30, 12207), (29, 9007), (24, 8721), (29, 12610), (27, 13886), (12, 4166), (18, 891), (31, 8862), (27, 5570), (28, 11363), (30, 11344), (28, 1905), (29, 4301), (24, 2834), (31, 12453), (29, 3660), (31, 2320), (30, 8497), (31, 7170), (28, 8593), (22, 12105), (31, 6629), (29, 11074), (31, 9943), (31, 5127), (30, 13073), (31, 9195), (22, 5991), (28, 10164), (30, 7766), (31, 2299), (31, 8391), (27, 1089), (31, 13823), (31, 12003), (28, 2943), (30, 9711), (31, 2399), (31, 6621), (31, 9098), (28, 8851), (23, 8593), (31, 8563), (30, 12891), (31, 8715), (29, 5588), (31, 13415), (31, 12734), (31, 13918), (31, 13781), (24, 5142), (25, 13447), (24, 2554), (29, 6355), (28, 3878), (17, 13916), (28, 8942), (31, 6010), (31, 8817), (31, 3475), (29, 6802), (23, 5357), (25, 13302), (30, 3704), (25, 13633), (30, 13206), (29, 9045), (15, 8712), (31, 10195), (31, 10995), (30, 9733), (25, 7823), (31, 7914), (31, 2850), (28, 8258), (31, 11801), (17, 4827), (30, 8229), (20, 7016), (31, 8601), (17, 11825), (31, 8839), (26, 1451), (31, 7832), (19, 1481), (31, 13304), (29, 779), (28, 5012), (30, 3017), (31, 8260), (31, 4029), (26, 575), (30, 3894), (26, 10431), (29, 2476), (30, 8359), (24, 6551), (31, 6760), (22, 11535), (22, 8327), (31, 11193), (30, 1905), (30, 10738), (31, 2440), (29, 4972), (29, 5397), (26, 5765), (24, 2620), (31, 6091), (31, 9387), (30, 3048), (31, 8293), (31, 7838), (31, 10620), (30, 11148), (31, 13876), (27, 2792), (28, 8080), (26, 4107), (29, 13344), (31, 473), (31, 2072), (23, 381), (30, 572), (25, 8645), (30, 1850), (29, 4717), (31, 12258), (30, 9060), (30, 2398), (26, 1474), (30, 7221), (31, 13340), (28, 25), (26, 2893), (31, 611), (20, 11852), (29, 621), (31, 13060), (21, 1087), (30, 11494), (29, 12710), (29, 7893), (31, 5265), (26, 3136), (31, 13913), (26, 3003), (29, 7084), (27, 3761), (31, 12905), (30, 3774), (25, 11132), (20, 10709), (27, 4748), (30, 3613), (31, 12321), (31, 3754), (23, 1052), (31, 6481), (25, 2643), (25, 12682), (31, 631), (28, 9569), (16, 9531), (22, 5336), (31, 2430), (30, 6033), (26, 5989), (21, 3537), (31, 8816), (31, 2675), (29, 3806), (31, 7673), (31, 5453), (29, 3925), (30, 4592), (31, 3909), (28, 7844), (31, 7299), (31, 1858), (28, 9103), (31, 7619), (31, 5672), (29, 2971), (31, 4869), (26, 2663), (30, 140), (23, 9326), (24, 12259), (31, 3781), (31, 4704), (26, 6194), (31, 4453), (30, 778), (30, 13010), (29, 3241), (21, 2062), (30, 12794), (29, 11699), (30, 11556), (30, 9030), (25, 4836), (28, 515), (30, 4212), (29, 8271), (31, 5744), (31, 7226), (30, 3051), (29, 4273), (31, 7735), (30, 384), (31, 8733), (24, 13393), (31, 12242), (17, 2607), (30, 9757), (31, 6460), (28, 6292), (31, 6005), (31, 11989), (30, 6946), (29, 5135), (21, 3011), (31, 13241), (27, 3299), (30, 9823), (26, 13202), (29, 592), (19, 4947), (30, 1138), (22, 7234), (30, 11541), (30, 3585), (31, 10284), (27, 4271), (22, 13817), (29, 5562), (29, 6411), (30, 2745), (27, 10390), (30, 3881), (31, 13064), (28, 13211), (30, 10445), (31, 11170), (28, 14313), (21, 10388), (30, 7068), (31, 1217), (31, 7079), (31, 12502), (30, 4093), (30, 14202), (28, 8321), (30, 13497), (30, 754), (31, 7960), (22, 4267), (31, 13853), (17, 2169), (30, 13539), (31, 13080), (27, 2278), (25, 1059), (31, 10452), (31, 13917), (31, 7150), (31, 12488), (22, 5518), (31, 10488), (26, 2336), (28, 12502), (31, 365), (31, 5412), (28, 10754), (19, 4413), (19, 10918), (30, 5863), (31, 369), (31, 10218), (27, 12197), (25, 6829), (16, 8488), (30, 12633), (30, 11729), (31, 7878), (30, 5953), (28, 11631), (31, 9315), (31, 458), (27, 4227), (30, 13948), (30, 1955), (28, 439), (25, 2669), (31, 11574), (31, 5911), (31, 8169), (27, 4251), (29, 11796), (31, 779), (27, 741), (31, 4208), (17, 7069), (31, 10765), (28, 11441), (28, 468), (31, 265), (28, 5268), (25, 1636), (31, 11613), (23, 9317), (28, 123), (26, 3902), (29, 6525), (29, 5499), (28, 11563), (27, 11476), (26, 3457), (20, 11066), (31, 3446), (31, 229), (27, 13372), (22, 5907), (27, 4385), (23, 6017), (31, 9584), (24, 3543), (31, 8686), (31, 1801), (28, 9274), (28, 3460), (22, 13846), (23, 8176), (24, 1429), (30, 2206), (16, 666), (29, 5933), (31, 1164), (30, 2001), (28, 11126), (31, 2036), (26, 10111), (29, 8622), (27, 3712), (31, 1818), (31, 1866), (23, 10957), (25, 9923), (31, 13009), (31, 3851), (31, 8458), (25, 2347), (29, 1263), (31, 8578), (30, 3249), (21, 13884), (31, 12802), (30, 9007), (31, 10039), (31, 6114), (31, 8986), (28, 11269), (25, 7422), (31, 8266), (31, 4918), (30, 13343), (31, 6266), (28, 8340), (28, 9361), (30, 14059), (25, 10388), (30, 14069), (31, 5045), (23, 3311), (31, 2922), (31, 5626), (31, 3516), (20, 11028), (31, 2646), (30, 2250), (30, 684), (17, 9961), (29, 1159), (30, 10888), (25, 5061), (31, 7710), (31, 10462), (31, 10938), (31, 12638), (31, 3894), (27, 4826), (26, 10720), (29, 115), (21, 2440), (25, 11296), (23, 9905), (18, 6387), (21, 8584), (31, 12786), (28, 10750), (29, 1410), (30, 11553), (30, 7487), (28, 2930), (30, 5420), (19, 322), (17, 6300), (31, 2808), (30, 10937), (29, 12081), (30, 441), (26, 209), (20, 12909), (29, 14318), (31, 3878), (31, 10281), (29, 7866), (31, 10219), (29, 9121), (28, 11928), (30, 341), (26, 1297), (30, 8337), (23, 3979), (30, 7330), (22, 8893), (31, 2730), (29, 9730), (28, 13355), (22, 10401), (25, 6772), (30, 12731), (15, 3243), (31, 1113), (30, 1274), (25, 3181), (27, 4863), (29, 8307), (30, 12754), (29, 11941), (23, 11136), (30, 12231), (21, 6540), (31, 10629), (31, 5569), (21, 4805), (27, 13597), (28, 7011), (29, 5500), (18, 10471), (29, 9032), (28, 649), (30, 6630), (29, 6793), (31, 6812), (28, 3888), (31, 9320), (30, 5261), (31, 8056), (29, 1126), (28, 5469), (30, 11718), (31, 13543), (25, 13743), (29, 11665), (27, 10569), (24, 14081), (31, 1834), (31, 8749), (27, 5038), (23, 5564), (31, 13762), (28, 13921), (30, 993), (31, 9171), (27, 2301), (30, 3149), (30, 4876), (30, 776), (29, 1540), (19, 13912), (31, 6850), (16, 8046), (30, 2703), (31, 6027), (31, 14239), (31, 4318), (24, 13306), (30, 5900), (30, 8069), (23, 6743), (27, 5736), (30, 10153), (27, 11630), (26, 4715), (31, 1720), (31, 4924), (31, 11906), (31, 7487), (30, 8917), (30, 610), (24, 1937), (30, 7393), (28, 4601), (25, 6702), (30, 2811), (27, 12997), (31, 7418), (29, 5566), (29, 12557), (30, 5057), (31, 4438), (31, 2602), (31, 13263), (29, 2376), (31, 377), (29, 4462), (31, 2790), (30, 13498), (30, 8547), (31, 3220), (25, 12362), (25, 5435), (28, 6171), (27, 5645), (27, 4316), (30, 2146), (31, 11419), (26, 9769), (31, 760), (31, 12595), (26, 11148), (31, 10166), (27, 14163), (30, 12042), (29, 3339), (25, 1887), (23, 5387), (29, 10115), (30, 8914), (30, 8480), (31, 11607), (31, 9397), (20, 12478), (29, 12657), (31, 4309), (31, 6489), (30, 7332), (20, 12796), (30, 7352), (31, 3686), (24, 2361), (29, 681), (28, 3808), (31, 8751), (31, 13504), (31, 2008), (30, 10640), (24, 10841), (19, 14281), (31, 9101), (30, 13168), (28, 5762), (31, 12960), (31, 6207), (31, 8917), (25, 6224), (31, 4727), (29, 9859), (31, 7849), (18, 3067), (30, 9369), (31, 6688), (23, 6336), (30, 11542), (30, 10171), (30, 8998), (31, 12140), (29, 841), (28, 3122), (28, 7145), (26, 6632), (30, 11294), (31, 315), (21, 7661), (30, 13482), (31, 7166), (19, 11165), (25, 1746), (29, 7523), (31, 12887), (17, 3621), (31, 12932), (31, 13691), (28, 11134), (31, 12299), (24, 6342), (25, 3384), (24, 8599), (31, 7581), (31, 3993), (31, 12902), (30, 13287), (29, 529), (31, 3953), (31, 2300), (30, 11828), (31, 12690), (25, 11807), (31, 9280), (30, 13098), (31, 14082), (29, 7886), (30, 7645), (19, 2211), (25, 12171), (29, 11356), (31, 10402), (31, 8797), (20, 5644), (19, 11212), (30, 14092), (24, 10936), (21, 6697), (23, 4935), (31, 11583), (16, 1162), (31, 10887), (31, 11501), (31, 2308), (30, 5387), (31, 6625), (29, 14257), (29, 13230), (31, 4215), (19, 10027), (26, 3707), (27, 12681), (21, 9949), (30, 13298), (26, 2560), (26, 13687), (17, 2838), (31, 6052), (18, 2776), (30, 7661), (28, 10991), (31, 6885), (30, 7637), (30, 7277), (19, 5282), (22, 12579), (31, 4808), (31, 13159), (31, 12943), (29, 3676), (27, 766), (31, 8178), (22, 10492), (28, 8061), (31, 8949), (30, 14167), (24, 10009), (27, 9857), (31, 7376), (31, 13771), (23, 552), (27, 62), (30, 13611), (26, 9180), (31, 1120), (19, 8845), (19, 7660), (30, 4875), (31, 6803), (22, 11203), (17, 4858), (25, 5956), (30, 7679), (23, 8862), (18, 14080), (31, 12206), (31, 13171), (30, 2669), (29, 11393), (30, 13615), (20, 1786), (31, 2353), (31, 13954), (30, 8025), (30, 13660), (23, 8243), (31, 13266), (30, 14016), (19, 8600), (28, 4550), (27, 1593), (25, 12432), (31, 9379), (23, 3368), (16, 7017), (30, 2393), (19, 8028), (31, 1588), (24, 8705), (23, 646), (31, 12467), (15, 12206), (31, 10895), (31, 13707), (22, 9282), (29, 10445), (27, 2574), (24, 5338), (24, 26), (18, 6753), (26, 5253), (28, 13090), (28, 6528), (30, 9964), (19, 9925), (27, 13259), (21, 14085), (25, 4908), (21, 1848), (28, 7722), (28, 9015), (28, 5398), (25, 5738), (30, 8514), (30, 6102), (24, 5729), (23, 1200), (28, 12426), (31, 11522), (30, 513), (31, 2383), (30, 6340), (30, 6700), (31, 5695), (31, 6104), (31, 8307), (31, 6361), (29, 6481), (31, 5397), (25, 5982), (24, 6285), (29, 11385), (31, 2386), (31, 565), (30, 12446), (29, 2340), (31, 5091), (31, 4152), (12, 11114), (29, 13154), (29, 1689), (26, 589), (28, 13469), (30, 998), (25, 9464), (23, 14224), (31, 1712), (31, 1077), (27, 991), (22, 10862), (31, 7789), (31, 5836), (31, 3643), (31, 7132), (25, 5054), (31, 10501), (20, 162), (31, 3311), (28, 6394), (31, 530), (28, 13493), (31, 1738), (19, 2111), (28, 5358), (20, 9184), (30, 6860), (31, 6003), (31, 8932), (27, 3763), (31, 11959), (20, 4531), (30, 12719), (22, 7773), (31, 13372), (31, 11535), (29, 8827), (28, 9224), (29, 12934), (28, 4406), (29, 12854), (30, 11396), (31, 11866), (27, 6071), (29, 7282), (23, 13054), (29, 3424), (25, 3098), (27, 11595), (19, 11788), (25, 9820), (18, 1903), (26, 13097), (19, 13425), (14, 10101), (30, 2990), (30, 14223), (25, 2387), (31, 6375), (29, 8140), (18, 10169), (28, 3881), (29, 11589), (31, 7151), (29, 219), (25, 7993), (30, 2301), (29, 8310), (31, 12616), (31, 5816), (31, 6168), (30, 13333), (31, 3013), (30, 3299), (27, 8030), (10, 6787), (26, 2313), (31, 4903), (31, 73), (31, 13419), (27, 10793), (31, 13225), (31, 11509), (30, 13897), (30, 10035), (24, 7417), (31, 9338), (19, 8515), (29, 11927), (31, 11693), (20, 13328), (30, 12797), (22, 2028), (26, 8230), (25, 800), (31, 4700), (31, 12741), (23, 4104), (30, 10776), (29, 10850), (21, 7546), (31, 686), (27, 8073), (28, 12496), (28, 11109), (28, 7285), (26, 7743), (30, 9050), (28, 9881), (29, 11700), (26, 13528), (31, 9009), (25, 6692), (29, 3852), (27, 11730), (30, 1958), (28, 1346), (29, 135), (27, 9351), (26, 7572), (21, 6618), (30, 2201), (31, 584), (31, 8905), (28, 711), (30, 759), (27, 13442), (26, 5183), (26, 13249), (28, 1174), (31, 167), (31, 5832), (31, 4250), (31, 7994), (30, 1631), (19, 11306), (31, 13004), (14, 13180), (31, 11624), (30, 1090), (17, 2058), (30, 1805), (30, 7941), (30, 2792), (30, 6108), (24, 6831), (15, 8237), (31, 2782), (31, 877), (18, 14333), (30, 7717), (25, 6594), (26, 573), (18, 1478), (31, 9685), (30, 10003), (31, 7810), (29, 4401), (24, 6247), (29, 1317), (31, 10794), (28, 12467), (30, 7191), (30, 320), (27, 1780), (29, 6081), (27, 13661), (24, 14025), (31, 613), (31, 11484), (30, 13334), (23, 5811), (27, 3650), (31, 10556), (31, 13413), (28, 5208), (21, 4102), (18, 5855), (30, 5993), (31, 11586), (30, 7759), (29, 572), (30, 2279), (30, 4245), (29, 14035), (21, 13310), (18, 6811), (27, 7862), (18, 9999), (31, 687), (31, 2617), (31, 9607), (30, 13820), (21, 543), (29, 5646), (30, 3246), (28, 3827), (29, 13345), (29, 9340), (27, 10953), (27, 13370), (30, 8774), (22, 11625), (31, 9067), (30, 6595), (23, 12780), (30, 10747), (31, 9506), (31, 13014), (28, 8146), (28, 2907), (31, 5272), (30, 327), (30, 11893), (29, 2678), (24, 501), (31, 10451), (31, 7787), (30, 10456), (31, 11960), (30, 14042), (24, 11020), (30, 10443), (23, 10088), (20, 8700), (31, 8279), (29, 5355), (17, 8143), (28, 6033), (17, 6907), (26, 9286), (25, 6818), (30, 10999), (25, 10665), (29, 1016), (30, 4435), (30, 8100), (29, 8086), (30, 4029), (19, 6467), (31, 7502), (31, 10544), (17, 8254), (17, 4281), (31, 4445), (31, 5350), (21, 10622), (15, 2538), (31, 7653), (27, 7901), (24, 12394), (31, 10772), (29, 8386), (31, 5520), (31, 3374), (30, 11649), (29, 8728), (29, 809), (30, 4315), (16, 10428), (16, 9280), (27, 1336), (31, 273), (30, 1036), (31, 8272), (31, 14034), (28, 10384), (31, 6269), (17, 11149), (31, 1380), (24, 12563), (25, 5493), (30, 12418), (22, 7671), (29, 13429), (30, 14212), (28, 12976), (31, 8628), (30, 12277), (30, 4634), (27, 12339), (31, 8122), (31, 1695), (30, 372), (26, 10339), (29, 5812), (28, 10987), (30, 2042), (20, 4408), (30, 9), (30, 9985), (31, 11770), (30, 5840), (30, 12075), (29, 1054), (29, 371), (31, 845), (31, 8372), (31, 4692), (20, 11733), (31, 10827), (24, 7467), (31, 6454), (31, 6122), (29, 10362), (26, 984), (27, 14273), (31, 12202), (29, 7198), (31, 13577), (21, 2851), (31, 2236), (27, 10693), (31, 6413), (31, 127), (30, 4259), (31, 169), (21, 6317), (19, 751), (31, 10520), (29, 7509), (31, 8793), (31, 9976), (30, 11243), (31, 7765), (30, 8805), (27, 10943), (28, 8408), (31, 3936), (31, 10234), (29, 10852), (31, 3240), (31, 11441), (23, 11185), (31, 11331), (31, 5532), (26, 9988), (31, 11597), (17, 2675), (27, 10517), (29, 517), (29, 1049), (29, 13354), (26, 8057), (31, 8692), (30, 6330), (30, 2092), (30, 4618), (31, 1381), (30, 10506), (22, 9576), (17, 7057), (24, 5790), (31, 12723), (28, 4643), (31, 7397), (27, 939), (30, 10196), (25, 5912), (31, 3584), (25, 8255), (31, 6282), (31, 8054), (31, 7372), (25, 6475), (30, 2713), (31, 5169), (19, 10499), (31, 7104), (19, 1781), (30, 3953), (31, 6177), (22, 200), (27, 8366), (24, 8426), (15, 9742), (29, 1364), (22, 1018), (31, 12760), (31, 7213), (31, 734), (29, 3390), (26, 8215), (31, 10485), (18, 12528), (31, 8305), (31, 10959), (29, 5256), (30, 3170), (18, 8611), (25, 6501), (31, 4005), (19, 1834), (29, 10451), (31, 3642), (31, 3755), (31, 10767), (24, 8995), (29, 9066), (31, 6004), (29, 3730), (29, 9811), (28, 792), (23, 9405), (31, 3826), (26, 7434), (31, 13975), (25, 6765), (31, 5559), (31, 4571), (23, 9115), (30, 10826), (30, 11436), (31, 3268), (30, 10895), (30, 6937), (30, 555), (30, 13795), (22, 8993), (31, 2086), (27, 12004), (27, 13500), (24, 14157), (31, 5804), (31, 7447), (31, 154), (24, 11088), (20, 11669), (30, 7019), (31, 11039), (30, 9537), (29, 12752), (30, 1329), (28, 6183), (26, 13394), (30, 8053), (31, 8381), (31, 13855), (30, 11225), (31, 12510), (31, 7624), (29, 3317), (29, 5889), (29, 10109), (30, 2708), (31, 4081), (27, 6764), (30, 12716), (24, 6808), (29, 11520), (30, 1661), (29, 7529), (29, 13711), (31, 1513), (24, 8821), (26, 5661), (31, 9311), (31, 13097), (31, 1520), (30, 9390), (27, 14239), (30, 167), (29, 14279), (31, 13349), (20, 1729), (29, 1606), (16, 1985), (26, 13376), (30, 10158), (25, 13461), (23, 4316), (30, 8112), (18, 504), (26, 4815), (28, 7138), (25, 13011), (30, 2889), (30, 11186), (21, 7349), (31, 6006), (30, 3461), (20, 4063), (29, 11779), (31, 7882), (13, 9940), (31, 12373), (30, 5931), (18, 10024), (17, 12474), (30, 12034), (30, 12694), (31, 6407), (21, 11729), (31, 11248), (23, 5558), (24, 12523), (31, 5054), (18, 9605), (29, 1970), (29, 2303), (24, 5999), (30, 5637), (31, 3166), (31, 13842), (27, 9148), (30, 3298), (31, 10770), (31, 13047), (30, 3664), (29, 1574), (26, 11082), (28, 10859), (30, 7061), (26, 4905), (30, 12849), (24, 2948), (25, 5420), (24, 1427), (30, 1224), (31, 4864), (31, 2286), (20, 10200), (29, 5887), (18, 2183), (17, 2714), (31, 10593), (28, 327), (31, 6088), (26, 2870), (31, 5111), (31, 4293), (29, 1584), (24, 7720), (31, 6585), (30, 9006), (30, 10331), (31, 14127), (17, 763), (31, 12248), (22, 2140), (31, 2358), (26, 11879), (29, 9658), (31, 12849), (26, 12977), (27, 1378), (31, 5589), (31, 9878), (31, 7495), (22, 13974), (31, 1825), (26, 2995), (31, 11854), (28, 12095), (28, 6858), (17, 2734), (29, 3362), (31, 9732), (31, 12009), (30, 1970), (28, 11749), (18, 12856), (30, 7036), (31, 1946), (30, 3824), (31, 13493), (22, 2992), (26, 11169), (27, 11817), (23, 13728), (31, 1944), (30, 1460), (31, 8869), (28, 5274), (30, 8274), (25, 5506), (30, 13246), (31, 2713), (19, 6858), (31, 14322), (29, 5837), (21, 7157), (29, 13670), (26, 2755), (27, 1109), (31, 10419), (23, 11394), (27, 1395), (31, 262), (30, 839), (31, 10092), (31, 4340), (30, 8370), (31, 11054), (29, 3225), (30, 11295), (31, 857), (29, 5902), (31, 4900), (30, 10884), (31, 4937), (18, 6916), (29, 8902), (31, 11136), (30, 6849), (20, 5324), (25, 12357), (31, 384), (20, 7135), (21, 5747), (31, 5509), (28, 256), (31, 8939), (30, 9894), (20, 3911), (28, 11389), (18, 12232), (30, 13296), (27, 3572), (31, 3049), (31, 11087), (31, 2784), (30, 10484), (30, 12312), (27, 2909), (31, 979), (31, 5303), (31, 7374), (31, 3018), (31, 1086), (30, 8155), (31, 12487), (30, 3534), (31, 3286), (23, 1005), (31, 1482), (27, 1643), (30, 2948), (12, 3981), (31, 1278), (23, 9754), (30, 5943), (21, 4772), (23, 411), (15, 5323), (21, 8817), (31, 6071), (31, 8831), (20, 10590), (31, 7378), (31, 12050), (31, 5404), (30, 12869), (30, 2611), (24, 7936), (31, 9002), (21, 12694), (30, 7435), (29, 1641), (29, 11679), (31, 1785), (25, 8165), (18, 9190), (31, 12116), (22, 12518), (30, 2109), (31, 13900), (31, 120), (31, 8727), (30, 1710), (30, 8125), (18, 11304), (29, 12327), (31, 13235), (31, 8718), (30, 6296), (30, 13491), (12, 5981), (29, 9897), (31, 7513), (23, 7908), (23, 11327), (28, 2688), (29, 2031), (23, 13290), (31, 8518), (31, 9045), (27, 9922), (31, 13676), (31, 6416), (28, 13544), (31, 3477), (23, 648), (30, 10012), (23, 12985), (31, 11880), (31, 419), (31, 12996), (31, 5733), (26, 1862), (31, 5996), (31, 9287), (24, 1996), (25, 10468), (31, 13475), (29, 1005), (28, 1764), (31, 10572), (30, 11364), (30, 3796), (31, 14330), (16, 10176), (28, 8944), (31, 4363), (31, 4003), (28, 1035), (31, 9084), (28, 2764), (29, 9684), (30, 9651), (30, 6641), (30, 9501), (26, 1310), (31, 3071), (29, 13162), (31, 9476), (28, 2719), (31, 6485), (23, 11034), (30, 11514), (26, 4688), (25, 11417), (30, 6046), (31, 3973), (31, 1342), (26, 18), (31, 8469), (31, 1789), (31, 7368), (31, 12855), (31, 8245), (31, 6782), (31, 11425), (30, 8915), (30, 11840), (26, 12696), (30, 247), (31, 12969), (26, 14201), (24, 12002), (30, 10492), (28, 5266), (31, 10310), (28, 8328), (30, 1468), (24, 3511), (31, 4249), (27, 2652), (24, 8008), (23, 9172), (31, 2964), (24, 3848), (27, 9356), (31, 10004), (30, 2970), (31, 8568), (24, 8869), (30, 1935), (22, 516), (31, 1390), (19, 8139), (31, 1779), (25, 8080), (21, 6286), (31, 2120), (15, 6089), (31, 7025), (30, 11815), (23, 13246), (31, 7384), (19, 666), (30, 2864), (29, 11856), (29, 935), (31, 9620), (30, 1859), (31, 4799), (24, 10254), (26, 3745), (25, 13086), (30, 7408), (30, 13748), (27, 6163), (31, 648), (22, 6201), (17, 1165), (24, 2990), (24, 10052), (31, 2956), (31, 7671), (31, 5638), (31, 4233), (25, 6958), (30, 5346), (27, 6553), (31, 2053), (25, 9853), (30, 9685), (28, 14286), (30, 4965), (30, 13691), (30, 258), (26, 10669), (24, 5262), (30, 7937), (29, 574), (27, 12385), (31, 12976), (20, 5718), (27, 1534), (27, 3009), (31, 8258), (30, 2024), (17, 8910), (27, 7714), (30, 14112), (30, 12005), (24, 9544), (31, 5357), (29, 11500), (30, 8808), (31, 13017), (30, 12995), (28, 3726), (26, 608), (26, 2175), (30, 4889), (31, 7616), (31, 249), (31, 5005), (23, 5313), (28, 99), (31, 6569), (30, 8039), (31, 2890), (31, 6347), (22, 9566), (28, 11576), (23, 3057), (30, 12157), (31, 6240), (25, 8332), (21, 7166), (30, 38), (31, 2179), (28, 12415), (28, 8143), (31, 12885), (20, 1263), (29, 7299), (30, 7006), (31, 4929), (29, 7923), (23, 9069), (30, 5830), (18, 5163), (29, 4617), (24, 11481), (31, 7930), (31, 8481), (30, 9806), (24, 13370), (31, 427), (31, 5782), (30, 5429), (31, 9442), (31, 7320), (31, 2126), (30, 2041), (23, 4500), (31, 11699), (29, 6968), (31, 6082), (30, 9165), (31, 115), (20, 12205), (19, 859), (21, 13357), (30, 9783), (31, 3195), (17, 6760), (28, 9570), (25, 5699), (30, 1745), (31, 6119), (29, 3777), (31, 7812), (31, 13499), (31, 11994), (31, 8306), (26, 12393), (29, 9518), (31, 3459), (30, 668), (31, 4511), (28, 13322), (30, 4383), (30, 6858), (31, 10958), (29, 10338), (31, 6313), (31, 830), (31, 4426), (28, 13336), (31, 12695), (29, 5332), (31, 12348), (30, 4865), (31, 6218), (23, 8652), (23, 12618), (30, 11322), (24, 12460), (31, 5088), (31, 12758), (16, 3262), (22, 8479), (20, 7181), (29, 5942), (29, 12847), (31, 14228), (31, 12631), (28, 12507), (31, 1093), (29, 1967), (30, 14231), (28, 4475), (17, 13014), (31, 3245), (24, 12810), (31, 8529), (13, 4515), (23, 11569), (30, 13947), (31, 11316), (31, 2444), (25, 5949), (31, 11261), (30, 7236), (31, 9493), (31, 9581), (31, 11387), (27, 4970), (27, 8322), (28, 9249), (28, 6344), (31, 7334), (16, 10371), (20, 11088), (29, 6561), (31, 14140), (28, 10640), (31, 5524), (29, 2015), (31, 10184), (18, 12133), (30, 1929), (29, 3794), (31, 9440), (29, 3192), (29, 10251), (29, 8692), (29, 11512), (31, 5006), (31, 1084), (29, 9221), (29, 1435), (27, 8080), (29, 1168), (25, 13060), (30, 7646), (23, 10763), (31, 6705), (30, 8248), (31, 7358), (29, 6597), (23, 6127), (30, 10318), (28, 12111), (23, 953), (31, 8513), (19, 8835), (31, 949), (28, 9580), (31, 3218), (20, 7608), (24, 8382), (29, 3231), (30, 11445), (30, 13066), (19, 6872), (31, 13811), (30, 4611), (15, 883), (28, 10877), (31, 1203), (29, 9612), (28, 977), (31, 3995), (28, 3147), (28, 1635), (19, 2060), (30, 13726), (31, 9745), (31, 7107), (30, 9104), (28, 11442), (31, 1960), (31, 3802), (28, 2431), (31, 5318), (29, 6965), (29, 3603), (30, 5268), (30, 7613), (31, 7474), (31, 12041), (26, 4448), (30, 5138), (31, 14028), (30, 2838), (30, 10522), (21, 11286), (16, 7134), (30, 12892), (18, 8731), (22, 7756), (30, 11427), (21, 4900), (30, 5727), (22, 10664), (30, 2245), (26, 7829), (29, 11238), (21, 8590), (16, 10399), (10, 3564), (31, 10730), (29, 4518), (31, 10594), (29, 13907), (30, 9789), (22, 5199), (31, 7063), (19, 10934), (29, 2435), (31, 3117), (28, 7678), (29, 12117), (27, 12715), (27, 10306), (28, 6623), (31, 4562), (31, 10883), (31, 4371), (31, 2244), (27, 64), (29, 5765), (31, 14278), (24, 6184), (22, 823), (30, 7343), (31, 7809), (30, 14002), (31, 5182), (31, 6767), (31, 5364), (18, 12907), (31, 9833), (29, 6570), (28, 1452), (31, 6908), (22, 10249), (30, 13839), (30, 1044), (27, 13872), (31, 3480), (31, 10763), (31, 3291), (29, 6732), (29, 11730), (28, 5508), (30, 3727), (22, 11947), (29, 7660), (29, 9912), (31, 9094), (27, 4636), (29, 13577), (29, 7934), (15, 7534), (30, 11321), (31, 232), (19, 856), (30, 6392), (22, 4459), (29, 8127), (26, 1318), (29, 10023), (29, 14263), (31, 6250), (25, 7970), (31, 11915), (31, 8333), (31, 8252), (26, 10244), (31, 4390), (31, 10911), (25, 7434), (28, 6359), (30, 9640), (30, 9592), (31, 2559), (31, 7439), (23, 4823), (29, 11094), (30, 3575), (30, 11731), (31, 10746), (18, 9981), (31, 4248), (31, 2337), (22, 2355), (31, 7664), (27, 13392), (28, 11226), (31, 11374), (21, 4939), (31, 6161), (29, 2790), (25, 6808), (30, 6487), (31, 11587), (31, 9197), (31, 7275), (20, 12726), (27, 3305), (31, 257), (22, 12617), (31, 2066), (24, 7803), (31, 9271), (31, 1331), (30, 11116), (21, 11620), (20, 13790), (28, 4742), (21, 2514), (31, 13936), (31, 13276), (29, 11774), (29, 11911), (28, 7740), (31, 8717), (29, 12198), (23, 1926), (24, 3109), (30, 3997), (31, 13919), (26, 4955), (31, 1723), (29, 2529), (31, 505), (14, 5927), (29, 1684), (31, 5422), (30, 12986), (29, 915), (31, 13778), (30, 11589), (14, 5745), (30, 3214), (29, 2616), (31, 8121), (31, 6666), (30, 6377), (30, 14165), (14, 8044), (28, 1413), (31, 9179), (22, 8693), (31, 7144), (29, 13477), (30, 5992), (30, 8366), (30, 11839), (25, 12395), (30, 2172), (31, 2848), (31, 8014), (23, 7990), (31, 14328), (31, 12093), (29, 13088), (29, 8122), (26, 6642), (28, 396), (29, 6783), (29, 256), (28, 3253), (31, 5514), (29, 7566), (31, 1147), (31, 13956), (23, 7277), (31, 13116), (30, 1391), (31, 11119), (31, 11782), (30, 2069), (31, 7214), (29, 12153), (31, 11805), (29, 7060), (20, 3853), (31, 7145), (23, 9795), (18, 5492), (30, 8220), (19, 1547), (27, 3481), (29, 10903), (31, 9051), (30, 10469), (31, 13213), (30, 7255), (29, 11704), (22, 6046), (22, 10886), (31, 12995), (24, 10030), (28, 10027), (21, 9969), (31, 4956), (31, 11776), (30, 1389), (30, 2538), (30, 10343), (26, 218), (19, 2564), (29, 3142), (25, 12618), (28, 544), (31, 5763), (30, 14102), (31, 2030), (23, 5206), (31, 6731), (29, 13886), (31, 2323), (30, 11634), (31, 13539), (21, 11328), (28, 141), (27, 5020), (30, 11079), (30, 10531), (20, 14298), (29, 7297), (27, 1398), (31, 5470), (22, 11843), (28, 1748), (29, 11914), (31, 11489), (30, 10203), (27, 11710), (26, 12268), (21, 1941), (31, 10080), (24, 12521), (31, 12216), (22, 1801), (31, 11825), (30, 13015), (30, 12138), (20, 6727), (31, 894), (28, 13139), (27, 9000), (31, 8767), (31, 9369), (31, 6509), (30, 3305), (30, 2227), (29, 9304), (31, 9290), (29, 11020), (25, 12666), (31, 1435), (31, 6393), (28, 3606), (31, 8368), (30, 9948), (31, 12912), (30, 3702), (30, 9825), (17, 1466), (24, 7546), (25, 2634), (17, 4017), (27, 13448), (31, 8059), (23, 6070), (29, 7326), (30, 4061), (24, 8910), (30, 10397), (31, 1674), (31, 11426), (17, 733), (23, 512), (31, 3295), (31, 7007), (27, 5584), (17, 14154), (23, 669), (30, 9311), (30, 74), (31, 11188), (31, 12447), (31, 9997), (27, 4894), (28, 7944), (28, 12679), (24, 13455), (25, 5381), (26, 9994), (30, 10257), (30, 12210), (21, 13203), (22, 3896), (30, 7212), (31, 13399), (31, 9343), (18, 13012), (29, 10013), (31, 6448), (26, 10877), (31, 6315), (17, 7975), (31, 11899), (28, 4478), (31, 3247), (31, 3746), (30, 2743), (31, 5017), (30, 12120), (30, 12850), (14, 11629), (26, 7275), (31, 12763), (15, 812), (30, 1167), (31, 2944), (31, 2634), (30, 13316), (26, 3931), (30, 7055), (31, 3043), (31, 3859), (29, 4928), (30, 7150), (31, 935), (20, 11266), (25, 12221), (31, 3020), (31, 8864), (26, 13292), (28, 8843), (28, 5395), (31, 1949), (28, 5603), (30, 11942), (31, 2293), (29, 7961), (25, 2072), (30, 12036), (22, 11594), (28, 4557), (28, 12739), (23, 2685), (21, 1127), (30, 13329), (27, 1119), (28, 10320), (26, 8982), (31, 10037), (21, 9201), (24, 28), (31, 4007), (29, 1320), (30, 6167), (21, 12324), (30, 11038), (29, 1854), (29, 3046), (28, 3640), (12, 4411), (31, 2462), (30, 12361), (20, 5861), (31, 12352), (22, 2582), (31, 5193), (28, 5680), (31, 6741), (29, 1660), (19, 6251), (29, 50), (30, 5205), (31, 6490), (27, 11613), (31, 11517), (31, 7091), (31, 7801), (21, 13371), (31, 10508), (31, 13205), (27, 9694), (31, 4588), (31, 4753), (22, 13752), (30, 9402), (30, 4720), (31, 14295), (31, 10766), (30, 7782), (30, 5508), (21, 12244), (28, 4596), (30, 6285), (22, 10328), (25, 3116), (29, 12197), (30, 2483), (29, 712), (30, 3336), (31, 7243), (17, 5620), (23, 2080), (30, 564), (25, 1464), (23, 5885), (30, 3916), (29, 1275), (27, 1012), (31, 3344), (29, 9005), (18, 5308), (18, 5627), (31, 13949), (31, 8970), (29, 13825), (31, 2516), (20, 4645), (27, 4325), (28, 1127), (25, 8746), (23, 1971), (25, 4891), (31, 8834), (31, 2555), (31, 11546), (30, 11450), (31, 1935), (30, 7285), (22, 6694), (27, 5296), (18, 1862), (31, 11671), (28, 7705), (31, 8631), (30, 13495), (31, 1874), (29, 10326), (31, 14132), (31, 539), (25, 4619), (31, 2199), (31, 386), (29, 3106), (31, 1247), (30, 13067), (31, 10089), (30, 7362), (30, 7050), (31, 3316), (15, 7532), (28, 3235), (20, 2052), (30, 8656), (29, 4247), (31, 6828), (29, 4173), (31, 14271), (31, 2997), (31, 11362), (31, 1199), (29, 9189), (31, 7300), (26, 1567), (27, 7452), (29, 10801), (17, 12975), (23, 13575), (31, 4736), (29, 6690), (30, 11793), (31, 7501), (31, 9278), (14, 7748), (30, 4306), (25, 11699), (28, 8377), (21, 5413), (31, 5600), (31, 3173), (30, 12035), (29, 1539), (29, 11059), (29, 2779), (22, 6620), (31, 5053), (22, 14134), (24, 6105), (29, 12603), (23, 12286), (28, 8280), (25, 3629), (27, 8644), (31, 1579), (30, 5608), (29, 69), (30, 5795), (31, 6951), (28, 6064), (18, 3078), (31, 326), (31, 9569), (31, 11938), (31, 12478), (27, 1000), (24, 6156), (31, 4034), (31, 12471), (16, 4967), (31, 965), (31, 13906), (17, 2357), (31, 8874), (27, 3754), (28, 5585), (31, 542), (31, 3887), (31, 9486), (28, 5391), (30, 9172), (30, 2860), (26, 1108), (25, 2053), (30, 3685), (31, 14039), (31, 733), (26, 13702), (28, 10012), (29, 469), (30, 12452), (29, 11799), (29, 137), (31, 1965), (30, 1226), (30, 6528), (27, 10611), (28, 9123), (29, 7963), (29, 3831), (19, 6285), (31, 5042), (30, 12660), (23, 11463), (20, 848), (20, 2969), (30, 405), (18, 3880), (31, 4189), (30, 1261), (18, 13393), (27, 2172), (31, 8842), (30, 3899), (30, 8826), (20, 4491), (21, 7012), (19, 7164), (31, 4991), (29, 12935), (28, 1503), (31, 11712), (29, 4801), (30, 1742), (31, 6742), (16, 5270), (23, 1641), (17, 7253), (29, 5917), (22, 10999), (31, 13982), (29, 10614), (20, 6027), (31, 9561), (27, 2840), (29, 9675), (17, 689), (28, 12515), (21, 5127), (21, 2807), (29, 3770), (30, 3944), (31, 3767), (31, 2749), (30, 4548), (30, 7789), (31, 7777), (27, 3513), (19, 10405), (19, 7185), (25, 2097), (31, 7753), (23, 1596), (31, 3464), (27, 10265), (31, 987), (31, 9318), (31, 13651), (31, 9465), (31, 12678), (29, 1466), (28, 1190), (29, 1359), (28, 4553), (31, 10735), (18, 10684), (23, 11701), (22, 5820), (30, 9763), (30, 13627), (31, 10088), (30, 5989), (31, 6646), (30, 6968), (30, 3402), (29, 2480), (29, 8864), (30, 8385), (27, 8775), (29, 7065), (19, 919), (16, 12912), (30, 7171), (22, 3102), (26, 4563), (31, 14184), (30, 9269), (30, 2242), (29, 5151), (31, 4907), (30, 5201), (31, 8632), (23, 6258), (28, 7296), (31, 6441), (31, 9401), (27, 11723), (28, 9379), (28, 10114), (30, 9346), (31, 7924), (31, 3396), (26, 7584), (31, 14079), (25, 1368), (30, 6389), (22, 2098), (30, 12346), (31, 5544), (31, 14096), (31, 7204), (20, 6091), (26, 6755), (31, 1502), (26, 14178), (31, 11004), (31, 4241), (25, 4559), (30, 1110), (30, 8468), (10, 13197), (30, 11201), (31, 8740), (19, 2744), (23, 8794), (31, 11497), (27, 5163), (30, 6492), (30, 9059), (31, 7815), (31, 8581), (31, 5548), (28, 4518), (30, 494), (20, 857), (30, 13274), (17, 6330), (31, 5619), (26, 2904), (30, 11319), (29, 2505), (18, 11003), (19, 1155), (25, 295), (28, 528), (20, 2106), (22, 10640), (31, 6103), (15, 10049), (31, 8878), (31, 12992), (28, 12690), (30, 9967), (28, 7324), (29, 8904), (30, 1900), (31, 1202), (31, 8287), (29, 88), (31, 11423), (28, 2498), (24, 3128), (25, 12248), (20, 13286), (25, 7506), (29, 10629), (30, 11115), (19, 380), (31, 4922), (30, 4779), (29, 7262), (30, 6940), (30, 12556), (29, 8752), (29, 13365), (29, 6804), (31, 14204), (21, 13548), (31, 3080), (29, 2358), (27, 8751), (18, 7319), (31, 6420), (31, 9659), (31, 2219), (26, 1808), (12, 6411), (27, 14046), (31, 4234), (31, 1828), (31, 3599), (28, 3731), (19, 7094), (30, 8362), (29, 7766), (20, 9455), (27, 10485), (30, 6690), (17, 1435), (23, 9771), (26, 851), (27, 2454), (22, 9590), (17, 13589), (25, 8374), (29, 10459), (25, 9861), (23, 10430), (18, 11071), (29, 10068), (31, 3810), (28, 4663), (31, 10177), (30, 8108), (30, 2156), (30, 7643), (31, 5035), (30, 271), (31, 12442), (31, 286), (27, 5187), (31, 3099), (31, 4278), (18, 14059), (17, 10182), (30, 14195), (31, 748), (31, 7435), (31, 532), (31, 1860), (24, 9568), (20, 10825), (25, 5096), (31, 11795), (28, 6142), (31, 625), (31, 9125), (25, 3879), (30, 5805), (26, 8329), (20, 10933), (31, 9617), (31, 7896), (21, 9938), (30, 4453), (30, 4882), (30, 12263), (31, 77), (18, 1203), (31, 3551), (15, 7439), (31, 10444), (16, 12743), (28, 592), (31, 2718), (31, 4221), (29, 12174), (26, 13285), (17, 2227), (30, 3537), (31, 5067), (19, 11107), (30, 212), (31, 12540), (20, 7541), (29, 6503), (31, 9), (23, 5289), (21, 11883), (28, 2071), (27, 1075), (30, 12386), (30, 7163), (29, 6344), (27, 13689), (30, 11868), (31, 6034), (28, 10968), (26, 4639), (19, 3800), (30, 5340), (22, 14161), (20, 10463), (31, 5497), (18, 5250), (22, 949), (19, 7454), (29, 11142), (28, 5681), (31, 1568), (30, 2405), (27, 12767), (31, 5963), (23, 871), (28, 65), (31, 9333), (24, 10288), (25, 11320), (31, 5041), (31, 1224), (31, 8478), (31, 2077), (30, 11045), (26, 6168), (30, 11829), (20, 12362), (30, 10786), (30, 11002), (30, 7461), (23, 1161), (22, 12767), (24, 8389), (30, 3892), (28, 1344), (19, 8623), (31, 48), (29, 13544), (26, 10546), (22, 12141), (24, 2272), (24, 6649), (26, 11862), (31, 4380), (31, 2889), (28, 12060), (31, 3865), (28, 3397), (22, 11234), (23, 13641), (23, 4201), (23, 9690), (30, 1933), (30, 11246), (31, 5705), (31, 11777), (28, 4141), (19, 4599), (26, 11731), (28, 9780), (31, 9930), (28, 1068), (30, 5794), (30, 7358), (27, 2592), (29, 3579), (31, 6508), (28, 7643), (29, 1874), (16, 12217), (31, 11600), (29, 1521), (23, 10220), (30, 12715), (30, 1316), (27, 12704), (25, 8533), (30, 9564), (31, 6572), (19, 5703), (24, 14000), (27, 4592), (30, 12258), (31, 3367), (31, 3652), (31, 2090), (31, 9417), (25, 3074), (26, 5379), (29, 10484), (31, 12728), (27, 10202), (29, 9396), (28, 12641), (29, 5456), (31, 2853), (17, 813), (30, 5662), (31, 1473), (31, 8497), (30, 14278), (29, 11441), (20, 7266), (18, 9542), (12, 1986), (31, 5805), (31, 13067), (15, 9514), (24, 13229), (31, 4722), (31, 13856), (22, 5941), (31, 1186), (23, 4349), (31, 8981), (27, 12254), (31, 10440), (13, 3026), (29, 10261), (30, 1287), (29, 6781), (29, 3228), (19, 9650), (30, 4997), (29, 4380), (31, 6230), (29, 4991), (27, 14043), (29, 14029), (31, 4489), (29, 3195), (22, 3716), (30, 10010), (25, 5322), (31, 8682), (24, 2793), (31, 11291), (30, 2072), (31, 6172), (28, 4046), (31, 10690), (30, 12121), (26, 5052), (30, 9956), (30, 2671), (31, 10026), (30, 5574), (24, 3829), (31, 1349), (22, 11736), (19, 10457), (25, 9858), (17, 1048), (30, 4157), (31, 1269), (31, 12590), (30, 8627), (29, 11172), (27, 11342), (31, 6054), (31, 12371), (23, 11424), (22, 11813), (31, 5631), (24, 10003), (27, 13912), (31, 2344), (31, 4716), (31, 2895), (30, 4692), (17, 6074), (29, 9734), (22, 2441), (31, 2107), (28, 1954), (30, 3344), (28, 7907), (31, 10300), (30, 9929), (17, 2122), (31, 13993), (29, 5050), (31, 9953), (14, 10877), (30, 98), (27, 7586), (27, 10777), (29, 9990), (31, 199), (24, 8538), (30, 4993), (28, 11245), (31, 2807), (25, 9488), (30, 14048), (31, 9769), (31, 8667), (30, 4194), (23, 7763), (16, 939), (30, 13445), (31, 2573), (27, 1250), (28, 4929), (20, 2287), (19, 9501), (26, 8010), (31, 12642), (31, 10484), (27, 2399), (19, 1680), (30, 6394), (31, 6698), (31, 4832), (21, 10734), (30, 9822), (18, 1284), (20, 9537), (31, 1804), (29, 6788), (31, 9143), (24, 61), (29, 4185), (30, 13221), (21, 4755), (27, 12471), (21, 3635), (31, 7234), (16, 8700), (30, 3291), (31, 13467), (31, 7312), (26, 10181), (20, 13005), (31, 1241), (26, 13868), (30, 5235), (31, 12790), (31, 3428), (19, 11299), (31, 4016), (20, 9879), (29, 13423), (28, 7428), (29, 5352), (21, 12007), (17, 10421), (25, 10766), (25, 8428), (29, 30), (22, 12876), (30, 8927), (18, 12393), (23, 8442), (30, 11423), (31, 5436), (31, 172), (16, 6323), (31, 8771), (31, 3315), (30, 9205), (30, 13746), (30, 9850), (31, 11987), (30, 2005), (22, 3352), (31, 624), (21, 1671), (31, 12176), (25, 7239), (27, 5302), (24, 12839), (31, 12225), (30, 606), (24, 322), (30, 10794), (28, 8894), (30, 10266), (31, 5455), (30, 5433), (30, 13128), (24, 9632), (30, 5895), (23, 7628), (31, 953), (31, 12697), (19, 4866), (31, 3199), (23, 6559), (29, 8009), (19, 7686), (18, 5513), (28, 4761), (30, 8828), (30, 10859), (31, 12978), (23, 12719), (31, 12105), (31, 12776), (31, 2255), (19, 10687), (21, 1827), (15, 14269), (26, 5461), (31, 6905), (31, 13711), (24, 12302), (29, 5923), (22, 12678), (28, 2276), (20, 3153), (31, 6724), (31, 3379), (29, 1298), (31, 13717), (31, 13567), (25, 12599), (30, 9957), (30, 3889), (31, 1260), (28, 8097), (27, 3938), (28, 5253), (29, 10648), (31, 13759), (25, 9498), (25, 1968), (21, 10496), (26, 11492), (20, 1358), (31, 11124), (31, 11008), (12, 10911), (20, 4608), (30, 1452), (31, 4769), (17, 12074), (30, 4962), (30, 12524), (31, 10116), (30, 533), (29, 7507), (31, 12285), (29, 10229), (11, 3464), (19, 3320), (31, 5284), (29, 2096), (31, 14241), (31, 7500), (17, 4426), (29, 3409), (29, 14064), (30, 4979), (20, 71), (21, 3469), (31, 14294), (29, 4065), (23, 762), (30, 10523), (29, 12794), (24, 5500), (24, 12955), (31, 2285), (28, 9294), (28, 11127), (30, 2068), (27, 9252), (21, 7675), (31, 14223), (24, 13631), (31, 5573), (31, 4023), (31, 12028), (14, 1810), (29, 6999), (15, 11097), (31, 375), (26, 4702), (31, 7469), (30, 12646), (29, 12855), (30, 9186), (31, 13074), (31, 198), (24, 8876), (31, 2920), (29, 4970), (29, 10610), (19, 2857), (31, 9817), (29, 3708), (31, 1867), (28, 12225), (30, 3656), (28, 2974), (29, 1071), (29, 7559), (28, 5946), (27, 8382), (31, 12517), (27, 13881), (31, 4977), (30, 4822), (31, 12264), (30, 1662), (28, 1423), (31, 7398), (29, 7979), (26, 12980), (29, 5611), (26, 7990), (16, 9399), (21, 3201), (22, 9383), (28, 4666), (29, 13939), (31, 9156), (18, 12857), (20, 2237), (25, 889), (22, 7986), (27, 9793), (27, 9317), (30, 10000), (31, 2325), (25, 6647), (28, 1265), (21, 107), (31, 11104), (31, 14248), (27, 4025), (31, 11751), (29, 306), (31, 2576), (22, 3405), (30, 3862), (31, 3546), (31, 6039), (30, 3082), (15, 4781), (31, 7574), (23, 9759), (19, 7567), (22, 10272), (13, 6430), (31, 11897), (31, 6480), (31, 4389), (23, 9210), (31, 11286), (30, 9780), (24, 7320), (21, 3584), (31, 6678), (30, 13170), (29, 8725), (30, 5432), (30, 9621), (26, 1855), (18, 8747), (29, 5101), (31, 13240), (27, 2164), (25, 2882), (31, 6568), (30, 7100), (31, 7212), (23, 3696), (27, 6823), (27, 262), (29, 13995), (26, 1797), (30, 546), (25, 5522), (26, 14063), (31, 9484), (24, 9776), (26, 11998), (19, 8917), (22, 4276), (31, 2797), (20, 10819), (30, 13816), (30, 173), (27, 13792), (28, 4447), (16, 10928), (15, 9954), (22, 477), (29, 7776), (31, 1182), (31, 942), (30, 11680), (20, 8119), (27, 306), (30, 12946), (28, 7258), (16, 1027), (20, 5323), (26, 3064), (31, 3888), (31, 9336), (31, 3251), (18, 7361), (24, 7354), (21, 4217), (31, 3949), (20, 6015), (20, 12503), (30, 2871), (19, 13442), (31, 1699), (30, 14004), (18, 9269), (29, 8415), (30, 13213), (29, 12006), (31, 11528), (21, 9101), (31, 3322), (30, 1942), (31, 6533), (24, 7524), (26, 11852), (29, 122), (28, 4626), (28, 11235), (26, 8039), (31, 7012), (31, 1433), (30, 1727), (29, 2297), (18, 2147), (25, 8190), (27, 13462), (27, 5435), (20, 2749), (20, 3174), (31, 9284), (20, 380), (30, 11259), (28, 6599), (31, 13281), (31, 652), (25, 1232), (28, 12252), (15, 13544), (16, 6063), (20, 8593), (31, 13430), (31, 10725), (17, 1155), (29, 10254), (30, 13315), (31, 9524), (29, 1253), (28, 12638), (25, 904), (30, 8492), (25, 13841), (27, 2422), (31, 3369), (17, 13304), (30, 11067), (31, 8920), (30, 13978), (30, 9240), (30, 10239), (28, 1414), (28, 8833), (27, 2850), (28, 531), (31, 10241), (30, 4559), (31, 737), (31, 9376), (26, 4828), (16, 2458), (31, 7545), (21, 6280), (30, 10270), (30, 4221), (28, 4796), (25, 7010), (31, 12845), (31, 14029), (21, 446)]
Traceback (most recent call last):
  File "/home/40455223@eeecs.qub.ac.uk/idiom_comp/patching_next_token_llama.py", line 2000, in <module>
    run_average_mlp_patching(
  File "/home/40455223@eeecs.qub.ac.uk/idiom_comp/patching_next_token_llama.py", line 1168, in run_average_mlp_patching
    and_token_idx = (idiom_tokens == and_token).nonzero(as_tuple=True)[0].item()
                    ^^^^^^^^^^^^^^^^^^^^^^^^^^^^^^^^^^^^^^^^^^^^^^^^^^^^^^^^^^^^
RuntimeError: a Tensor with 0 elements cannot be converted to Scalar
