Device map: cuda
--------------------------------
Idiom: spill_the_beans
  Idiom prompt: The nervous suspect finally spilled the beans, it was a
  Literal prompt: The nervous suspect finally spilled the drink, it was a
  Idiom prompt: He was paid to spill the beans, the information was
  Literal prompt: He was paid to spill the water, the information was
--------------------------------
--------------------------------
Idiom: break_the_ice
  Idiom prompt: He decided to tell a joke to break the ice, he was being
  Literal prompt: He decided to tell a joke to break the bottle, he was being
  Idiom prompt: The group was silent until he broke the ice, he was being
  Literal prompt: The group was silent until he broke the lamp, he was being
--------------------------------
--------------------------------
Idiom: pull_the_plug
  Idiom prompt: The project failed so they pulled the plug, the activity
  Literal prompt: The project failed so they pulled the rope, the activity
  Idiom prompt: The funding ended and they pulled the plug, it was
  Literal prompt: The funding ended and they pulled the lever, it was
--------------------------------
--------------------------------
Idiom: bite_the_bullet
  Idiom prompt: The soldier had to bite the bullet, he was very
  Literal prompt: The soldier had to bite the rations, he was very
  Idiom prompt: She knew it would be hard but bit the bullet, she was
  Literal prompt: She knew it would be hard but bit the apple, she was
--------------------------------
--------------------------------
Idiom: move_the_goalposts
  Idiom prompt: Without telling anyone the boss moved the goalposts, he was being
  Literal prompt: Without telling anyone the boss moved the cabinets, he was being
  Idiom prompt: They felt cheated because he moved the goalposts, he was
  Literal prompt: They felt cheated because he moved the cabinets, he was
--------------------------------
--------------------------------
Idiom: blow_a_fuse
  Idiom prompt: When he saw the bill he blew a fuse, he was
  Literal prompt: When he saw the bill he blew a bubble, he was
  Idiom prompt: The angry man was ready to blow a fuse, he felt
  Literal prompt: The angry man was ready to blow a whistle, he felt
--------------------------------
--------------------------------
Idiom: turn_the_tables
  Idiom prompt: He used the new evidence to turn the tables, he was finally
  Literal prompt: He used the new evidence to turn the handle, he was finally
  Idiom prompt: She outsmarted them and turned the tables, she was now
  Literal prompt: She outsmarted them and turned the page, she was now
--------------------------------
--------------------------------
Idiom: muddy_the_waters
  Idiom prompt: The lawyer tried to muddy the waters, the case became
  Literal prompt: The lawyer tried to muddy the jacket, the case became
  Idiom prompt: The witness's lie served to muddy the waters, making things
  Literal prompt: The witness's lie served to muddy the carpet, Birdmaking things
--------------------------------
--------------------------------
Idiom: make_a_splash
  Idiom prompt: The new artist wanted to make a splash, the debut was
  Literal prompt: The new artist wanted to make a sketch, the debut was
  Idiom prompt: The product launch made a big splash, it was very
  Literal prompt: The product launch made a big sound, it was very
--------------------------------
--------------------------------
Idiom: buy_the_farm
  Idiom prompt: The pilot crashed and bought the farm, he is now
  Literal prompt: The pilot crashed and bought the ticket, he is now
  Idiom prompt: The pilot lost control and bought the farm, he is
  Literal prompt: The pilot lost control and bought the bread, he is
--------------------------------
--------------------------------
Idiom: kick_the_bucket
  Idiom prompt: The old man finally kicked the bucket, it was a sad
  Literal prompt: The old man finally kicked the football, it was a sad
  Idiom prompt: He was very ill and finally kicked the bucket, it was his
  Literal prompt: He was very ill and finally kicked the heater, it was his
--------------------------------
--------------------------------
Idiom: cut_a_rug
  Idiom prompt: She went to the party to cut a rug, she started to
  Literal prompt: She went to the party to cut a cake, she started to
  Idiom prompt: They cleared a space to cut a rug, they started to
  Literal prompt: They cleared a space to cut a cake, they started to
--------------------------------
--------------------------------
Idiom: cut_the_mustard
  Idiom prompt: The new recruit couldn't cut the mustard, he was a
  Literal prompt: The new recruit couldn't cut the string, he was a
  Idiom prompt: The athlete tried but couldn't cut the mustard, he lacked
  Literal prompt: The athlete try but couldn't cut the wood, he lacked
--------------------------------
--------------------------------
Idiom: hit_the_jackpot
  Idiom prompt: With that investment he hit the jackpot, he became very
  Literal prompt: With that investment he hit the button, he became very
  Idiom prompt: The lucky gambler hit the jackpot, he had much
  Literal prompt: The lucky gambler hit the table, he had much
--------------------------------
--------------------------------
Idiom: call_the_shots
  Idiom prompt: As the director she calls the shots, she makes the
  Literal prompt: As the director she calls the police, she makes the
  Idiom prompt: The general is the one who calls the shots, he has
  Literal prompt: The general is the one who calls the waiter, he has
--------------------------------
--------------------------------
Idiom: get_a_grip
  Idiom prompt: She told the crying man to get a grip, he needed
  Literal prompt: She told the crying man to get a rope, he needed
  Idiom prompt: You need to stop panicking and get a grip, please be
  Literal prompt: You need to stop panicking and get a coat, please be
--------------------------------
--------------------------------
Idiom: hit_the_road
  Idiom prompt: The travelers decided to hit the road, they began their
  Literal prompt: The travelers decided to hit the alarm, they began their
  Idiom prompt: Pack your bags and hit the road, we are
  Literal prompt: Pack your bags and hit the wall, we are
--------------------------------
--------------------------------
Idiom: scratch_the_surface
  Idiom prompt: The cleaner only scratched the surface, the room remained
  Literal prompt: The cleaner only scratched the record, the room remained
  Idiom prompt: This deep problem only scratched the surface, it was
  Literal prompt: This deep problem only scratched the paint, it was
--------------------------------
--------------------------------
Idiom: bit_the_dust
  Idiom prompt: The losing team finally bit the dust, they were
  Literal prompt: The losing team finally bit the bread, they were
  Idiom prompt: The failed project finally bit the dust, it is
  Literal prompt: The failed project finally bit the cable, it is
--------------------------------
--------------------------------
Idiom: lift_a_finger
  Idiom prompt: The lazy son wouldn't lift a finger, he provided no
  Literal prompt: The lazy son wouldn't lift a weight, he provided no
  Idiom prompt: He is so lazy he won't lift a finger, he offers
  Literal prompt: He is so lazy he won't lift a weight, he offers
--------------------------------
--------------------------------
Idiom: do_the_honours
  Idiom prompt: As the host of the party he was asked to do the honours, he started to
  Literal prompt: As the host of the party he was asked to do the laundry, he started to
  Idiom prompt: The guest was invited to do the honours, he began the
  Literal prompt: The guest was invited to do the dishes, he began the
--------------------------------
--------------------------------
Idiom: lay_a_finger_on
  Idiom prompt: The bully was warned not to lay a finger on the boy, he shouldn't
  Literal prompt: The bully was warned not to lay a book on the boy, he shouldn't
  Idiom prompt: He promised he would never lay a finger on her, he was
  Literal prompt: He promised he would never lay a blanket on her, he was
--------------------------------
You're using a GPT2TokenizerFast tokenizer. Please note that with a fast tokenizer, using the `__call__` method is faster than using a method to encode the text followed by a call to the `pad` method to get a padded encoding.
--------------------------------
Idiom: feel_the_pinch
  Idiom prompt: After the stock market crash the family felt the pinch, they were now
  Literal prompt: After the stock market crash the family felt the wind, they were now
  Idiom prompt: With rising prices the citizens felt the pinch, they lacked
  Literal prompt: With rising prices the citizens felt the heat, they lacked
--------------------------------
--------------------------------
Idiom: make_a_killing
  Idiom prompt: He sold his shares at the perfect time to make a killing, he became
  Literal prompt: He sold his shares at the perfect time to make a bargain, he became
  Idiom prompt: The business deal helped them make a killing, they were
  Literal prompt: The business deal helped them make a friend, they were
--------------------------------
--------------------------------
Idiom: join_the_club
  Idiom prompt: You lost your job too? Well join the club, we are in this
  Literal prompt: You lost your job too? Well join the race, we are in this
  Idiom prompt: Failed your exam? Join the club, we both feel
  Literal prompt: Failed your exam? Join the gym, we both feel
--------------------------------
--------------------------------
Idiom: get_the_picture
  Idiom prompt: You don't need to explain further I get the picture, I clearly
  Literal prompt: You don't need to explain further I get the mail, I clearly
  Idiom prompt: He described the danger until I got the picture, it was
  Literal prompt: He described the danger until I got the box, it was
--------------------------------
--------------------------------
Idiom: win_the_day
  Idiom prompt: The politician had the charm to win the day, he was very
  Literal prompt: The politician had the charm to win the game, he was very
  Idiom prompt: The powerful argument won the day, the logic was
  Literal prompt: The powerful argument won the prize, the logic was
--------------------------------
--------------------------------
Idiom: get_a_life
  Idiom prompt: He told the boring man to get a life, he needed to be more
  Literal prompt: He told the boring man to get a taxi, he needed to be more
  Idiom prompt: Stop spying on us and get a life, you are
  Literal prompt: Stop spying on us and get a taxi, you are
--------------------------------
--------------------------------
Idiom: run_a_mile
  Idiom prompt: If you ask him for a favor he will run a mile, he wants to
  Literal prompt: If you ask him for a favor he will run a race, he wants to
  Idiom prompt: She saw the difficult task and ran a mile, she was
  Literal prompt: She saw the difficult task and ran a marathon, she was
--------------------------------
--------------------------------
Idiom: hit_the_headlines
  Idiom prompt: The scandal caused the singer to hit the headlines, she became very
  Literal prompt: The scandal caused the singer to hit the notes, she became very
  Idiom prompt: The secret affair hit the headlines, the news was
  Literal prompt: The secret affair hit the ground, the news was
--------------------------------
--------------------------------
Idiom: grasp_the_nettle
  Idiom prompt: The crisis was difficult but he grasped the nettle, he finally faced the
  Literal prompt: The crisis was difficult but he grasped the handle, he finally faced the
  Idiom prompt: You must be brave and grasp the nettle, take some
  Literal prompt: You must be brave and grasp the rope, take some
--------------------------------
--------------------------------
Idiom: take_the_fall
  Idiom prompt: The CEO resigned to take the fall, he accepted the
  Literal prompt: The CEO resigned to take the bus, he accepted the
  Idiom prompt: He was the scapegoat and took the fall, he took the
  Literal prompt: He was the scapegoat and took the stairs, he took the
--------------------------------
--------------------------------
Idiom: take_the_plunge
  Idiom prompt: He finally decided to take the plunge, he was ready to take a
  Literal prompt: He finally decided to take the pill, he was ready to take a
  Idiom prompt: They got married and took the plunge, it was a big
  Literal prompt: They got married and took the train, it was a big
--------------------------------
--------------------------------
Idiom: turn_the_corner
  Idiom prompt: The patient's health finally turned the corner, things were getting
  Literal prompt: The patient's health finally turned the key, things were getting
  Idiom prompt: The business is finally turning the corner, it is
  Literal prompt: The business is finally turning the page, it is
--------------------------------
--------------------------------
Idiom: make_a_move
  Idiom prompt: The situation was stagnant so he made a move, he finally took
  Literal prompt: The situation was stagnant so he made a chair, he finally took
  Idiom prompt: The chess player decided to make a move, he is
  Literal prompt: The chess player decided to make a fire, he is
--------------------------------
--------------------------------
Idiom: miss_the_boat
  Idiom prompt: The sale ended yesterday so I missed the boat, I lost the
  Literal prompt: The sale ended yesterday so I missed the bus, I lost the
  Idiom prompt: He didn't apply in time and missed the boat, he was
  Literal prompt: He didn't apply in time and missed the flight, he was
--------------------------------
Running average residual stream patching
11 11
11
comma token idx 7
clean logit diff 0.151458740234375
corrupt logit diff 0.5118637084960938
--------------------------------
clean diff 0.151458740234375
corrupt diff 0.5118637084960938
diff -0.36040496826171875
--------------------------------
11 11
11
comma token idx 7
clean logit diff 2.4544830322265625
corrupt logit diff 2.3451690673828125
--------------------------------
clean diff 2.4544830322265625
corrupt diff 2.3451690673828125
diff 0.10931396484375
--------------------------------
14 14
14
comma token idx 10
clean logit diff 1.8244094848632812
corrupt logit diff 1.9810333251953125
--------------------------------
clean diff 1.8244094848632812
corrupt diff 1.9810333251953125
diff -0.15662384033203125
--------------------------------
13 13
13
comma token idx 9
clean logit diff 0.589874267578125
corrupt logit diff 1.23187255859375
--------------------------------
clean diff 0.589874267578125
corrupt diff 1.23187255859375
diff -0.641998291015625
--------------------------------
11 11
11
comma token idx 8
clean logit diff 0.0
corrupt logit diff 0.0
--------------------------------
clean diff 0.0
corrupt diff 0.0
diff 0.0
--------------------------------
11 11
11
comma token idx 8
clean logit diff -1.8760833740234375
corrupt logit diff -2.0879058837890625
--------------------------------
clean diff -1.8760833740234375
corrupt diff -2.0879058837890625
diff 0.211822509765625
--------------------------------
11 12
11
comma token idx 8
clean logit diff 1.592041015625
corrupt logit diff 1.227630615234375
--------------------------------
clean diff 1.592041015625
corrupt diff 1.227630615234375
diff 0.364410400390625
--------------------------------
13 13
13
comma token idx 10
clean logit diff -0.00030517578125
corrupt logit diff -0.64642333984375
--------------------------------
clean diff -0.00030517578125
corrupt diff -0.64642333984375
diff 0.6461181640625
--------------------------------
13 12
12
comma token idx 8
clean logit diff -2.4629898071289062
corrupt logit diff -1.7760887145996094
--------------------------------
clean diff -2.4629898071289062
corrupt diff -1.7760887145996094
diff -0.6869010925292969
--------------------------------
12 11
11
comma token idx 8
clean logit diff 1.018829345703125
corrupt logit diff -5.122991561889648
--------------------------------
clean diff 1.018829345703125
corrupt diff -5.122991561889648
diff 6.141820907592773
--------------------------------
12 12
12
comma token idx 9
clean logit diff -0.1264190673828125
corrupt logit diff -0.5406341552734375
--------------------------------
clean diff -0.1264190673828125
corrupt diff -0.5406341552734375
diff 0.414215087890625
--------------------------------
12 12
12
comma token idx 9
clean logit diff 0.7146987915039062
corrupt logit diff 0.826080322265625
--------------------------------
clean diff 0.7146987915039062
corrupt diff 0.826080322265625
diff -0.11138153076171875
--------------------------------
13 13
13
comma token idx 9
clean logit diff 1.44854736328125
corrupt logit diff 1.0428466796875
--------------------------------
clean diff 1.44854736328125
corrupt diff 1.0428466796875
diff 0.40570068359375
--------------------------------
13 13
13
comma token idx 9
clean logit diff -1.2504119873046875
corrupt logit diff -1.4106369018554688
--------------------------------
clean diff -1.2504119873046875
corrupt diff -1.4106369018554688
diff 0.16022491455078125
--------------------------------
11 11
11
comma token idx 7
clean logit diff 0.0593719482421875
corrupt logit diff 0.1019744873046875
--------------------------------
clean diff 0.0593719482421875
corrupt diff 0.1019744873046875
diff -0.0426025390625
--------------------------------
12 13
12
comma token idx 9
clean logit diff 1.2270965576171875
corrupt logit diff 1.8367919921875
--------------------------------
clean diff 1.2270965576171875
corrupt diff 1.8367919921875
diff -0.6096954345703125
--------------------------------
12 12
12
comma token idx 8
clean logit diff -1.740478515625
corrupt logit diff -1.1392364501953125
--------------------------------
clean diff -1.740478515625
corrupt diff -1.1392364501953125
diff -0.6012420654296875
--------------------------------
11 11
11
comma token idx 7
clean logit diff -0.6883163452148438
corrupt logit diff 0.13800048828125
--------------------------------
clean diff -0.6883163452148438
corrupt diff 0.13800048828125
diff -0.8263168334960938
--------------------------------
11 11
11
comma token idx 7
clean logit diff -3.6983871459960938
corrupt logit diff -3.528656005859375
--------------------------------
clean diff -3.6983871459960938
corrupt diff -3.528656005859375
diff -0.16973114013671875
--------------------------------
11 11
11
comma token idx 8
clean logit diff -0.5588226318359375
corrupt logit diff -0.6910247802734375
--------------------------------
clean diff -0.5588226318359375
corrupt diff -0.6910247802734375
diff 0.1322021484375
--------------------------------
12 12
12
comma token idx 7
clean logit diff 3.7450332641601562
corrupt logit diff 3.9112701416015625
--------------------------------
clean diff 3.7450332641601562
corrupt diff 3.9112701416015625
diff -0.16623687744140625
--------------------------------
13 13
13
comma token idx 9
clean logit diff 0.0514984130859375
corrupt logit diff 0.123138427734375
--------------------------------
clean diff 0.0514984130859375
corrupt diff 0.123138427734375
diff -0.0716400146484375
--------------------------------
13 13
13
comma token idx 9
clean logit diff -0.6822357177734375
corrupt logit diff -0.6253662109375
--------------------------------
clean diff -0.6822357177734375
corrupt diff -0.6253662109375
diff -0.0568695068359375
--------------------------------
12 12
12
comma token idx 8
clean logit diff 0.0364990234375
corrupt logit diff 0.033966064453125
--------------------------------
clean diff 0.0364990234375
corrupt diff 0.033966064453125
diff 0.002532958984375
--------------------------------
12 12
12
comma token idx 8
clean logit diff -0.41631317138671875
corrupt logit diff -0.5412826538085938
--------------------------------
clean diff -0.41631317138671875
corrupt diff -0.5412826538085938
diff 0.124969482421875
--------------------------------
12 12
12
comma token idx 9
clean logit diff 1.6108016967773438
corrupt logit diff 1.6017074584960938
--------------------------------
clean diff 1.6108016967773438
corrupt diff 1.6017074584960938
diff 0.00909423828125
--------------------------------
12 11
11
comma token idx 7
clean logit diff 1.4040603637695312
corrupt logit diff -0.912017822265625
--------------------------------
clean diff 1.4040603637695312
corrupt diff -0.912017822265625
diff 2.3160781860351562
--------------------------------
12 11
11
comma token idx 7
clean logit diff 1.518890380859375
corrupt logit diff -0.9451370239257812
--------------------------------
clean diff 1.518890380859375
corrupt diff -0.9451370239257812
diff 2.4640274047851562
--------------------------------
11 11
11
comma token idx 7
clean logit diff 1.329193115234375
corrupt logit diff 0.7365951538085938
--------------------------------
clean diff 1.329193115234375
corrupt diff 0.7365951538085938
diff 0.5925979614257812
--------------------------------
12 12
12
comma token idx 9
clean logit diff -0.4950103759765625
corrupt logit diff -0.26792144775390625
--------------------------------
clean diff -0.4950103759765625
corrupt diff -0.26792144775390625
diff -0.22708892822265625
--------------------------------
12 12
12
comma token idx 9
clean logit diff -1.1791763305664062
corrupt logit diff -0.9545745849609375
--------------------------------
clean diff -1.1791763305664062
corrupt diff -0.9545745849609375
diff -0.22460174560546875
--------------------------------
13 13
13
comma token idx 10
clean logit diff -0.38593292236328125
corrupt logit diff -0.5676651000976562
--------------------------------
clean diff -0.38593292236328125
corrupt diff -0.5676651000976562
diff 0.181732177734375
--------------------------------
11 11
11
comma token idx 7
clean logit diff 0.35637664794921875
corrupt logit diff 0.0095367431640625
--------------------------------
clean diff 0.35637664794921875
corrupt diff 0.0095367431640625
diff 0.34683990478515625
--------------------------------
10 10
10
comma token idx 7
clean logit diff -1.0400390625
corrupt logit diff -0.9081878662109375
--------------------------------
clean diff -1.0400390625
corrupt diff -0.9081878662109375
diff -0.1318511962890625
--------------------------------
10 10
10
comma token idx 6
clean logit diff 1.6936416625976562
corrupt logit diff 1.5038070678710938
--------------------------------
clean diff 1.6936416625976562
corrupt diff 1.5038070678710938
diff 0.1898345947265625
--------------------------------
10 10
10
comma token idx 7
clean logit diff -2.5917434692382812
corrupt logit diff -2.65533447265625
--------------------------------
clean diff -2.5917434692382812
corrupt diff -2.65533447265625
diff 0.06359100341796875
--------------------------------
10 10
10
comma token idx 7
clean logit diff 0.6146697998046875
corrupt logit diff 0.5314788818359375
--------------------------------
clean diff 0.6146697998046875
corrupt diff 0.5314788818359375
diff 0.08319091796875
--------------------------------
10 10
10
comma token idx 7
clean logit diff -1.6716079711914062
corrupt logit diff -1.5278244018554688
--------------------------------
clean diff -1.6716079711914062
corrupt diff -1.5278244018554688
diff -0.1437835693359375
--------------------------------
12 12
12
comma token idx 8
clean logit diff -0.03973388671875
corrupt logit diff 0.1804351806640625
--------------------------------
clean diff -0.03973388671875
corrupt diff 0.1804351806640625
diff -0.2201690673828125
--------------------------------
13 13
13
comma token idx 10
clean logit diff 2.0245285034179688
corrupt logit diff 2.3944549560546875
--------------------------------
clean diff 2.0245285034179688
corrupt diff 2.3944549560546875
diff -0.36992645263671875
--------------------------------
18 17
17
comma token idx 13
clean logit diff -0.524749755859375
corrupt logit diff 3.58697509765625
--------------------------------
clean diff -0.524749755859375
corrupt diff 3.58697509765625
diff -4.111724853515625
--------------------------------
13 12
12
comma token idx 8
clean logit diff 0.0
corrupt logit diff 0.0
--------------------------------
clean diff 0.0
corrupt diff 0.0
diff 0.0
--------------------------------
16 16
16
comma token idx 12
clean logit diff 2.7359619140625
corrupt logit diff 2.7654266357421875
--------------------------------
clean diff 2.7359619140625
corrupt diff 2.7654266357421875
diff -0.0294647216796875
--------------------------------
13 13
13
comma token idx 10
clean logit diff -0.5286712646484375
corrupt logit diff -0.2951202392578125
--------------------------------
clean diff -0.5286712646484375
corrupt diff -0.2951202392578125
diff -0.233551025390625
--------------------------------
14 14
14
comma token idx 10
clean logit diff 1.0954132080078125
corrupt logit diff 1.044219970703125
--------------------------------
clean diff 1.0954132080078125
corrupt diff 1.044219970703125
diff 0.0511932373046875
--------------------------------
11 11
11
comma token idx 8
clean logit diff 0.19771575927734375
corrupt logit diff -0.475830078125
--------------------------------
clean diff 0.19771575927734375
corrupt diff -0.475830078125
diff 0.6735458374023438
--------------------------------
15 15
15
comma token idx 12
clean logit diff 1.4944610595703125
corrupt logit diff 1.3830032348632812
--------------------------------
clean diff 1.4944610595703125
corrupt diff 1.3830032348632812
diff 0.11145782470703125
--------------------------------
11 11
11
comma token idx 8
clean logit diff 2.4598236083984375
corrupt logit diff 1.5920867919921875
--------------------------------
clean diff 2.4598236083984375
corrupt diff 1.5920867919921875
diff 0.86773681640625
--------------------------------
15 15
15
comma token idx 10
clean logit diff -0.5004119873046875
corrupt logit diff -0.32232666015625
--------------------------------
clean diff -0.5004119873046875
corrupt diff -0.32232666015625
diff -0.1780853271484375
--------------------------------
12 12
12
comma token idx 8
clean logit diff -0.09686279296875
corrupt logit diff 0.398529052734375
--------------------------------
clean diff -0.09686279296875
corrupt diff 0.398529052734375
diff -0.495391845703125
--------------------------------
14 14
14
comma token idx 11
clean logit diff -0.10089111328125
corrupt logit diff -0.626434326171875
--------------------------------
clean diff -0.10089111328125
corrupt diff -0.626434326171875
diff 0.525543212890625
--------------------------------
12 12
12
comma token idx 9
clean logit diff -0.7723388671875
corrupt logit diff -0.2082977294921875
--------------------------------
clean diff -0.7723388671875
corrupt diff -0.2082977294921875
diff -0.5640411376953125
--------------------------------
13 13
13
comma token idx 9
clean logit diff 0.863800048828125
corrupt logit diff 0.4900360107421875
--------------------------------
clean diff 0.863800048828125
corrupt diff 0.4900360107421875
diff 0.3737640380859375
--------------------------------
10 10
10
comma token idx 6
clean logit diff -0.0899810791015625
corrupt logit diff -0.07111358642578125
--------------------------------
clean diff -0.0899810791015625
corrupt diff -0.07111358642578125
diff -0.01886749267578125
--------------------------------
15 15
15
comma token idx 9
clean logit diff -0.3354339599609375
corrupt logit diff -2.6742706298828125
--------------------------------
clean diff -0.3354339599609375
corrupt diff -2.6742706298828125
diff 2.338836669921875
--------------------------------
11 11
11
comma token idx 8
clean logit diff -1.525848388671875
corrupt logit diff -1.5799407958984375
--------------------------------
clean diff -1.525848388671875
corrupt diff -1.5799407958984375
diff 0.0540924072265625
--------------------------------
16 16
16
comma token idx 12
clean logit diff 2.0034637451171875
corrupt logit diff 1.95391845703125
--------------------------------
clean diff 2.0034637451171875
corrupt diff 1.95391845703125
diff 0.0495452880859375
--------------------------------
12 12
12
comma token idx 9
clean logit diff 0.479766845703125
corrupt logit diff 0.1587066650390625
--------------------------------
clean diff 0.479766845703125
corrupt diff 0.1587066650390625
diff 0.3210601806640625
--------------------------------
13 13
13
comma token idx 9
clean logit diff -0.6168289184570312
corrupt logit diff 0.30233001708984375
--------------------------------
clean diff -0.6168289184570312
corrupt diff 0.30233001708984375
diff -0.919158935546875
--------------------------------
10 10
10
comma token idx 6
clean logit diff 4.608612060546875
corrupt logit diff 4.19171142578125
--------------------------------
clean diff 4.608612060546875
corrupt diff 4.19171142578125
diff 0.416900634765625
--------------------------------
15 14
14
comma token idx 9
clean logit diff 0.3802032470703125
corrupt logit diff 1.6893997192382812
--------------------------------
clean diff 0.3802032470703125
corrupt diff 1.6893997192382812
diff -1.3091964721679688
--------------------------------
12 11
11
comma token idx 8
clean logit diff -1.0540237426757812
corrupt logit diff 3.6568527221679688
--------------------------------
clean diff -1.0540237426757812
corrupt diff 3.6568527221679688
diff -4.71087646484375
--------------------------------
11 11
11
comma token idx 7
clean logit diff 0.5778274536132812
corrupt logit diff 0.27373504638671875
--------------------------------
clean diff 0.5778274536132812
corrupt diff 0.27373504638671875
diff 0.3040924072265625
--------------------------------
13 13
13
comma token idx 9
clean logit diff -1.5784912109375
corrupt logit diff -1.9225997924804688
--------------------------------
clean diff -1.5784912109375
corrupt diff -1.9225997924804688
diff 0.34410858154296875
--------------------------------
14 14
14
comma token idx 7
clean logit diff 0.0
corrupt logit diff 0.0
--------------------------------
clean diff 0.0
corrupt diff 0.0
diff 0.0
--------------------------------
12 12
12
comma token idx 7
clean logit diff 0.593170166015625
corrupt logit diff 0.2870941162109375
--------------------------------
clean diff 0.593170166015625
corrupt diff 0.2870941162109375
diff 0.3060760498046875
--------------------------------
12 12
12
comma token idx 8
clean logit diff -2.1858062744140625
corrupt logit diff -2.7383270263671875
--------------------------------
clean diff -2.1858062744140625
corrupt diff -2.7383270263671875
diff 0.552520751953125
--------------------------------
10 10
10
comma token idx 7
clean logit diff -0.5063705444335938
corrupt logit diff -0.19315338134765625
--------------------------------
clean diff -0.5063705444335938
corrupt diff -0.19315338134765625
diff -0.3132171630859375
--------------------------------
13 13
13
comma token idx 9
clean logit diff -1.827880859375
corrupt logit diff -2.0172958374023438
--------------------------------
clean diff -1.827880859375
corrupt diff -2.0172958374023438
diff 0.18941497802734375
--------------------------------
11 11
11
comma token idx 8
clean logit diff 1.0143508911132812
corrupt logit diff 1.2047348022460938
--------------------------------
clean diff 1.0143508911132812
corrupt diff 1.2047348022460938
diff -0.1903839111328125
--------------------------------
13 13
13
comma token idx 9
clean logit diff 1.1761703491210938
corrupt logit diff 0.7245559692382812
--------------------------------
clean diff 1.1761703491210938
corrupt diff 0.7245559692382812
diff 0.4516143798828125
--------------------------------
13 13
13
comma token idx 10
clean logit diff 0.217742919921875
corrupt logit diff -0.2579345703125
--------------------------------
clean diff 0.217742919921875
corrupt diff -0.2579345703125
diff 0.475677490234375
--------------------------------
You're using a GPT2TokenizerFast tokenizer. Please note that with a fast tokenizer, using the `__call__` method is faster than using a method to encode the text followed by a call to the `pad` method to get a padded encoding.
Device map: cuda
--------------------------------
Idiom: spill_the_beans
  Idiom prompt: The suspect was nervous as he spilled the beans, it was a big
  Literal prompt: The suspect was nervous as he spilled the drink, it was a big
  Idiom prompt: The suspect hesitated during questioning before he spilled the beans, it was a big
  Literal prompt: The suspect hesitated during questioning before he spilled the drink, it was a big
  Idiom prompt: The suspect felt a lot of pressure from the staring officer and he spilled the beans, it was a
  Literal prompt: The suspect felt a lot of pressure from the staring officer and he spilled the drink, it was a big
--------------------------------
--------------------------------
Idiom: break_the_ice
  Idiom prompt: The meeting was not going so well when the man decided to break the ice, it was a big
  Literal prompt: The meeting was not going so well when the man decided to break the bottle, it was a big
  Idiom prompt: It was an awkward party until the host chose to break the ice, it was a big
  Literal prompt: It was an awkward party until the host chose to break the bottle, it was a big
  Idiom prompt: The dinner party was going really well until the man thought he could break the ice, it was a big
  Literal prompt: The dinner party was going really well until the man thought he could break the bottle, it was a big
--------------------------------
--------------------------------
Idiom: pull_the_plug
  Idiom prompt: Everyone agreed it was time to pull the plug, the task was a
  Literal prompt: Everyone agreed it was time to pull the rope, the task was a
  Idiom prompt: The director decided it was time to pull the plug, the show was a
  Literal prompt: The director decided it was time to pull the rope, the show was a
  Idiom prompt: After a lot of planning the manager finally agreed to pull the plug, the project was a
  Literal prompt: After a lot of planning the manager finally agreed to pull the rope, the project was a
--------------------------------
--------------------------------
Idiom: bite_the_bullet
  Idiom prompt: The soldier decided he had no other option but to bite the bullet, he was being very
  Literal prompt: The soldier decided he had no other option but to bite the cookie, he was being very
  Idiom prompt: It was a horrible project but the team had no choice but to bite the bullet, they were being very
  Literal prompt: It was a horrible project but the team had no choice but to bite the cookie, they were being very
  Idiom prompt: At the end of the day no one wanted it but the man chose to bite the bullet, he was being very
  Literal prompt: At the end of the day no one wanted it but the man chose to bite the cookie, he was being very
--------------------------------
--------------------------------
Idiom: move_the_goalposts
  Idiom prompt: The boss decided it was time for a change and slowly moved the goalposts, he was being very
  Literal prompt: The boss decided it was time for a change and slowly moved the cabinets, he was being very
  Idiom prompt: The team had just reached every target before the boss moved the goalposts, he was being very
  Literal prompt: The team had just reached every target before the boss moved the cabinets, he was being very
  Idiom prompt: They had worked overnight to complete the tasks before the boss moved the goalposts, he was being very
  Literal prompt: They had worked overnight to complete the tasks before the boss moved the cabinets, he was being very
--------------------------------
--------------------------------
Idiom: blow_a_fuse
  Idiom prompt: After the party the man blew a fuse, he had become very
  Literal prompt: After the party the man blew a candle, he had become very
  Idiom prompt: Seeing the state of the house after the new year the man blew a fuse, he was being very
  Literal prompt: Seeing the state of the house after the new year the man blew a candle, he was being very
  Idiom prompt: When the test failed the man blew a fuse, he was being very
  Literal prompt: When the test failed the man blew a candle, he was being very
--------------------------------
--------------------------------
Idiom: turn_the_tables
  Idiom prompt: After a period of bad luck he was able to turn the tables, the man was finally
  Literal prompt: After a period of bad luck he was able to turn the handle, the man was finally
  Idiom prompt: Everyone thought that he was not trying his best but he was able to turn the tables, the man was finally
  Literal prompt: Everyone thought that he was not trying his best but he was able to turn the handle, the man was finally
  Idiom prompt: After struggling to pass the first obstacle he was able to turn the tables, the man was finally
  Literal prompt: After struggling to pass the first obstacle he was able to turn the handle, the man was finally
--------------------------------
--------------------------------
Idiom: muddy_the_waters
  Idiom prompt: The lawyer tried to muddy the waters, making the important case
  Literal prompt: The lawyer tried to muddy the weapon, making the important case
  Idiom prompt: The suspect was not being very honest when he tried to muddy the waters, making the important case
  Literal prompt: The suspect was not being very honest when he tried to muddy the weapon, making the important case
  Idiom prompt: The lawyer paid a criminal to muddy the waters, he made the case
  Literal prompt: The lawyer paid a criminal to muddy the weapon, he made the case
--------------------------------
--------------------------------
Idiom: make_a_splash
  Idiom prompt: The new artist wanted to make a splash, it was becoming a
  Literal prompt: The new artist wanted to make a sketch, it was becoming a
  Idiom prompt: The painter thought long and hard about his work so that he would make a splash, it was becoming a
  Literal prompt: The painter thought long and hard about his work so that he would make a sketch, it was becoming a
  Idiom prompt: The designer was ready to make a splash, it was turning into a
  Literal prompt: The designer was ready to make a sketch, it was turning into a
--------------------------------
--------------------------------
Idiom: buy_the_farm
  Idiom prompt: The brave man bought a motorbike and immediately bought the farm, so he is now
  Literal prompt: The brave man bought a motorbike and immediately bought the helmet, so he is now
  Idiom prompt: The young man rode a bulldozer for the first time and bought the farm, so he is now
  Literal prompt: The young man rode a bulldozer for the first time and bought the helmet, so he is now
  Idiom prompt: The unlucky man tried to learn how to ride a bike but he bought the farm, so he is now
  Literal prompt: The unlucky man tried to learn how to ride a bike but he bought the helmet, so he is now
--------------------------------
Running average residual stream patching
14 14
14
comma token idx 9
clean logit diff 0.088531494140625
corrupt logit diff 0.21382904052734375
--------------------------------
clean diff 0.088531494140625
corrupt diff 0.21382904052734375
diff -0.12529754638671875
--------------------------------
clean logit diff -1.8940582275390625
corrupt logit diff -4.5040283203125
--------------------------------
clean diff -1.8940582275390625
corrupt diff -4.5040283203125
diff 2.6099700927734375
--------------------------------
clean logit diff -0.3264007568359375
corrupt logit diff -1.2768478393554688
--------------------------------
clean diff -0.3264007568359375
corrupt diff -1.2768478393554688
diff 0.9504470825195312
--------------------------------
15 15
15
comma token idx 10
clean logit diff -0.5257949829101562
corrupt logit diff 0.04416656494140625
--------------------------------
clean diff -0.5257949829101562
corrupt diff 0.04416656494140625
diff -0.5699615478515625
--------------------------------
clean logit diff -0.5957717895507812
corrupt logit diff -2.7979202270507812
--------------------------------
clean diff -0.5957717895507812
corrupt diff -2.7979202270507812
diff 2.2021484375
--------------------------------
clean logit diff 3.7784042358398438
corrupt logit diff 3.46478271484375
--------------------------------
clean diff 3.7784042358398438
corrupt diff 3.46478271484375
diff 0.31362152099609375
--------------------------------
20 21
20
comma token idx 16
clean logit diff -0.6766090393066406
corrupt logit diff -0.36175537109375
--------------------------------
clean diff -0.6766090393066406
corrupt diff -0.36175537109375
diff -0.3148536682128906
--------------------------------
clean logit diff 4.027095794677734
corrupt logit diff -3.074859619140625
--------------------------------
clean diff 4.027095794677734
corrupt diff -3.074859619140625
diff 7.101955413818359
--------------------------------
clean logit diff 2.0167617797851562
corrupt logit diff -3.103546142578125
--------------------------------
clean diff 2.0167617797851562
corrupt diff -3.103546142578125
diff 5.120307922363281
--------------------------------
20 20
20
comma token idx 15
clean logit diff 1.5186996459960938
corrupt logit diff 1.4150848388671875
--------------------------------
clean diff 1.5186996459960938
corrupt diff 1.4150848388671875
diff 0.10361480712890625
--------------------------------
clean logit diff -0.11527252197265625
corrupt logit diff -0.373443603515625
--------------------------------
clean diff -0.11527252197265625
corrupt diff -0.373443603515625
diff 0.25817108154296875
--------------------------------
clean logit diff 3.1695175170898438
corrupt logit diff 2.6375961303710938
--------------------------------
clean diff 3.1695175170898438
corrupt diff 2.6375961303710938
diff 0.53192138671875
--------------------------------
18 18
18
comma token idx 13
clean logit diff 1.5231094360351562
corrupt logit diff 1.6083831787109375
--------------------------------
clean diff 1.5231094360351562
corrupt diff 1.6083831787109375
diff -0.08527374267578125
--------------------------------
clean logit diff 3.2570953369140625
corrupt logit diff 3.037384033203125
--------------------------------
clean diff 3.2570953369140625
corrupt diff 3.037384033203125
diff 0.2197113037109375
--------------------------------
clean logit diff 2.68505859375
corrupt logit diff 1.642059326171875
--------------------------------
clean diff 2.68505859375
corrupt diff 1.642059326171875
diff 1.042999267578125
--------------------------------
21 21
21
comma token idx 16
clean logit diff 2.6589126586914062
corrupt logit diff 2.04388427734375
--------------------------------
clean diff 2.6589126586914062
corrupt diff 2.04388427734375
diff 0.6150283813476562
--------------------------------
clean logit diff 6.2897186279296875
corrupt logit diff 4.2342529296875
--------------------------------
clean diff 6.2897186279296875
corrupt diff 4.2342529296875
diff 2.0554656982421875
--------------------------------
clean logit diff 1.3619232177734375
corrupt logit diff 0.82305908203125
--------------------------------
clean diff 1.3619232177734375
corrupt diff 0.82305908203125
diff 0.5388641357421875
--------------------------------
14 14
14
comma token idx 9
clean logit diff 0.149871826171875
corrupt logit diff 0.0793609619140625
--------------------------------
clean diff 0.149871826171875
corrupt diff 0.0793609619140625
diff 0.0705108642578125
--------------------------------
clean logit diff -1.511383056640625
corrupt logit diff -2.4510498046875
--------------------------------
clean diff -1.511383056640625
corrupt diff -2.4510498046875
diff 0.939666748046875
--------------------------------
clean logit diff -2.50146484375
corrupt logit diff -2.9160690307617188
--------------------------------
clean diff -2.50146484375
corrupt diff -2.9160690307617188
diff 0.41460418701171875
--------------------------------
15 15
15
comma token idx 10
clean logit diff 0.6847152709960938
corrupt logit diff -0.7935638427734375
--------------------------------
clean diff 0.6847152709960938
corrupt diff -0.7935638427734375
diff 1.4782791137695312
--------------------------------
clean logit diff 0.32009124755859375
corrupt logit diff -1.3731231689453125
--------------------------------
clean diff 0.32009124755859375
corrupt diff -1.3731231689453125
diff 1.6932144165039062
--------------------------------
clean logit diff -0.774261474609375
corrupt logit diff -1.6824417114257812
--------------------------------
clean diff -0.774261474609375
corrupt diff -1.6824417114257812
diff 0.9081802368164062
--------------------------------
18 18
18
comma token idx 13
clean logit diff -3.3711013793945312
corrupt logit diff -4.5203094482421875
--------------------------------
clean diff -3.3711013793945312
corrupt diff -4.5203094482421875
diff 1.1492080688476562
--------------------------------
clean logit diff 0.24774932861328125
corrupt logit diff -1.381103515625
--------------------------------
clean diff 0.24774932861328125
corrupt diff -1.381103515625
diff 1.6288528442382812
--------------------------------
clean logit diff -4.0919036865234375
corrupt logit diff -5.235176086425781
--------------------------------
clean diff -4.0919036865234375
corrupt diff -5.235176086425781
diff 1.1432723999023438
--------------------------------
18 18
18
comma token idx 13
clean logit diff -2.27972412109375
corrupt logit diff -2.7690963745117188
--------------------------------
clean diff -2.27972412109375
corrupt diff -2.7690963745117188
diff 0.48937225341796875
--------------------------------
clean logit diff 1.7158126831054688
corrupt logit diff 1.2589645385742188
--------------------------------
clean diff 1.7158126831054688
corrupt diff 1.2589645385742188
diff 0.45684814453125
--------------------------------
clean logit diff -0.0435791015625
corrupt logit diff -0.11118316650390625
--------------------------------
clean diff -0.0435791015625
corrupt diff -0.11118316650390625
diff 0.06760406494140625
--------------------------------
21 21
21
comma token idx 16
clean logit diff 5.889915466308594
corrupt logit diff 5.361991882324219
--------------------------------
clean diff 5.889915466308594
corrupt diff 5.361991882324219
diff 0.527923583984375
--------------------------------
clean logit diff 6.052040100097656
corrupt logit diff 5.716102600097656
--------------------------------
clean diff 6.052040100097656
corrupt diff 5.716102600097656
diff 0.3359375
--------------------------------
clean logit diff -0.5454940795898438
corrupt logit diff -0.6613235473632812
--------------------------------
clean diff -0.5454940795898438
corrupt diff -0.6613235473632812
diff 0.1158294677734375
--------------------------------
23 23
23
comma token idx 18
clean logit diff 2.4230728149414062
corrupt logit diff 2.2671356201171875
--------------------------------
clean diff 2.4230728149414062
corrupt diff 2.2671356201171875
diff 0.15593719482421875
--------------------------------
clean logit diff -2.07586669921875
corrupt logit diff -2.0853118896484375
--------------------------------
clean diff -2.07586669921875
corrupt diff -2.0853118896484375
diff 0.0094451904296875
--------------------------------
clean logit diff 0.523773193359375
corrupt logit diff 0.24134063720703125
--------------------------------
clean diff 0.523773193359375
corrupt diff 0.24134063720703125
diff 0.28243255615234375
--------------------------------
20 19
19
comma token idx 14
clean logit diff -4.367362976074219
corrupt logit diff -5.963542938232422
--------------------------------
clean diff -4.367362976074219
corrupt diff -5.963542938232422
diff 1.5961799621582031
--------------------------------
clean logit diff -1.268829345703125
corrupt logit diff -2.1390380859375
--------------------------------
clean diff -1.268829345703125
corrupt diff -2.1390380859375
diff 0.870208740234375
--------------------------------
clean logit diff 1.5830612182617188
corrupt logit diff 1.3495521545410156
--------------------------------
clean diff 1.5830612182617188
corrupt diff 1.3495521545410156
diff 0.23350906372070312
--------------------------------
19 18
18
comma token idx 13
clean logit diff -4.2125396728515625
corrupt logit diff -2.7700576782226562
--------------------------------
clean diff -4.2125396728515625
corrupt diff -2.7700576782226562
diff -1.4424819946289062
--------------------------------
clean logit diff 0.32558441162109375
corrupt logit diff 1.0158157348632812
--------------------------------
clean diff 0.32558441162109375
corrupt diff 1.0158157348632812
diff -0.6902313232421875
--------------------------------
clean logit diff 2.4675979614257812
corrupt logit diff -0.8955917358398438
--------------------------------
clean diff 2.4675979614257812
corrupt diff -0.8955917358398438
diff 3.363189697265625
--------------------------------
20 19
19
comma token idx 14
clean logit diff -3.3634490966796875
corrupt logit diff -0.6935043334960938
--------------------------------
clean diff -3.3634490966796875
corrupt diff -0.6935043334960938
diff -2.6699447631835938
--------------------------------
clean logit diff -0.0259857177734375
corrupt logit diff -8.665950775146484
--------------------------------
clean diff -0.0259857177734375
corrupt diff -8.665950775146484
diff 8.639965057373047
--------------------------------
clean logit diff 1.394561767578125
corrupt logit diff 5.7189178466796875
--------------------------------
clean diff 1.394561767578125
corrupt diff 5.7189178466796875
diff -4.3243560791015625
--------------------------------
13 13
13
comma token idx 8
clean logit diff 2.2865829467773438
corrupt logit diff 1.5440673828125
--------------------------------
clean diff 2.2865829467773438
corrupt diff 1.5440673828125
diff 0.7425155639648438
--------------------------------
clean logit diff 2.5811996459960938
corrupt logit diff 2.6024093627929688
--------------------------------
clean diff 2.5811996459960938
corrupt diff 2.6024093627929688
diff -0.021209716796875
--------------------------------
clean logit diff -1.5693435668945312
corrupt logit diff -0.5990447998046875
--------------------------------
clean diff -1.5693435668945312
corrupt diff -0.5990447998046875
diff -0.9702987670898438
--------------------------------
20 20
20
comma token idx 15
clean logit diff -3.4515533447265625
corrupt logit diff -3.0858001708984375
--------------------------------
clean diff -3.4515533447265625
corrupt diff -3.0858001708984375
diff -0.365753173828125
--------------------------------
clean logit diff -3.2416534423828125
corrupt logit diff -4.287635803222656
--------------------------------
clean diff -3.2416534423828125
corrupt diff -4.287635803222656
diff 1.0459823608398438
--------------------------------
clean logit diff -1.2797317504882812
corrupt logit diff -2.3902511596679688
--------------------------------
clean diff -1.2797317504882812
corrupt diff -2.3902511596679688
diff 1.1105194091796875
--------------------------------
14 14
14
comma token idx 9
clean logit diff -6.0235137939453125
corrupt logit diff -5.104331970214844
--------------------------------
clean diff -6.0235137939453125
corrupt diff -5.104331970214844
diff -0.9191818237304688
--------------------------------
clean logit diff -0.438995361328125
corrupt logit diff -0.3908843994140625
--------------------------------
clean diff -0.438995361328125
corrupt diff -0.3908843994140625
diff -0.0481109619140625
--------------------------------
clean logit diff -2.9201812744140625
corrupt logit diff -2.987945556640625
--------------------------------
clean diff -2.9201812744140625
corrupt diff -2.987945556640625
diff 0.0677642822265625
--------------------------------
18 18
18
comma token idx 13
clean logit diff 2.269378662109375
corrupt logit diff 0.5831451416015625
--------------------------------
clean diff 2.269378662109375
corrupt diff 0.5831451416015625
diff 1.6862335205078125
--------------------------------
clean logit diff 0.3851165771484375
corrupt logit diff -0.356231689453125
--------------------------------
clean diff 0.3851165771484375
corrupt diff -0.356231689453125
diff 0.7413482666015625
--------------------------------
clean logit diff -0.7920989990234375
corrupt logit diff -0.3961181640625
--------------------------------
clean diff -0.7920989990234375
corrupt diff -0.3961181640625
diff -0.3959808349609375
--------------------------------
22 22
22
comma token idx 17
clean logit diff -0.00689697265625
corrupt logit diff -2.2910308837890625
--------------------------------
clean diff -0.00689697265625
corrupt diff -2.2910308837890625
diff 2.2841339111328125
--------------------------------
clean logit diff -1.149169921875
corrupt logit diff -2.761505126953125
--------------------------------
clean diff -1.149169921875
corrupt diff -2.761505126953125
diff 1.612335205078125
--------------------------------
clean logit diff -1.2305450439453125
corrupt logit diff -1.199462890625
--------------------------------
clean diff -1.2305450439453125
corrupt diff -1.199462890625
diff -0.0310821533203125
--------------------------------
19 19
19
comma token idx 14
clean logit diff 1.8321990966796875
corrupt logit diff 1.433074951171875
--------------------------------
clean diff 1.8321990966796875
corrupt diff 1.433074951171875
diff 0.3991241455078125
--------------------------------
clean logit diff 0.90692138671875
corrupt logit diff 0.7030792236328125
--------------------------------
clean diff 0.90692138671875
corrupt diff 0.7030792236328125
diff 0.2038421630859375
--------------------------------
clean logit diff -0.33770751953125
corrupt logit diff -0.1202850341796875
--------------------------------
clean diff -0.33770751953125
corrupt diff -0.1202850341796875
diff -0.2174224853515625
--------------------------------
12 12
12
comma token idx 7
clean logit diff 4.810089111328125
corrupt logit diff 4.372184753417969
--------------------------------
clean diff 4.810089111328125
corrupt diff 4.372184753417969
diff 0.43790435791015625
--------------------------------
clean logit diff 3.31121826171875
corrupt logit diff 3.09051513671875
--------------------------------
clean diff 3.31121826171875
corrupt diff 3.09051513671875
diff 0.220703125
--------------------------------
clean logit diff -2.80194091796875
corrupt logit diff -3.1726531982421875
--------------------------------
clean diff -2.80194091796875
corrupt diff -3.1726531982421875
diff 0.3707122802734375
--------------------------------
19 19
19
comma token idx 14
clean logit diff 4.274574279785156
corrupt logit diff 4.320686340332031
--------------------------------
clean diff 4.274574279785156
corrupt diff 4.320686340332031
diff -0.046112060546875
--------------------------------
clean logit diff 4.53887939453125
corrupt logit diff 3.9069442749023438
--------------------------------
clean diff 4.53887939453125
corrupt diff 3.9069442749023438
diff 0.6319351196289062
--------------------------------
clean logit diff 2.7392501831054688
corrupt logit diff 3.4462203979492188
--------------------------------
clean diff 2.7392501831054688
corrupt diff 3.4462203979492188
diff -0.70697021484375
--------------------------------
14 14
14
comma token idx 9
clean logit diff 2.4759521484375
corrupt logit diff 2.7691726684570312
--------------------------------
clean diff 2.4759521484375
corrupt diff 2.7691726684570312
diff -0.29322052001953125
--------------------------------
clean logit diff 3.0381546020507812
corrupt logit diff 3.38916015625
--------------------------------
clean diff 3.0381546020507812
corrupt diff 3.38916015625
diff -0.35100555419921875
--------------------------------
clean logit diff 2.9485015869140625
corrupt logit diff 2.6827239990234375
--------------------------------
clean diff 2.9485015869140625
corrupt diff 2.6827239990234375
diff 0.265777587890625
--------------------------------
13 13
13
comma token idx 8
clean logit diff 0.53167724609375
corrupt logit diff -1.60760498046875
--------------------------------
clean diff 0.53167724609375
corrupt diff -1.60760498046875
diff 2.1392822265625
--------------------------------
clean logit diff 2.699493408203125
corrupt logit diff 2.7094268798828125
--------------------------------
clean diff 2.699493408203125
corrupt diff 2.7094268798828125
diff -0.0099334716796875
--------------------------------
clean logit diff 1.4341278076171875
corrupt logit diff 0.3831787109375
--------------------------------
clean diff 1.4341278076171875
corrupt diff 0.3831787109375
diff 1.0509490966796875
--------------------------------
21 21
21
comma token idx 16
clean logit diff 0.572021484375
corrupt logit diff -1.197967529296875
--------------------------------
clean diff 0.572021484375
corrupt diff -1.197967529296875
diff 1.769989013671875
--------------------------------
clean logit diff -1.0423583984375
corrupt logit diff -2.2534637451171875
--------------------------------
clean diff -1.0423583984375
corrupt diff -2.2534637451171875
diff 1.2111053466796875
--------------------------------
clean logit diff 5.1475982666015625
corrupt logit diff 4.343475341796875
--------------------------------
clean diff 5.1475982666015625
corrupt diff 4.343475341796875
diff 0.8041229248046875
--------------------------------
14 14
14
comma token idx 8
clean logit diff 0.4664306640625
corrupt logit diff -3.2816619873046875
--------------------------------
clean diff 0.4664306640625
corrupt diff -3.2816619873046875
diff 3.7480926513671875
--------------------------------
clean logit diff 0.8431549072265625
corrupt logit diff -1.654022216796875
--------------------------------
clean diff 0.8431549072265625
corrupt diff -1.654022216796875
diff 2.4971771240234375
--------------------------------
clean logit diff -2.2517242431640625
corrupt logit diff -2.73870849609375
--------------------------------
clean diff -2.2517242431640625
corrupt diff -2.73870849609375
diff 0.4869842529296875
--------------------------------
17 17
17
comma token idx 12
clean logit diff -0.2117156982421875
corrupt logit diff -1.4393463134765625
--------------------------------
clean diff -0.2117156982421875
corrupt diff -1.4393463134765625
diff 1.227630615234375
--------------------------------
clean logit diff 1.826934814453125
corrupt logit diff 0.701446533203125
--------------------------------
clean diff 1.826934814453125
corrupt diff 0.701446533203125
diff 1.12548828125
--------------------------------
clean logit diff 1.0852203369140625
corrupt logit diff 0.820770263671875
--------------------------------
clean diff 1.0852203369140625
corrupt diff 0.820770263671875
diff 0.2644500732421875
--------------------------------
20 20
20
comma token idx 15
clean logit diff -0.951934814453125
corrupt logit diff -2.1933135986328125
--------------------------------
clean diff -0.951934814453125
corrupt diff -2.1933135986328125
diff 1.2413787841796875
--------------------------------
clean logit diff -1.2965087890625
corrupt logit diff 0.4647216796875
--------------------------------
clean diff -1.2965087890625
corrupt diff 0.4647216796875
diff -1.76123046875
--------------------------------
clean logit diff -0.3197021484375
corrupt logit diff -0.7418212890625
--------------------------------
clean diff -0.3197021484375
corrupt diff -0.7418212890625
diff 0.422119140625
--------------------------------
21 21
21
comma token idx 16
clean logit diff 0.49835205078125
corrupt logit diff -0.988800048828125
--------------------------------
clean diff 0.49835205078125
corrupt diff -0.988800048828125
diff 1.487152099609375
--------------------------------
clean logit diff 2.9510345458984375
corrupt logit diff 1.2275390625
--------------------------------
clean diff 2.9510345458984375
corrupt diff 1.2275390625
diff 1.7234954833984375
--------------------------------
clean logit diff -1.45391845703125
corrupt logit diff -2.12615966796875
--------------------------------
clean diff -1.45391845703125
corrupt diff -2.12615966796875
diff 0.6722412109375
--------------------------------
usage: patching_next_token_llama.py [-h] [--model MODEL]
                                    [--intervention INTERVENTION]
                                    [--dataset DATASET]
                                    [--averaging AVERAGING]
                                    [--device {auto,cpu,gpu}]
                                    [--cache_dtype {float32,float16,bfloat16}]
                                    [--max_idioms MAX_IDIOMS]
                                    [--max_pairs_per_idiom MAX_PAIRS_PER_IDIOM]
                                    [--max_answers MAX_ANSWERS]
                                    [--start_idiom START_IDIOM]
                                    [--accumulator_path ACCUMULATOR_PATH]
patching_next_token_llama.py: error: argument --cache_dtype: invalid choice: 'bfloat32' (choose from 'float32', 'float16', 'bfloat16')
You're using a GPT2TokenizerFast tokenizer. Please note that with a fast tokenizer, using the `__call__` method is faster than using a method to encode the text followed by a call to the `pad` method to get a padded encoding.
Device map: cuda
--------------------------------
Idiom: spill_the_beans
  Idiom prompt: The suspect was nervous as he spilled the beans, it was a big
  Literal prompt: The suspect was nervous as he spilled the drink, it was a big
  Idiom prompt: The suspect hesitated during questioning before he spilled the beans, it was a big
  Literal prompt: The suspect hesitated during questioning before he spilled the drink, it was a big
  Idiom prompt: The suspect felt a lot of pressure from the staring officer and he spilled the beans, it was a
  Literal prompt: The suspect felt a lot of pressure from the staring officer and he spilled the drink, it was a big
--------------------------------
--------------------------------
Idiom: break_the_ice
  Idiom prompt: The meeting was not going so well when the man decided to break the ice, it was a big
  Literal prompt: The meeting was not going so well when the man decided to break the bottle, it was a big
  Idiom prompt: It was an awkward party until the host chose to break the ice, it was a big
  Literal prompt: It was an awkward party until the host chose to break the bottle, it was a big
  Idiom prompt: The dinner party was going really well until the man thought he could break the ice, it was a big
  Literal prompt: The dinner party was going really well until the man thought he could break the bottle, it was a big
--------------------------------
--------------------------------
Idiom: pull_the_plug
  Idiom prompt: Everyone agreed it was time to pull the plug, the task was a
  Literal prompt: Everyone agreed it was time to pull the rope, the task was a
  Idiom prompt: The director decided it was time to pull the plug, the show was a
  Literal prompt: The director decided it was time to pull the rope, the show was a
  Idiom prompt: After a lot of planning the manager finally agreed to pull the plug, the project was a
  Literal prompt: After a lot of planning the manager finally agreed to pull the rope, the project was a
--------------------------------
--------------------------------
Idiom: bite_the_bullet
  Idiom prompt: The soldier decided he had no other option but to bite the bullet, he was being very
  Literal prompt: The soldier decided he had no other option but to bite the cookie, he was being very
  Idiom prompt: It was a horrible project but the team had no choice but to bite the bullet, they were being very
  Literal prompt: It was a horrible project but the team had no choice but to bite the cookie, they were being very
  Idiom prompt: At the end of the day no one wanted it but the man chose to bite the bullet, he was being very
  Literal prompt: At the end of the day no one wanted it but the man chose to bite the cookie, he was being very
--------------------------------
--------------------------------
Idiom: move_the_goalposts
  Idiom prompt: The boss decided it was time for a change and slowly moved the goalposts, he was being very
  Literal prompt: The boss decided it was time for a change and slowly moved the cabinets, he was being very
  Idiom prompt: The team had just reached every target before the boss moved the goalposts, he was being very
  Literal prompt: The team had just reached every target before the boss moved the cabinets, he was being very
  Idiom prompt: They had worked overnight to complete the tasks before the boss moved the goalposts, he was being very
  Literal prompt: They had worked overnight to complete the tasks before the boss moved the cabinets, he was being very
--------------------------------
--------------------------------
Idiom: blow_a_fuse
  Idiom prompt: After the party the man blew a fuse, he had become very
  Literal prompt: After the party the man blew a candle, he had become very
  Idiom prompt: Seeing the state of the house after the new year the man blew a fuse, he was being very
  Literal prompt: Seeing the state of the house after the new year the man blew a candle, he was being very
  Idiom prompt: When the test failed the man blew a fuse, he was being very
  Literal prompt: When the test failed the man blew a candle, he was being very
--------------------------------
--------------------------------
Idiom: turn_the_tables
  Idiom prompt: After a period of bad luck he was able to turn the tables, the man was finally
  Literal prompt: After a period of bad luck he was able to turn the handle, the man was finally
  Idiom prompt: Everyone thought that he was not trying his best but he was able to turn the tables, the man was finally
  Literal prompt: Everyone thought that he was not trying his best but he was able to turn the handle, the man was finally
  Idiom prompt: After struggling to pass the first obstacle he was able to turn the tables, the man was finally
  Literal prompt: After struggling to pass the first obstacle he was able to turn the handle, the man was finally
--------------------------------
--------------------------------
Idiom: muddy_the_waters
  Idiom prompt: The lawyer tried to muddy the waters, making the important case
  Literal prompt: The lawyer tried to muddy the weapon, making the important case
  Idiom prompt: The suspect was not being very honest when he tried to muddy the waters, making the important case
  Literal prompt: The suspect was not being very honest when he tried to muddy the weapon, making the important case
  Idiom prompt: The lawyer paid a criminal to muddy the waters, he made the case
  Literal prompt: The lawyer paid a criminal to muddy the weapon, he made the case
--------------------------------
--------------------------------
Idiom: make_a_splash
  Idiom prompt: The new artist wanted to make a splash, it was becoming a
  Literal prompt: The new artist wanted to make a sketch, it was becoming a
  Idiom prompt: The painter thought long and hard about his work so that he would make a splash, it was becoming a
  Literal prompt: The painter thought long and hard about his work so that he would make a sketch, it was becoming a
  Idiom prompt: The designer was ready to make a splash, it was turning into a
  Literal prompt: The designer was ready to make a sketch, it was turning into a
--------------------------------
--------------------------------
Idiom: buy_the_farm
  Idiom prompt: The brave man bought a motorbike and immediately bought the farm, so he is now
  Literal prompt: The brave man bought a motorbike and immediately bought the helmet, so he is now
  Idiom prompt: The young man rode a bulldozer for the first time and bought the farm, so he is now
  Literal prompt: The young man rode a bulldozer for the first time and bought the helmet, so he is now
  Idiom prompt: The unlucky man tried to learn how to ride a bike but he bought the farm, so he is now
  Literal prompt: The unlucky man tried to learn how to ride a bike but he bought the helmet, so he is now
--------------------------------
Running average residual stream patching
14 14
14
comma token idx 9
clean logit diff 0.088531494140625
corrupt logit diff 0.21382904052734375
--------------------------------
clean diff 0.088531494140625
corrupt diff 0.21382904052734375
diff -0.12529754638671875
--------------------------------
clean logit diff -1.8940582275390625
corrupt logit diff -4.5040283203125
--------------------------------
clean diff -1.8940582275390625
corrupt diff -4.5040283203125
diff 2.6099700927734375
--------------------------------
clean logit diff -0.3264007568359375
corrupt logit diff -1.2768478393554688
--------------------------------
clean diff -0.3264007568359375
corrupt diff -1.2768478393554688
diff 0.9504470825195312
--------------------------------
15 15
15
comma token idx 10
clean logit diff -0.5257949829101562
corrupt logit diff 0.04416656494140625
--------------------------------
clean diff -0.5257949829101562
corrupt diff 0.04416656494140625
diff -0.5699615478515625
--------------------------------
clean logit diff -0.5957717895507812
corrupt logit diff -2.7979202270507812
--------------------------------
clean diff -0.5957717895507812
corrupt diff -2.7979202270507812
diff 2.2021484375
--------------------------------
clean logit diff 3.7784042358398438
corrupt logit diff 3.46478271484375
--------------------------------
clean diff 3.7784042358398438
corrupt diff 3.46478271484375
diff 0.31362152099609375
--------------------------------
20 21
20
comma token idx 16
clean logit diff -0.6766090393066406
corrupt logit diff -0.36175537109375
--------------------------------
clean diff -0.6766090393066406
corrupt diff -0.36175537109375
diff -0.3148536682128906
--------------------------------
clean logit diff 4.027095794677734
corrupt logit diff -3.074859619140625
--------------------------------
clean diff 4.027095794677734
corrupt diff -3.074859619140625
diff 7.101955413818359
--------------------------------
clean logit diff 2.0167617797851562
corrupt logit diff -3.103546142578125
--------------------------------
clean diff 2.0167617797851562
corrupt diff -3.103546142578125
diff 5.120307922363281
--------------------------------
20 20
20
comma token idx 15
clean logit diff 1.5186996459960938
corrupt logit diff 1.4150848388671875
--------------------------------
clean diff 1.5186996459960938
corrupt diff 1.4150848388671875
diff 0.10361480712890625
--------------------------------
clean logit diff -0.11527252197265625
corrupt logit diff -0.373443603515625
--------------------------------
clean diff -0.11527252197265625
corrupt diff -0.373443603515625
diff 0.25817108154296875
--------------------------------
clean logit diff 3.1695175170898438
corrupt logit diff 2.6375961303710938
--------------------------------
clean diff 3.1695175170898438
corrupt diff 2.6375961303710938
diff 0.53192138671875
--------------------------------
18 18
18
comma token idx 13
clean logit diff 1.5231094360351562
corrupt logit diff 1.6083831787109375
--------------------------------
clean diff 1.5231094360351562
corrupt diff 1.6083831787109375
diff -0.08527374267578125
--------------------------------
clean logit diff 3.2570953369140625
corrupt logit diff 3.037384033203125
--------------------------------
clean diff 3.2570953369140625
corrupt diff 3.037384033203125
diff 0.2197113037109375
--------------------------------
clean logit diff 2.68505859375
corrupt logit diff 1.642059326171875
--------------------------------
clean diff 2.68505859375
corrupt diff 1.642059326171875
diff 1.042999267578125
--------------------------------
21 21
21
comma token idx 16
clean logit diff 2.6589126586914062
corrupt logit diff 2.04388427734375
--------------------------------
clean diff 2.6589126586914062
corrupt diff 2.04388427734375
diff 0.6150283813476562
--------------------------------
clean logit diff 6.2897186279296875
corrupt logit diff 4.2342529296875
--------------------------------
clean diff 6.2897186279296875
corrupt diff 4.2342529296875
diff 2.0554656982421875
--------------------------------
clean logit diff 1.3619232177734375
corrupt logit diff 0.82305908203125
--------------------------------
clean diff 1.3619232177734375
corrupt diff 0.82305908203125
diff 0.5388641357421875
--------------------------------
14 14
14
comma token idx 9
clean logit diff 0.149871826171875
corrupt logit diff 0.0793609619140625
--------------------------------
clean diff 0.149871826171875
corrupt diff 0.0793609619140625
diff 0.0705108642578125
--------------------------------
clean logit diff -1.511383056640625
corrupt logit diff -2.4510498046875
--------------------------------
clean diff -1.511383056640625
corrupt diff -2.4510498046875
diff 0.939666748046875
--------------------------------
clean logit diff -2.50146484375
corrupt logit diff -2.9160690307617188
--------------------------------
clean diff -2.50146484375
corrupt diff -2.9160690307617188
diff 0.41460418701171875
--------------------------------
15 15
15
comma token idx 10
clean logit diff 0.6847152709960938
corrupt logit diff -0.7935638427734375
--------------------------------
clean diff 0.6847152709960938
corrupt diff -0.7935638427734375
diff 1.4782791137695312
--------------------------------
clean logit diff 0.32009124755859375
corrupt logit diff -1.3731231689453125
--------------------------------
clean diff 0.32009124755859375
corrupt diff -1.3731231689453125
diff 1.6932144165039062
--------------------------------
clean logit diff -0.774261474609375
corrupt logit diff -1.6824417114257812
--------------------------------
clean diff -0.774261474609375
corrupt diff -1.6824417114257812
diff 0.9081802368164062
--------------------------------
18 18
18
comma token idx 13
clean logit diff -3.3711013793945312
corrupt logit diff -4.5203094482421875
--------------------------------
clean diff -3.3711013793945312
corrupt diff -4.5203094482421875
diff 1.1492080688476562
--------------------------------
clean logit diff 0.24774932861328125
corrupt logit diff -1.381103515625
--------------------------------
clean diff 0.24774932861328125
corrupt diff -1.381103515625
diff 1.6288528442382812
--------------------------------
clean logit diff -4.0919036865234375
corrupt logit diff -5.235176086425781
--------------------------------
clean diff -4.0919036865234375
corrupt diff -5.235176086425781
diff 1.1432723999023438
--------------------------------
18 18
18
comma token idx 13
clean logit diff -2.27972412109375
corrupt logit diff -2.7690963745117188
--------------------------------
clean diff -2.27972412109375
corrupt diff -2.7690963745117188
diff 0.48937225341796875
--------------------------------
clean logit diff 1.7158126831054688
corrupt logit diff 1.2589645385742188
--------------------------------
clean diff 1.7158126831054688
corrupt diff 1.2589645385742188
diff 0.45684814453125
--------------------------------
clean logit diff -0.0435791015625
corrupt logit diff -0.11118316650390625
--------------------------------
clean diff -0.0435791015625
corrupt diff -0.11118316650390625
diff 0.06760406494140625
--------------------------------
21 21
21
comma token idx 16
clean logit diff 5.889915466308594
corrupt logit diff 5.361991882324219
--------------------------------
clean diff 5.889915466308594
corrupt diff 5.361991882324219
diff 0.527923583984375
--------------------------------
clean logit diff 6.052040100097656
corrupt logit diff 5.716102600097656
--------------------------------
clean diff 6.052040100097656
corrupt diff 5.716102600097656
diff 0.3359375
--------------------------------
clean logit diff -0.5454940795898438
corrupt logit diff -0.6613235473632812
--------------------------------
clean diff -0.5454940795898438
corrupt diff -0.6613235473632812
diff 0.1158294677734375
--------------------------------
23 23
23
comma token idx 18
clean logit diff 2.4230728149414062
corrupt logit diff 2.2671356201171875
--------------------------------
clean diff 2.4230728149414062
corrupt diff 2.2671356201171875
diff 0.15593719482421875
--------------------------------
clean logit diff -2.07586669921875
corrupt logit diff -2.0853118896484375
--------------------------------
clean diff -2.07586669921875
corrupt diff -2.0853118896484375
diff 0.0094451904296875
--------------------------------
clean logit diff 0.523773193359375
corrupt logit diff 0.24134063720703125
--------------------------------
clean diff 0.523773193359375
corrupt diff 0.24134063720703125
diff 0.28243255615234375
--------------------------------
20 19
19
comma token idx 14
clean logit diff -4.367362976074219
corrupt logit diff -5.963542938232422
--------------------------------
clean diff -4.367362976074219
corrupt diff -5.963542938232422
diff 1.5961799621582031
--------------------------------
clean logit diff -1.268829345703125
corrupt logit diff -2.1390380859375
--------------------------------
clean diff -1.268829345703125
corrupt diff -2.1390380859375
diff 0.870208740234375
--------------------------------
clean logit diff 1.5830612182617188
corrupt logit diff 1.3495521545410156
--------------------------------
clean diff 1.5830612182617188
corrupt diff 1.3495521545410156
diff 0.23350906372070312
--------------------------------
19 18
18
comma token idx 13
clean logit diff -4.2125396728515625
corrupt logit diff -2.7700576782226562
--------------------------------
clean diff -4.2125396728515625
corrupt diff -2.7700576782226562
diff -1.4424819946289062
--------------------------------
clean logit diff 0.32558441162109375
corrupt logit diff 1.0158157348632812
--------------------------------
clean diff 0.32558441162109375
corrupt diff 1.0158157348632812
diff -0.6902313232421875
--------------------------------
clean logit diff 2.4675979614257812
corrupt logit diff -0.8955917358398438
--------------------------------
clean diff 2.4675979614257812
corrupt diff -0.8955917358398438
diff 3.363189697265625
--------------------------------
20 19
19
comma token idx 14
clean logit diff -3.3634490966796875
corrupt logit diff -0.6935043334960938
--------------------------------
clean diff -3.3634490966796875
corrupt diff -0.6935043334960938
diff -2.6699447631835938
--------------------------------
clean logit diff -0.0259857177734375
corrupt logit diff -8.665950775146484
--------------------------------
clean diff -0.0259857177734375
corrupt diff -8.665950775146484
diff 8.639965057373047
--------------------------------
clean logit diff 1.394561767578125
corrupt logit diff 5.7189178466796875
--------------------------------
clean diff 1.394561767578125
corrupt diff 5.7189178466796875
diff -4.3243560791015625
--------------------------------
13 13
13
comma token idx 8
clean logit diff 2.2865829467773438
corrupt logit diff 1.5440673828125
--------------------------------
clean diff 2.2865829467773438
corrupt diff 1.5440673828125
diff 0.7425155639648438
--------------------------------
clean logit diff 2.5811996459960938
corrupt logit diff 2.6024093627929688
--------------------------------
clean diff 2.5811996459960938
corrupt diff 2.6024093627929688
diff -0.021209716796875
--------------------------------
clean logit diff -1.5693435668945312
corrupt logit diff -0.5990447998046875
--------------------------------
clean diff -1.5693435668945312
corrupt diff -0.5990447998046875
diff -0.9702987670898438
--------------------------------
20 20
20
comma token idx 15
clean logit diff -3.4515533447265625
corrupt logit diff -3.0858001708984375
--------------------------------
clean diff -3.4515533447265625
corrupt diff -3.0858001708984375
diff -0.365753173828125
--------------------------------
clean logit diff -3.2416534423828125
corrupt logit diff -4.287635803222656
--------------------------------
clean diff -3.2416534423828125
corrupt diff -4.287635803222656
diff 1.0459823608398438
--------------------------------
clean logit diff -1.2797317504882812
corrupt logit diff -2.3902511596679688
--------------------------------
clean diff -1.2797317504882812
corrupt diff -2.3902511596679688
diff 1.1105194091796875
--------------------------------
14 14
14
comma token idx 9
clean logit diff -6.0235137939453125
corrupt logit diff -5.104331970214844
--------------------------------
clean diff -6.0235137939453125
corrupt diff -5.104331970214844
diff -0.9191818237304688
--------------------------------
clean logit diff -0.438995361328125
corrupt logit diff -0.3908843994140625
--------------------------------
clean diff -0.438995361328125
corrupt diff -0.3908843994140625
diff -0.0481109619140625
--------------------------------
clean logit diff -2.9201812744140625
corrupt logit diff -2.987945556640625
--------------------------------
clean diff -2.9201812744140625
corrupt diff -2.987945556640625
diff 0.0677642822265625
--------------------------------
18 18
18
comma token idx 13
clean logit diff 2.269378662109375
corrupt logit diff 0.5831451416015625
--------------------------------
clean diff 2.269378662109375
corrupt diff 0.5831451416015625
diff 1.6862335205078125
--------------------------------
clean logit diff 0.3851165771484375
corrupt logit diff -0.356231689453125
--------------------------------
clean diff 0.3851165771484375
corrupt diff -0.356231689453125
diff 0.7413482666015625
--------------------------------
clean logit diff -0.7920989990234375
corrupt logit diff -0.3961181640625
--------------------------------
clean diff -0.7920989990234375
corrupt diff -0.3961181640625
diff -0.3959808349609375
--------------------------------
22 22
22
comma token idx 17
clean logit diff -0.00689697265625
corrupt logit diff -2.2910308837890625
--------------------------------
clean diff -0.00689697265625
corrupt diff -2.2910308837890625
diff 2.2841339111328125
--------------------------------
clean logit diff -1.149169921875
corrupt logit diff -2.761505126953125
--------------------------------
clean diff -1.149169921875
corrupt diff -2.761505126953125
diff 1.612335205078125
--------------------------------
clean logit diff -1.2305450439453125
corrupt logit diff -1.199462890625
--------------------------------
clean diff -1.2305450439453125
corrupt diff -1.199462890625
diff -0.0310821533203125
--------------------------------
19 19
19
comma token idx 14
clean logit diff 1.8321990966796875
corrupt logit diff 1.433074951171875
--------------------------------
clean diff 1.8321990966796875
corrupt diff 1.433074951171875
diff 0.3991241455078125
--------------------------------
clean logit diff 0.90692138671875
corrupt logit diff 0.7030792236328125
--------------------------------
clean diff 0.90692138671875
corrupt diff 0.7030792236328125
diff 0.2038421630859375
--------------------------------
clean logit diff -0.33770751953125
corrupt logit diff -0.1202850341796875
--------------------------------
clean diff -0.33770751953125
corrupt diff -0.1202850341796875
diff -0.2174224853515625
--------------------------------
12 12
12
comma token idx 7
clean logit diff 4.810089111328125
corrupt logit diff 4.372184753417969
--------------------------------
clean diff 4.810089111328125
corrupt diff 4.372184753417969
diff 0.43790435791015625
--------------------------------
clean logit diff 3.31121826171875
corrupt logit diff 3.09051513671875
--------------------------------
clean diff 3.31121826171875
corrupt diff 3.09051513671875
diff 0.220703125
--------------------------------
clean logit diff -2.80194091796875
corrupt logit diff -3.1726531982421875
--------------------------------
clean diff -2.80194091796875
corrupt diff -3.1726531982421875
diff 0.3707122802734375
--------------------------------
19 19
19
comma token idx 14
clean logit diff 4.274574279785156
corrupt logit diff 4.320686340332031
--------------------------------
clean diff 4.274574279785156
corrupt diff 4.320686340332031
diff -0.046112060546875
--------------------------------
clean logit diff 4.53887939453125
corrupt logit diff 3.9069442749023438
--------------------------------
clean diff 4.53887939453125
corrupt diff 3.9069442749023438
diff 0.6319351196289062
--------------------------------
clean logit diff 2.7392501831054688
corrupt logit diff 3.4462203979492188
--------------------------------
clean diff 2.7392501831054688
corrupt diff 3.4462203979492188
diff -0.70697021484375
--------------------------------
14 14
14
comma token idx 9
clean logit diff 2.4759521484375
corrupt logit diff 2.7691726684570312
--------------------------------
clean diff 2.4759521484375
corrupt diff 2.7691726684570312
diff -0.29322052001953125
--------------------------------
clean logit diff 3.0381546020507812
corrupt logit diff 3.38916015625
--------------------------------
clean diff 3.0381546020507812
corrupt diff 3.38916015625
diff -0.35100555419921875
--------------------------------
clean logit diff 2.9485015869140625
corrupt logit diff 2.6827239990234375
--------------------------------
clean diff 2.9485015869140625
corrupt diff 2.6827239990234375
diff 0.265777587890625
--------------------------------
13 13
13
comma token idx 8
clean logit diff 0.53167724609375
corrupt logit diff -1.60760498046875
--------------------------------
clean diff 0.53167724609375
corrupt diff -1.60760498046875
diff 2.1392822265625
--------------------------------
clean logit diff 2.699493408203125
corrupt logit diff 2.7094268798828125
--------------------------------
clean diff 2.699493408203125
corrupt diff 2.7094268798828125
diff -0.0099334716796875
--------------------------------
clean logit diff 1.4341278076171875
corrupt logit diff 0.3831787109375
--------------------------------
clean diff 1.4341278076171875
corrupt diff 0.3831787109375
diff 1.0509490966796875
--------------------------------
21 21
21
comma token idx 16
clean logit diff 0.572021484375
corrupt logit diff -1.197967529296875
--------------------------------
clean diff 0.572021484375
corrupt diff -1.197967529296875
diff 1.769989013671875
--------------------------------
clean logit diff -1.0423583984375
corrupt logit diff -2.2534637451171875
--------------------------------
clean diff -1.0423583984375
corrupt diff -2.2534637451171875
diff 1.2111053466796875
--------------------------------
clean logit diff 5.1475982666015625
corrupt logit diff 4.343475341796875
--------------------------------
clean diff 5.1475982666015625
corrupt diff 4.343475341796875
diff 0.8041229248046875
--------------------------------
14 14
14
comma token idx 8
clean logit diff 0.4664306640625
corrupt logit diff -3.2816619873046875
--------------------------------
clean diff 0.4664306640625
corrupt diff -3.2816619873046875
diff 3.7480926513671875
--------------------------------
clean logit diff 0.8431549072265625
corrupt logit diff -1.654022216796875
--------------------------------
clean diff 0.8431549072265625
corrupt diff -1.654022216796875
diff 2.4971771240234375
--------------------------------
clean logit diff -2.2517242431640625
corrupt logit diff -2.73870849609375
--------------------------------
clean diff -2.2517242431640625
corrupt diff -2.73870849609375
diff 0.4869842529296875
--------------------------------
17 17
17
comma token idx 12
clean logit diff -0.2117156982421875
corrupt logit diff -1.4393463134765625
--------------------------------
clean diff -0.2117156982421875
corrupt diff -1.4393463134765625
diff 1.227630615234375
--------------------------------
clean logit diff 1.826934814453125
corrupt logit diff 0.701446533203125
--------------------------------
clean diff 1.826934814453125
corrupt diff 0.701446533203125
diff 1.12548828125
--------------------------------
clean logit diff 1.0852203369140625
corrupt logit diff 0.820770263671875
--------------------------------
clean diff 1.0852203369140625
corrupt diff 0.820770263671875
diff 0.2644500732421875
--------------------------------
20 20
20
comma token idx 15
clean logit diff -0.951934814453125
corrupt logit diff -2.1933135986328125
--------------------------------
clean diff -0.951934814453125
corrupt diff -2.1933135986328125
diff 1.2413787841796875
--------------------------------
clean logit diff -1.2965087890625
corrupt logit diff 0.4647216796875
--------------------------------
clean diff -1.2965087890625
corrupt diff 0.4647216796875
diff -1.76123046875
--------------------------------
clean logit diff -0.3197021484375
corrupt logit diff -0.7418212890625
--------------------------------
clean diff -0.3197021484375
corrupt diff -0.7418212890625
diff 0.422119140625
--------------------------------
21 21
21
comma token idx 16
clean logit diff 0.49835205078125
corrupt logit diff -0.988800048828125
--------------------------------
clean diff 0.49835205078125
corrupt diff -0.988800048828125
diff 1.487152099609375
--------------------------------
clean logit diff 2.9510345458984375
corrupt logit diff 1.2275390625
--------------------------------
clean diff 2.9510345458984375
corrupt diff 1.2275390625
diff 1.7234954833984375
--------------------------------
clean logit diff -1.45391845703125
corrupt logit diff -2.12615966796875
--------------------------------
clean diff -1.45391845703125
corrupt diff -2.12615966796875
diff 0.6722412109375
--------------------------------
