Device map: cuda
--------------------------------
Idiom: spill_the_beans
  Idiom prompt: The suspect was nervous as he spilled the beans, it was a big
  Literal prompt: The suspect was nervous as he spilled the drink, it was a big
  Idiom prompt: The suspect hesitated during questioning before he spilled the beans, it was a big
  Literal prompt: The suspect hesitated during questioning before he spilled the drink, it was a big
  Idiom prompt: The suspect felt a lot of pressure from the staring officer and he spilled the beans, it was a big
  Literal prompt: The suspect felt a lot of pressure from the staring officer and he spilled the drink, it was a big
--------------------------------
--------------------------------
Idiom: break_the_ice
  Idiom prompt: The meeting was not going so well when the man decided to break the ice, it was a big
  Literal prompt: The meeting was not going so well when the man decided to break the bottle, it was a big
  Idiom prompt: It was an awkward party until the host chose to break the ice, it was a big
  Literal prompt: It was an awkward party until the host chose to break the bottle, it was a big
  Idiom prompt: The dinner party was going really well until the man thought he could break the ice, it was a big
  Literal prompt: The dinner party was going really well until the man thought he could break the bottle, it was a big
--------------------------------
--------------------------------
Idiom: pull_the_plug
  Idiom prompt: Everyone agreed it was time to pull the plug, the task was a
  Literal prompt: Everyone agreed it was time to pull the rope, the task was a
  Idiom prompt: The director decided it was time to pull the plug, the show was a
  Literal prompt: The director decided it was time to pull the rope, the show was a
  Idiom prompt: After a lot of planning the manager finally agreed to pull the plug, the project was a
  Literal prompt: After a lot of planning the manager finally agreed to pull the rope, the project was a
--------------------------------
--------------------------------
Idiom: bite_the_bullet
  Idiom prompt: The soldier decided he had no other option but to bite the bullet, he was being very
  Literal prompt: The soldier decided he had no other option but to bite the cookie, he was being very
  Idiom prompt: It was a horrible project but the team had no choice but to bite the bullet, they were being very
  Literal prompt: It was a horrible project but the team had no choice but to bite the cookie, they were being very
  Idiom prompt: At the end of the day no one wanted it but the man chose to bite the bullet, he was being very
  Literal prompt: At the end of the day no one wanted it but the man chose to bite the cookie, he was being very
--------------------------------
--------------------------------
Idiom: move_the_goalposts
  Idiom prompt: The boss decided it was time for a change and slowly moved the goalposts, he was being very
  Literal prompt: The boss decided it was time for a change and slowly moved the cabinets, he was being very
  Idiom prompt: The team had just reached every target before the boss moved the goalposts, he was being very
  Literal prompt: The team had just reached every target before the boss moved the cabinets, he was being very
  Idiom prompt: They had worked overnight to complete the tasks before the boss moved the goalposts, he was being very
  Literal prompt: They had worked overnight to complete the tasks before the boss moved the cabinets, he was being very
--------------------------------
--------------------------------
Idiom: blow_a_fuse
  Idiom prompt: After the party the man blew a fuse, he had become very
  Literal prompt: After the party the man blew a candle, he had become very
  Idiom prompt: Seeing the state of the house after the new year the man blew a fuse, he was being very
  Literal prompt: Seeing the state of the house after the new year the man blew a candle, he was being very
  Idiom prompt: When the test failed the man blew a fuse, he was being very
  Literal prompt: When the test failed the man blew a candle, he was being very
--------------------------------
--------------------------------
Idiom: turn_the_tables
  Idiom prompt: After a period of bad luck he was able to turn the tables, the man was finally
  Literal prompt: After a period of bad luck he was able to turn the handle, the man was finally
  Idiom prompt: Everyone thought that he was not trying his best but he was able to turn the tables, the man was finally
  Literal prompt: Everyone thought that he was not trying his best but he was able to turn the handle, the man was finally
  Idiom prompt: After struggling to pass the first obstacle he was able to turn the tables, the man was finally
  Literal prompt: After struggling to pass the first obstacle he was able to turn the handle, the man was finally
--------------------------------
--------------------------------
Idiom: muddy_the_waters
  Idiom prompt: The lawyer tried to muddy the waters, making the important case
  Literal prompt: The lawyer tried to muddy the weapon, making the important case
  Idiom prompt: The suspect was not being very honest when he tried to muddy the waters, making the important case
  Literal prompt: The suspect was not being very honest when he tried to muddy the weapon, making the important case
  Idiom prompt: The lawyer paid a criminal to muddy the waters, he made the case
  Literal prompt: The lawyer paid a criminal to muddy the weapon, he made the case
--------------------------------
--------------------------------
Idiom: make_a_splash
  Idiom prompt: The new artist wanted to make a splash, it was becoming a
  Literal prompt: The new artist wanted to make a sketch, it was becoming a
  Idiom prompt: The painter thought long and hard about his work so that he would make a splash, it was becoming a
  Literal prompt: The painter thought long and hard about his work so that he would make a sketch, it was becoming a
  Idiom prompt: The designer was ready to make a splash, it turned into a
  Literal prompt: The designer was ready to make a sketch, it turned into a
--------------------------------
--------------------------------
Idiom: buy_the_farm
  Idiom prompt: The brave man bought a motorbike and immediately bought the farm, so he is now
  Literal prompt: The brave man bought a motorbike and immediately bought the helmet, so he is now
  Idiom prompt: The young man rode a bulldozer for the first time and bought the farm, so he is now
  Literal prompt: The young man rode a bulldozer for the first time and bought the helmet, so he is now
  Idiom prompt: The unlucky man tried to learn how to ride a bike but he bought the farm, so he is now
  Literal prompt: The unlucky man tried to learn how to ride a bike but he bought the helmet, so he is now
--------------------------------
--------------------------------
Idiom: kick_the_bucket
  Idiom prompt: The old man was so tired when he kicked the bucket, it was a sad
  Literal prompt: The old man was so tired when he kicked the football, it was a sad
  Idiom prompt: The athlete was so exhausted that he kicked the bucket, it was a sad
  Literal prompt: The athlete was so exhausted that he kicked the football, it was a sad
  Idiom prompt: The team were winning when the lead scorer kicked the bucket, so it was very
  Literal prompt: The team were winning when the lead scorer kicked the football, so it was very
--------------------------------
--------------------------------
Idiom: cut_a_rug
  Idiom prompt: The party was getting wild as she cut a rug, it was a great
  Literal prompt: The party was getting wild as she cut a slice, it was a great
  Idiom prompt: The band was so good that they got the crowd to cut a rug, it was a great
  Literal prompt: The band was so good that they got the crowd to cut a slice, it was a great
  Idiom prompt: The couple's energetic dance moves had everyone cutting a rug, it was a great
  Literal prompt: The couple's energetic dance moves had everyone cutting a slice, it was a great
--------------------------------
--------------------------------
Idiom: cut_the_mustard
You're using a PreTrainedTokenizerFast tokenizer. Please note that with a fast tokenizer, using the `__call__` method is faster than using a method to encode the text followed by a call to the `pad` method to get a padded encoding.
  Idiom prompt: The chef was under pressure to create a new dish but he cut the mustard, it was a big
  Literal prompt: The chef was under pressure to create a new dish but he cut the stem, it was a big
  Idiom prompt: The team was struggling to complete the task but in the final quarter they cut the mustard, it was a big
  Literal prompt: The team was struggling to complete the task but in the final quarter they cut the stem, it was a big
  Idiom prompt: The new employee was nervous to meet his first target but he cut the mustard, it was a big
  Literal prompt: The new employee was nervous to meet his first target but he cut the stem, it was a big
--------------------------------
--------------------------------
Idiom: hit_the_jackpot
  Idiom prompt: The programmer's code struggled at first but then it hit the jackpot, it was a big
  Literal prompt: The programmer's code struggled at first but then it hit the button, it was a big
  Idiom prompt: After years of trying, the musician wrote his piece and then hit the jackpot, it was a big
  Literal prompt: After years of trying, the musician wrote his piece and then hit the button, it was a big
  Idiom prompt: The engineer's new design hit the jackpot, it was a big
  Literal prompt: The engineer's new design hit the button, it was a big
--------------------------------
--------------------------------
Idiom: call_the_shots
  Idiom prompt: As a lifeguard she had to call the shots, it was a huge
  Literal prompt: As a lifeguard she had to call the police, it was a huge
  Idiom prompt: The coach had to make a choice and call the shots, it was a difficult
  Literal prompt: The coach had to make a choice and call the police, it was a difficult
  Idiom prompt: The project manager had the final say and called the shots, it was a big
  Literal prompt: The project manager had the final say and called the police, it was a big
--------------------------------
--------------------------------
Idiom: get_a_grip
  Idiom prompt: After the accident she took a few deep breaths and got a grip, it was a big
  Literal prompt: After the accident she took a few deep breaths and got a rope, it was a big
  Idiom prompt: The athlete was emotional but the coach told him to get a grip, it was an important
  Literal prompt: The athlete was emotional but the coach told him to get a rope, it was an important
  Idiom prompt: They were arguing about something when he told her to get a grip, it was a silly
  Literal prompt: They were arguing about something when he told her to get a rope, it was a silly
--------------------------------
--------------------------------
Idiom: hit_the_road
  Idiom prompt: After the concert the band decided to hit the road, it was a long
  Literal prompt: After the concert the band decided to hit the brakes, it was a long
  Idiom prompt: After lots of preparation the cyclist was ready to hit the road, it was a long
  Literal prompt: After lots of preparation the cyclist was ready to hit the brakes, it was a long
  Idiom prompt: The family were ready to go on holiday and they hit the road, it was a big
  Literal prompt: The family were ready to go on holiday and they hit the brakes, it was a big
--------------------------------
--------------------------------
Idiom: scratch_the_surface
  Idiom prompt: The presenter was only able to scratch the surface, it was a big
  Literal prompt: The presenter was only able to scratch the record, it was a big
  Idiom prompt: The DJ they hired was famous but by the end he had only scratched the surface, it was a big
  Literal prompt: The DJ they hired was famous but by the end he had only scratched the record, it was a big
  Idiom prompt: The cleaner had to look after the archives and only scratched the surface, it was a huge
  Literal prompt: The cleaner had to look after the archives and only scratched the record, it was a huge
--------------------------------
--------------------------------
Idiom: bite_the_dust
  Idiom prompt: The old company was about to bite the dust, it was a big
  Literal prompt: The old company was about to bite the pickle, it was a big
  Idiom prompt: The man with the winning streak was about to bite the dust, it was a big
  Literal prompt: The man with the winning streak was about to bite the pickle, it was a big
  Idiom prompt: The boastful leader had lost the election and bit the dust, it was a big
  Literal prompt: The boastful leader had lost the election and bit the dust, it was a big
--------------------------------
--------------------------------
Idiom: lift_a_finger
  Idiom prompt: The team was struggling to lift a finger, it was a huge
  Literal prompt: The team was struggling to lift a bag, it was a huge
  Idiom prompt: The mum was sad that noone would lift a finger, it was a huge
  Literal prompt: The mum was sad that noone would lift a bag, it was a huge
  Idiom prompt: The manager was furious that no one was willing to lift a finger, it was a big
  Literal prompt: The manager was furious that no one was willing to lift a bag, it was a big
--------------------------------
Running average residual stream patching
15 15
15
comma token idx 10
Loading checkpoint shards:   0%|          | 0/2 [00:00<?, ?it/s]Loading checkpoint shards:  50%|█████     | 1/2 [00:01<00:01,  1.78s/it]Loading checkpoint shards: 100%|██████████| 2/2 [00:02<00:00,  1.03s/it]Loading checkpoint shards: 100%|██████████| 2/2 [00:02<00:00,  1.14s/it]
corrupt logit diff -2.5542917251586914
corrupt logit diff -0.9911131858825684
corrupt logit diff -0.9097280502319336
17 17
17
comma token idx 12
corrupt logit diff -2.9882314205169678
corrupt logit diff 0.35897231101989746
corrupt logit diff -1.3341622352600098
22 22
22
comma token idx 17
corrupt logit diff -2.909140110015869
corrupt logit diff -1.0582399368286133
corrupt logit diff -2.6223020553588867
21 21
21
comma token idx 16
corrupt logit diff -2.2358927726745605
corrupt logit diff 1.192152500152588
corrupt logit diff -0.47719860076904297
19 19
19
comma token idx 14
corrupt logit diff -0.5039267539978027
corrupt logit diff 2.423239231109619
corrupt logit diff 1.059953212738037
22 22
22
comma token idx 17
corrupt logit diff -2.2992849349975586
corrupt logit diff 2.848499059677124
corrupt logit diff 1.2443904876708984
15 15
15
comma token idx 10
corrupt logit diff 0.7956511974334717
corrupt logit diff 0.06617259979248047
corrupt logit diff -5.968834400177002
16 16
16
comma token idx 11
corrupt logit diff -0.21971702575683594
corrupt logit diff 0.7416262626647949
corrupt logit diff 1.4778263568878174
19 19
19
comma token idx 14
corrupt logit diff -5.295770645141602
corrupt logit diff 1.9284472465515137
corrupt logit diff -0.6286356449127197
19 19
19
comma token idx 14
corrupt logit diff 1.06123685836792
corrupt logit diff -4.226305961608887
corrupt logit diff 1.5123534202575684
22 22
22
comma token idx 17
corrupt logit diff 3.5041990280151367
corrupt logit diff 2.078019618988037
corrupt logit diff -2.513486385345459
24 24
24
comma token idx 19
corrupt logit diff 0.023784160614013672
corrupt logit diff -2.613903760910034
corrupt logit diff 1.5510292053222656
21 20
20
comma token idx 15
corrupt logit diff -1.7345542907714844
corrupt logit diff -1.3040971755981445
corrupt logit diff -2.744662284851074
20 19
19
comma token idx 14
corrupt logit diff -3.871943950653076
corrupt logit diff -1.9355006217956543
corrupt logit diff -1.505566120147705
21 20
20
comma token idx 15
corrupt logit diff -2.209439754486084
corrupt logit diff -1.6575424671173096
corrupt logit diff -3.0710113048553467
14 14
14
comma token idx 9
corrupt logit diff -0.22585272789001465
corrupt logit diff -0.891639232635498
corrupt logit diff -2.7876362800598145
21 21
21
comma token idx 16
corrupt logit diff -2.4379825592041016
corrupt logit diff 3.3638815879821777
corrupt logit diff 1.531550407409668
15 15
15
comma token idx 10
corrupt logit diff -2.7102253437042236
corrupt logit diff -0.19814109802246094
corrupt logit diff -2.4723095893859863
19 19
19
comma token idx 14
corrupt logit diff 0.5321836471557617
corrupt logit diff -0.34795641899108887
corrupt logit diff 0.2475271224975586
23 23
23
comma token idx 18
corrupt logit diff 2.737269639968872
corrupt logit diff 0.20556855201721191
corrupt logit diff -1.6770970821380615
20 20
20
comma token idx 15
corrupt logit diff -1.3051929473876953
corrupt logit diff -3.6044342517852783
corrupt logit diff 0.5963788032531738
13 13
13
comma token idx 8
corrupt logit diff 2.205504894256592
corrupt logit diff 0.05472874641418457
corrupt logit diff -0.1476125717163086
20 20
20
comma token idx 15
corrupt logit diff 0.8080177307128906
corrupt logit diff -0.9099042415618896
corrupt logit diff 2.985811233520508
15 15
15
comma token idx 10
corrupt logit diff 3.767531394958496
corrupt logit diff -2.1883044242858887
corrupt logit diff -1.4636900424957275
14 14
14
comma token idx 9
corrupt logit diff 0.007183074951171875
corrupt logit diff 2.458940029144287
corrupt logit diff 0.09758949279785156
22 22
22
comma token idx 17
corrupt logit diff 0.3127923011779785
corrupt logit diff -1.415526032447815
corrupt logit diff 3.7566425800323486
14 14
14
comma token idx 9
corrupt logit diff -0.34822845458984375
corrupt logit diff -3.28202486038208
corrupt logit diff 1.0127460956573486
18 18
18
comma token idx 13
corrupt logit diff -0.987084150314331
corrupt logit diff -2.868928909301758
corrupt logit diff -0.009052038192749023
22 22
22
comma token idx 17
corrupt logit diff -0.7039511203765869
corrupt logit diff -1.0022070407867432
corrupt logit diff 0.1266803741455078
22 22
22
comma token idx 17
corrupt logit diff 2.261033773422241
corrupt logit diff -4.291594505310059
corrupt logit diff 2.751650333404541
17 17
17
comma token idx 12
corrupt logit diff 4.566128730773926
corrupt logit diff 0.36354756355285645
corrupt logit diff 1.1602139472961426
16 16
16
comma token idx 11
corrupt logit diff 4.2332353591918945
corrupt logit diff -2.7342257499694824
corrupt logit diff -1.190742015838623
17 17
17
comma token idx 12
corrupt logit diff 1.1117515563964844
corrupt logit diff 1.6153411865234375
corrupt logit diff -1.860193133354187
16 16
16
comma token idx 11
corrupt logit diff 3.6215744018554688
20 20
20
comma token idx 15
corrupt logit diff -0.07844018936157227
corrupt logit diff 1.2476577758789062
corrupt logit diff 2.7675247192382812
17 17
17
comma token idx 12
corrupt logit diff -0.4946928024291992
corrupt logit diff 0.8150994777679443
corrupt logit diff 0.46946585178375244
21 21
21
comma token idx 16
corrupt logit diff -2.7726149559020996
corrupt logit diff 0.2926177978515625
corrupt logit diff -2.060173511505127
23 23
23
comma token idx 18
corrupt logit diff 0.058614253997802734
corrupt logit diff 3.1004953384399414
corrupt logit diff 2.2636899948120117
21 21
21
comma token idx 16
corrupt logit diff -1.502551555633545
corrupt logit diff 2.093653678894043
corrupt logit diff 1.1854252815246582
19 19
19
comma token idx 14
corrupt logit diff 1.3304176330566406
corrupt logit diff 2.5079965591430664
corrupt logit diff 1.1015095710754395
21 21
21
comma token idx 5
corrupt logit diff 3.0217583179473877
corrupt logit diff 2.3746252059936523
corrupt logit diff -1.5657613277435303
14 14
14
comma token idx 9
corrupt logit diff 2.5371251106262207
corrupt logit diff 0.32414841651916504
corrupt logit diff 1.9693207740783691
16 16
16
comma token idx 11
corrupt logit diff -3.406383514404297
corrupt logit diff 0.7453054189682007
corrupt logit diff 1.390834093093872
17 17
17
comma token idx 12
corrupt logit diff 3.2249741554260254
corrupt logit diff 3.272894859313965
corrupt logit diff 3.4775161743164062
17 17
17
comma token idx 12
corrupt logit diff -0.9758093357086182
corrupt logit diff 3.4696693420410156
corrupt logit diff 3.3099417686462402
20 20
20
comma token idx 15
corrupt logit diff -1.5240237712860107
corrupt logit diff -5.358797550201416
corrupt logit diff -2.3360705375671387
19 19
19
comma token idx 14
corrupt logit diff 5.1377482414245605
corrupt logit diff 2.321711540222168
corrupt logit diff 1.3331298828125
19 19
19
comma token idx 14
corrupt logit diff 2.052313804626465
corrupt logit diff 0.25314855575561523
corrupt logit diff 4.1337971687316895
16 16
16
comma token idx 11
corrupt logit diff 7.0554585456848145
corrupt logit diff 3.399899482727051
corrupt logit diff 0.8729758262634277
18 18
18
comma token idx 13
corrupt logit diff 1.055795669555664
corrupt logit diff 1.5033135414123535
corrupt logit diff 1.603003740310669
19 19
19
comma token idx 14
corrupt logit diff -0.29210996627807617
corrupt logit diff 3.714376211166382
corrupt logit diff 3.0399608612060547
15 15
15
comma token idx 10
corrupt logit diff -1.5256843566894531
corrupt logit diff 3.648958921432495
corrupt logit diff -1.0036942958831787
22 22
22
comma token idx 17
corrupt logit diff 2.489983320236206
corrupt logit diff 3.0962812900543213
corrupt logit diff 0.2547934055328369
19 19
19
comma token idx 14
corrupt logit diff -1.3443515300750732
corrupt logit diff -1.5378389358520508
corrupt logit diff 0.9397265911102295
15 15
15
comma token idx 10
corrupt logit diff 0.23878121376037598
corrupt logit diff -1.4206199645996094
corrupt logit diff 1.2865426540374756
18 18
18
comma token idx 13
corrupt logit diff 1.2490441799163818
corrupt logit diff -0.6446266174316406
corrupt logit diff 3.0495004653930664
18 18
18
comma token idx 13
corrupt logit diff 1.2448382377624512
corrupt logit diff 0.5702357292175293
corrupt logit diff 4.417978763580322
14 14
14
comma token idx 9
corrupt logit diff -4.75826358795166
corrupt logit diff 1.7022767066955566
corrupt logit diff 0.6319706439971924
17 17
17
comma token idx 12
corrupt logit diff -0.1828470230102539
corrupt logit diff 2.137054920196533
corrupt logit diff -2.060779094696045
19 19
19
comma token idx 14
corrupt logit diff -1.6435556411743164
corrupt logit diff 0.08787250518798828
corrupt logit diff 0.04041624069213867
