Device map: cuda
--------------------------------
Idiom: spill_the_beans
  Idiom prompt: The suspect was nervous as he spilled the beans, it was a big
  Literal prompt: The suspect was nervous as he spilled the drink, it was a big
  Idiom prompt: The suspect hesitated during questioning before he spilled the beans, it was a big
  Literal prompt: The suspect hesitated during questioning before he spilled the drink, it was a big
  Idiom prompt: The suspect felt a lot of pressure from the staring officer and he spilled the beans, it was a big
  Literal prompt: The suspect felt a lot of pressure from the staring officer and he spilled the drink, it was a big
--------------------------------
--------------------------------
Idiom: break_the_ice
  Idiom prompt: The meeting was not going so well when the man decided to break the ice, it was a big
  Literal prompt: The meeting was not going so well when the man decided to break the bottle, it was a big
  Idiom prompt: It was an awkward party until the host chose to break the ice, it was a big
  Literal prompt: It was an awkward party until the host chose to break the bottle, it was a big
  Idiom prompt: The dinner party was going really well until the man thought he could break the ice, it was a big
  Literal prompt: The dinner party was going really well until the man thought he could break the bottle, it was a big
--------------------------------
--------------------------------
Idiom: pull_the_plug
  Idiom prompt: Everyone agreed it was time to pull the plug, the task was a
  Literal prompt: Everyone agreed it was time to pull the rope, the task was a
  Idiom prompt: The director decided it was time to pull the plug, the show was a
  Literal prompt: The director decided it was time to pull the rope, the show was a
  Idiom prompt: After a lot of planning the manager finally agreed to pull the plug, the project was a
  Literal prompt: After a lot of planning the manager finally agreed to pull the rope, the project was a
--------------------------------
--------------------------------
Idiom: bite_the_bullet
  Idiom prompt: The soldier decided he had no other option but to bite the bullet, he was being very
  Literal prompt: The soldier decided he had no other option but to bite the cookie, he was being very
  Idiom prompt: It was a horrible project but the team had no choice but to bite the bullet, they were being very
  Literal prompt: It was a horrible project but the team had no choice but to bite the cookie, they were being very
  Idiom prompt: At the end of the day no one wanted it but the man chose to bite the bullet, he was being very
  Literal prompt: At the end of the day no one wanted it but the man chose to bite the cookie, he was being very
--------------------------------
--------------------------------
Idiom: move_the_goalposts
  Idiom prompt: The boss decided it was time for a change and slowly moved the goalposts, he was being very
  Literal prompt: The boss decided it was time for a change and slowly moved the cabinets, he was being very
  Idiom prompt: The team had just reached every target before the boss moved the goalposts, he was being very
  Literal prompt: The team had just reached every target before the boss moved the cabinets, he was being very
  Idiom prompt: They had worked overnight to complete the tasks before the boss moved the goalposts, he was being very
  Literal prompt: They had worked overnight to complete the tasks before the boss moved the cabinets, he was being very
--------------------------------
--------------------------------
Idiom: blow_a_fuse
  Idiom prompt: After the party the man blew a fuse, he had become very
  Literal prompt: After the party the man blew a candle, he had become very
  Idiom prompt: Seeing the state of the house after the new year the man blew a fuse, he was being very
  Literal prompt: Seeing the state of the house after the new year the man blew a candle, he was being very
  Idiom prompt: When the test failed the man blew a fuse, he was being very
  Literal prompt: When the test failed the man blew a candle, he was being very
--------------------------------
--------------------------------
Idiom: turn_the_tables
  Idiom prompt: After a period of bad luck he was able to turn the tables, the man was finally
  Literal prompt: After a period of bad luck he was able to turn the handle, the man was finally
  Idiom prompt: Everyone thought that he was not trying his best but he was able to turn the tables, the man was finally
  Literal prompt: Everyone thought that he was not trying his best but he was able to turn the handle, the man was finally
  Idiom prompt: After struggling to pass the first obstacle he was able to turn the tables, the man was finally
  Literal prompt: After struggling to pass the first obstacle he was able to turn the handle, the man was finally
--------------------------------
--------------------------------
Idiom: muddy_the_waters
  Idiom prompt: The lawyer tried to muddy the waters, making the important case
  Literal prompt: The lawyer tried to muddy the weapon, making the important case
  Idiom prompt: The suspect was not being very honest when he tried to muddy the waters, making the important case
  Literal prompt: The suspect was not being very honest when he tried to muddy the weapon, making the important case
  Idiom prompt: The lawyer paid a criminal to muddy the waters, he made the case
  Literal prompt: The lawyer paid a criminal to muddy the weapon, he made the case
--------------------------------
--------------------------------
Idiom: make_a_splash
  Idiom prompt: The new artist wanted to make a splash, it was becoming a
  Literal prompt: The new artist wanted to make a sketch, it was becoming a
  Idiom prompt: The painter thought long and hard about his work so that he would make a splash, it was becoming a
  Literal prompt: The painter thought long and hard about his work so that he would make a sketch, it was becoming a
  Idiom prompt: The designer was ready to make a splash, it turned into a
  Literal prompt: The designer was ready to make a sketch, it turned into a
--------------------------------
--------------------------------
Idiom: buy_the_farm
  Idiom prompt: The brave man bought a motorbike and immediately bought the farm, so he is now
  Literal prompt: The brave man bought a motorbike and immediately bought the helmet, so he is now
  Idiom prompt: The young man rode a bulldozer for the first time and bought the farm, so he is now
  Literal prompt: The young man rode a bulldozer for the first time and bought the helmet, so he is now
  Idiom prompt: The unlucky man tried to learn how to ride a bike but he bought the farm, so he is now
  Literal prompt: The unlucky man tried to learn how to ride a bike but he bought the helmet, so he is now
--------------------------------
--------------------------------
Idiom: kick_the_bucket
  Idiom prompt: The old man was so tired when he kicked the bucket, it was a sad
  Literal prompt: The old man was so tired when he kicked the football, it was a sad
  Idiom prompt: The athlete was so exhausted that he kicked the bucket, it was a sad
  Literal prompt: The athlete was so exhausted that he kicked the football, it was a sad
  Idiom prompt: The team were winning when the lead scorer kicked the bucket, so it was very
  Literal prompt: The team were winning when the lead scorer kicked the football, so it was very
--------------------------------
--------------------------------
Idiom: cut_a_rug
  Idiom prompt: The party was getting wild as she cut a rug, it was a great
  Literal prompt: The party was getting wild as she cut a slice, it was a great
  Idiom prompt: The band was so good that they got the crowd to cut a rug, it was a great
  Literal prompt: The band was so good that they got the crowd to cut a slice, it was a great
  Idiom prompt: The couple's energetic dance moves had everyone cutting a rug, it was a great
  Literal prompt: The couple's energetic dance moves had everyone cutting a slice, it was a great
--------------------------------
--------------------------------
Idiom: cut_the_mustard
You're using a LlamaTokenizerFast tokenizer. Please note that with a fast tokenizer, using the `__call__` method is faster than using a method to encode the text followed by a call to the `pad` method to get a padded encoding.
  Idiom prompt: The chef was under pressure to create a new dish but he cut the mustard, it was a big
  Literal prompt: The chef was under pressure to create a new dish but he cut the stem, it was a big
  Idiom prompt: The team was struggling to complete the task but in the final quarter they cut the mustard, it was a big
  Literal prompt: The team was struggling to complete the task but in the final quarter they cut the stem, it was a big
  Idiom prompt: The new employee was nervous to meet his first target but he cut the mustard, it was a big
  Literal prompt: The new employee was nervous to meet his first target but he cut the stem, it was a big
--------------------------------
--------------------------------
Idiom: hit_the_jackpot
  Idiom prompt: The programmer's code struggled at first but then it hit the jackpot, it was a big
  Literal prompt: The programmer's code struggled at first but then it hit the button, it was a big
  Idiom prompt: After years of trying, the musician wrote his piece and then hit the jackpot, it was a big
  Literal prompt: After years of trying, the musician wrote his piece and then hit the button, it was a big
  Idiom prompt: The engineer's new design hit the jackpot, it was a big
  Literal prompt: The engineer's new design hit the button, it was a big
--------------------------------
--------------------------------
Idiom: call_the_shots
  Idiom prompt: As a lifeguard she had to call the shots, it was a huge
  Literal prompt: As a lifeguard she had to call the police, it was a huge
  Idiom prompt: The coach had to make a choice and call the shots, it was a difficult
  Literal prompt: The coach had to make a choice and call the police, it was a difficult
  Idiom prompt: The project manager had the final say and called the shots, it was a big
  Literal prompt: The project manager had the final say and called the police, it was a big
--------------------------------
--------------------------------
Idiom: get_a_grip
  Idiom prompt: After the accident she took a few deep breaths and got a grip, it was a big
  Literal prompt: After the accident she took a few deep breaths and got a rope, it was a big
  Idiom prompt: The athlete was emotional but the coach told him to get a grip, it was an important
  Literal prompt: The athlete was emotional but the coach told him to get a rope, it was an important
  Idiom prompt: They were arguing about something when he told her to get a grip, it was a silly
  Literal prompt: They were arguing about something when he told her to get a rope, it was a silly
--------------------------------
--------------------------------
Idiom: hit_the_road
  Idiom prompt: After the concert the band decided to hit the road, it was a long
  Literal prompt: After the concert the band decided to hit the brakes, it was a long
  Idiom prompt: After lots of preparation the cyclist was ready to hit the road, it was a long
  Literal prompt: After lots of preparation the cyclist was ready to hit the brakes, it was a long
  Idiom prompt: The family were ready to go on holiday and they hit the road, it was a big
  Literal prompt: The family were ready to go on holiday and they hit the brakes, it was a big
--------------------------------
--------------------------------
Idiom: scratch_the_surface
  Idiom prompt: The presenter was only able to scratch the surface, it was a big
  Literal prompt: The presenter was only able to scratch the record, it was a big
  Idiom prompt: The DJ they hired was famous but by the end he had only scratched the surface, it was a big
  Literal prompt: The DJ they hired was famous but by the end he had only scratched the record, it was a big
  Idiom prompt: The cleaner had to look after the archives and only scratched the surface, it was a huge
  Literal prompt: The cleaner had to look after the archives and only scratched the record, it was a huge
--------------------------------
--------------------------------
Idiom: bite_the_dust
  Idiom prompt: The old company was about to bite the dust, it was a big
  Literal prompt: The old company was about to bite the pickle, it was a big
  Idiom prompt: The man with the winning streak was about to bite the dust, it was a big
  Literal prompt: The man with the winning streak was about to bite the pickle, it was a big
  Idiom prompt: The boastful leader had lost the election and bit the dust, it was a big
  Literal prompt: The boastful leader had lost the election and bit the dust, it was a big
--------------------------------
--------------------------------
Idiom: lift_a_finger
  Idiom prompt: The team was struggling to lift a finger, it was a huge
  Literal prompt: The team was struggling to lift a bag, it was a huge
  Idiom prompt: The mum was sad that noone would lift a finger, it was a huge
  Literal prompt: The mum was sad that noone would lift a bag, it was a huge
  Idiom prompt: The manager was furious that no one was willing to lift a finger, it was a big
  Literal prompt: The manager was furious that no one was willing to lift a bag, it was a big
--------------------------------
Running average residual stream patching
16 16
16
comma token idx 11
Loading checkpoint shards:   0%|          | 0/2 [00:00<?, ?it/s]Loading checkpoint shards:  50%|█████     | 1/2 [00:03<00:03,  3.17s/it]Loading checkpoint shards: 100%|██████████| 2/2 [00:04<00:00,  2.16s/it]Loading checkpoint shards: 100%|██████████| 2/2 [00:04<00:00,  2.31s/it]
corrupt logit diff -2.449605941772461
corrupt logit diff 0.4250154495239258
corrupt logit diff -1.123270034790039
17 17
17
comma token idx 12
corrupt logit diff -3.5430374145507812
corrupt logit diff 2.009389877319336
corrupt logit diff -0.8282833099365234
23 23
23
comma token idx 18
corrupt logit diff -2.2498083114624023
corrupt logit diff -2.6800074577331543
corrupt logit diff -1.4348230361938477
21 21
21
comma token idx 16
corrupt logit diff -3.1347808837890625
corrupt logit diff 0.8972253799438477
corrupt logit diff 0.6619253158569336
19 19
19
comma token idx 14
corrupt logit diff 1.1685476303100586
corrupt logit diff -1.9088201522827148
corrupt logit diff -0.1951885223388672
22 22
22
comma token idx 17
corrupt logit diff -3.5750274658203125
corrupt logit diff -1.4428138732910156
corrupt logit diff 1.9516592025756836
15 15
15
comma token idx 10
corrupt logit diff -0.35719728469848633
corrupt logit diff -2.200502395629883
corrupt logit diff -1.8901586532592773
16 16
16
comma token idx 11
corrupt logit diff -0.8471965789794922
corrupt logit diff 5.839738845825195
corrupt logit diff 0.2217702865600586
19 19
19
comma token idx 14
corrupt logit diff -4.624843597412109
corrupt logit diff 2.296215534210205
corrupt logit diff 0.7962279319763184
19 19
19
comma token idx 14
corrupt logit diff 4.2465314865112305
corrupt logit diff 2.5896968841552734
corrupt logit diff 3.2966184616088867
22 22
22
comma token idx 17
corrupt logit diff 0.016958236694335938
corrupt logit diff 1.039423942565918
corrupt logit diff 1.1555957794189453
24 24
24
comma token idx 19
corrupt logit diff 1.1920604705810547
corrupt logit diff -0.5139083862304688
corrupt logit diff -2.731586456298828
21 21
21
comma token idx 16
corrupt logit diff -4.926752090454102
corrupt logit diff -3.865777015686035
corrupt logit diff -2.6611385345458984
20 20
20
comma token idx 15
corrupt logit diff -3.2629470825195312
corrupt logit diff -1.846799373626709
corrupt logit diff -0.9099369049072266
21 21
21
comma token idx 16
corrupt logit diff -2.984910011291504
corrupt logit diff -2.62392520904541
corrupt logit diff -3.7238879203796387
15 14
14
comma token idx 9
corrupt logit diff 0.5258016586303711
corrupt logit diff 1.052286148071289
corrupt logit diff 0.8414430618286133
23 22
22
comma token idx 17
corrupt logit diff -3.0524721145629883
corrupt logit diff 1.6281766891479492
corrupt logit diff 0.16483592987060547
16 15
15
comma token idx 10
corrupt logit diff -4.088422775268555
corrupt logit diff 1.848611831665039
corrupt logit diff -4.985124111175537
19 19
19
comma token idx 14
corrupt logit diff 3.051471710205078
corrupt logit diff -3.168084144592285
corrupt logit diff 1.8657245635986328
23 23
23
comma token idx 18
corrupt logit diff 2.792877197265625
corrupt logit diff -3.3847808837890625
corrupt logit diff -2.797088623046875
21 21
21
comma token idx 16
corrupt logit diff -1.0708427429199219
corrupt logit diff -3.3952112197875977
corrupt logit diff -1.0874404907226562
14 14
14
comma token idx 9
corrupt logit diff 2.8098883628845215
corrupt logit diff 6.567508220672607
corrupt logit diff 3.870547294616699
21 21
21
comma token idx 16
corrupt logit diff 3.1799397468566895
corrupt logit diff 2.0216779708862305
corrupt logit diff 4.933101654052734
16 16
16
comma token idx 11
corrupt logit diff 2.0210728645324707
corrupt logit diff 5.03264045715332
corrupt logit diff 1.2596039772033691
15 14
14
comma token idx 9
corrupt logit diff -2.1765060424804688
corrupt logit diff 4.959815502166748
corrupt logit diff -0.10813093185424805
23 22
22
comma token idx 17
corrupt logit diff -1.2788610458374023
corrupt logit diff -1.8263792991638184
corrupt logit diff 0.10218667984008789
15 14
14
comma token idx 9
corrupt logit diff -3.627028465270996
corrupt logit diff -3.9450082778930664
corrupt logit diff 3.229152202606201
19 19
19
comma token idx 14
corrupt logit diff -6.644656181335449
corrupt logit diff -5.68568754196167
corrupt logit diff -7.269805908203125
23 23
23
comma token idx 18
corrupt logit diff -2.8430261611938477
corrupt logit diff -0.3271002769470215
corrupt logit diff -4.903965473175049
24 24
24
comma token idx 19
corrupt logit diff 0.1465158462524414
corrupt logit diff -3.111903190612793
corrupt logit diff 1.5734596252441406
Traceback (most recent call last):
  File "/home/40455223@eeecs.qub.ac.uk/idiom_comp/patching_next_token_llama.py", line 1885, in <module>
    run_average_residual_stream_patching(
  File "/home/40455223@eeecs.qub.ac.uk/idiom_comp/patching_next_token_llama.py", line 525, in run_average_residual_stream_patching
    and_token_idx = (idiom_tokens == and_token).nonzero(as_tuple=True)[0].item()
                    ^^^^^^^^^^^^^^^^^^^^^^^^^^^^^^^^^^^^^^^^^^^^^^^^^^^^^^^^^^^^
RuntimeError: a Tensor with 0 elements cannot be converted to Scalar
Device map: cuda
--------------------------------
Idiom: spill_the_beans
  Idiom prompt: The suspect was nervous as he spilled the beans, it was a big
  Literal prompt: The suspect was nervous as he spilled the drink, it was a big
  Idiom prompt: The suspect hesitated during questioning before he spilled the beans, it was a big
  Literal prompt: The suspect hesitated during questioning before he spilled the drink, it was a big
  Idiom prompt: The suspect felt a lot of pressure from the staring officer and he spilled the beans, it was a big
  Literal prompt: The suspect felt a lot of pressure from the staring officer and he spilled the drink, it was a big
--------------------------------
--------------------------------
Idiom: break_the_ice
  Idiom prompt: The meeting was not going so well when the man decided to break the ice, it was a big
  Literal prompt: The meeting was not going so well when the man decided to break the bottle, it was a big
  Idiom prompt: It was an awkward party until the host chose to break the ice, it was a big
  Literal prompt: It was an awkward party until the host chose to break the bottle, it was a big
  Idiom prompt: The dinner party was going really well until the man thought he could break the ice, it was a big
  Literal prompt: The dinner party was going really well until the man thought he could break the bottle, it was a big
--------------------------------
--------------------------------
Idiom: pull_the_plug
  Idiom prompt: Everyone agreed it was time to pull the plug, the task was a
  Literal prompt: Everyone agreed it was time to pull the rope, the task was a
  Idiom prompt: The director decided it was time to pull the plug, the show was a
  Literal prompt: The director decided it was time to pull the rope, the show was a
  Idiom prompt: After a lot of planning the manager finally agreed to pull the plug, the project was a
  Literal prompt: After a lot of planning the manager finally agreed to pull the rope, the project was a
--------------------------------
--------------------------------
Idiom: bite_the_bullet
  Idiom prompt: The soldier decided he had no other option but to bite the bullet, he was being very
  Literal prompt: The soldier decided he had no other option but to bite the cookie, he was being very
  Idiom prompt: It was a horrible project but the team had no choice but to bite the bullet, they were being very
  Literal prompt: It was a horrible project but the team had no choice but to bite the cookie, they were being very
  Idiom prompt: At the end of the day no one wanted it but the man chose to bite the bullet, he was being very
  Literal prompt: At the end of the day no one wanted it but the man chose to bite the cookie, he was being very
--------------------------------
--------------------------------
Idiom: move_the_goalposts
  Idiom prompt: The boss decided it was time for a change and slowly moved the goalposts, he was being very
  Literal prompt: The boss decided it was time for a change and slowly moved the cabinets, he was being very
  Idiom prompt: The team had just reached every target before the boss moved the goalposts, he was being very
  Literal prompt: The team had just reached every target before the boss moved the cabinets, he was being very
  Idiom prompt: They had worked overnight to complete the tasks before the boss moved the goalposts, he was being very
  Literal prompt: They had worked overnight to complete the tasks before the boss moved the cabinets, he was being very
--------------------------------
--------------------------------
Idiom: blow_a_fuse
  Idiom prompt: After the party the man blew a fuse, he had become very
  Literal prompt: After the party the man blew a candle, he had become very
  Idiom prompt: Seeing the state of the house after the new year the man blew a fuse, he was being very
  Literal prompt: Seeing the state of the house after the new year the man blew a candle, he was being very
  Idiom prompt: When the test failed the man blew a fuse, he was being very
  Literal prompt: When the test failed the man blew a candle, he was being very
--------------------------------
--------------------------------
Idiom: turn_the_tables
  Idiom prompt: After a period of bad luck he was able to turn the tables, the man was finally
  Literal prompt: After a period of bad luck he was able to turn the handle, the man was finally
  Idiom prompt: Everyone thought that he was not trying his best but he was able to turn the tables, the man was finally
  Literal prompt: Everyone thought that he was not trying his best but he was able to turn the handle, the man was finally
  Idiom prompt: After struggling to pass the first obstacle he was able to turn the tables, the man was finally
  Literal prompt: After struggling to pass the first obstacle he was able to turn the handle, the man was finally
--------------------------------
--------------------------------
Idiom: muddy_the_waters
  Idiom prompt: The lawyer tried to muddy the waters, making the important case
  Literal prompt: The lawyer tried to muddy the weapon, making the important case
  Idiom prompt: The suspect was not being very honest when he tried to muddy the waters, making the important case
  Literal prompt: The suspect was not being very honest when he tried to muddy the weapon, making the important case
  Idiom prompt: The lawyer paid a criminal to muddy the waters, he made the case
  Literal prompt: The lawyer paid a criminal to muddy the weapon, he made the case
--------------------------------
--------------------------------
Idiom: make_a_splash
  Idiom prompt: The new artist wanted to make a splash, it was becoming a
  Literal prompt: The new artist wanted to make a sketch, it was becoming a
  Idiom prompt: The painter thought long and hard about his work so that he would make a splash, it was becoming a
  Literal prompt: The painter thought long and hard about his work so that he would make a sketch, it was becoming a
  Idiom prompt: The designer was ready to make a splash, it turned into a
  Literal prompt: The designer was ready to make a sketch, it turned into a
--------------------------------
--------------------------------
Idiom: buy_the_farm
  Idiom prompt: The brave man bought a motorbike and immediately bought the farm, so he is now
  Literal prompt: The brave man bought a motorbike and immediately bought the helmet, so he is now
  Idiom prompt: The young man rode a bulldozer for the first time and bought the farm, so he is now
  Literal prompt: The young man rode a bulldozer for the first time and bought the helmet, so he is now
  Idiom prompt: The unlucky man tried to learn how to ride a bike but he bought the farm, so he is now
  Literal prompt: The unlucky man tried to learn how to ride a bike but he bought the helmet, so he is now
--------------------------------
--------------------------------
Idiom: kick_the_bucket
  Idiom prompt: The old man was so tired when he kicked the bucket, it was a sad
  Literal prompt: The old man was so tired when he kicked the football, it was a sad
  Idiom prompt: The athlete was so exhausted that he kicked the bucket, it was a sad
  Literal prompt: The athlete was so exhausted that he kicked the football, it was a sad
  Idiom prompt: The team were winning when the lead scorer kicked the bucket, so it was very
  Literal prompt: The team were winning when the lead scorer kicked the football, so it was very
--------------------------------
--------------------------------
Idiom: cut_a_rug
  Idiom prompt: The party was getting wild as she cut a rug, it was a great
  Literal prompt: The party was getting wild as she cut a slice, it was a great
  Idiom prompt: The band was so good that they got the crowd to cut a rug, it was a great
  Literal prompt: The band was so good that they got the crowd to cut a slice, it was a great
  Idiom prompt: The couple's energetic dance moves had everyone cutting a rug, it was a great
  Literal prompt: The couple's energetic dance moves had everyone cutting a slice, it was a great
--------------------------------
--------------------------------
Idiom: cut_the_mustard
You're using a LlamaTokenizerFast tokenizer. Please note that with a fast tokenizer, using the `__call__` method is faster than using a method to encode the text followed by a call to the `pad` method to get a padded encoding.
  Idiom prompt: The chef was under pressure to create a new dish but he cut the mustard, it was a big
  Literal prompt: The chef was under pressure to create a new dish but he cut the stem, it was a big
  Idiom prompt: The team was struggling to complete the task but in the final quarter they cut the mustard, it was a big
  Literal prompt: The team was struggling to complete the task but in the final quarter they cut the stem, it was a big
  Idiom prompt: The new employee was nervous to meet his first target but he cut the mustard, it was a big
  Literal prompt: The new employee was nervous to meet his first target but he cut the stem, it was a big
--------------------------------
--------------------------------
Idiom: hit_the_jackpot
  Idiom prompt: The programmer's code struggled at first but then it hit the jackpot, it was a big
  Literal prompt: The programmer's code struggled at first but then it hit the button, it was a big
  Idiom prompt: After years of trying, the musician wrote his piece and then hit the jackpot, it was a big
  Literal prompt: After years of trying, the musician wrote his piece and then hit the button, it was a big
  Idiom prompt: The engineer's new design hit the jackpot, it was a big
  Literal prompt: The engineer's new design hit the button, it was a big
--------------------------------
--------------------------------
Idiom: call_the_shots
  Idiom prompt: As a lifeguard she had to call the shots, it was a huge
  Literal prompt: As a lifeguard she had to call the police, it was a huge
  Idiom prompt: The coach had to make a choice and call the shots, it was a difficult
  Literal prompt: The coach had to make a choice and call the police, it was a difficult
  Idiom prompt: The project manager had the final say and called the shots, it was a big
  Literal prompt: The project manager had the final say and called the police, it was a big
--------------------------------
--------------------------------
Idiom: get_a_grip
  Idiom prompt: After the accident she took a few deep breaths and got a grip, it was a big
  Literal prompt: After the accident she took a few deep breaths and got a rope, it was a big
  Idiom prompt: The athlete was emotional but the coach told him to get a grip, it was an important
  Literal prompt: The athlete was emotional but the coach told him to get a rope, it was an important
  Idiom prompt: They were arguing about something when he told her to get a grip, it was a silly
  Literal prompt: They were arguing about something when he told her to get a rope, it was a silly
--------------------------------
--------------------------------
Idiom: hit_the_road
  Idiom prompt: After the concert the band decided to hit the road, it was a long
  Literal prompt: After the concert the band decided to hit the brakes, it was a long
  Idiom prompt: After lots of preparation the cyclist was ready to hit the road, it was a long
  Literal prompt: After lots of preparation the cyclist was ready to hit the brakes, it was a long
  Idiom prompt: The family were ready to go on holiday and they hit the road, it was a big
  Literal prompt: The family were ready to go on holiday and they hit the brakes, it was a big
--------------------------------
--------------------------------
Idiom: scratch_the_surface
  Idiom prompt: The presenter was only able to scratch the surface, it was a big
  Literal prompt: The presenter was only able to scratch the record, it was a big
  Idiom prompt: The DJ they hired was famous but by the end he had only scratched the surface, it was a big
  Literal prompt: The DJ they hired was famous but by the end he had only scratched the record, it was a big
  Idiom prompt: The cleaner had to look after the archives and only scratched the surface, it was a huge
  Literal prompt: The cleaner had to look after the archives and only scratched the record, it was a huge
--------------------------------
--------------------------------
Idiom: bite_the_dust
  Idiom prompt: The old company was about to bite the dust, it was a big
  Literal prompt: The old company was about to bite the pickle, it was a big
  Idiom prompt: The man with the winning streak was about to bite the dust, it was a big
  Literal prompt: The man with the winning streak was about to bite the pickle, it was a big
  Idiom prompt: The boastful leader had lost the election and bit the dust, it was a big
  Literal prompt: The boastful leader had lost the election and bit the dust, it was a big
--------------------------------
--------------------------------
Idiom: lift_a_finger
  Idiom prompt: The team was struggling to lift a finger, it was a huge
  Literal prompt: The team was struggling to lift a bag, it was a huge
  Idiom prompt: The mum was sad that noone would lift a finger, it was a huge
  Literal prompt: The mum was sad that noone would lift a bag, it was a huge
  Idiom prompt: The manager was furious that no one was willing to lift a finger, it was a big
  Literal prompt: The manager was furious that no one was willing to lift a bag, it was a big
--------------------------------
Running average residual stream patching
17 17
17
comma token idx 12
Loading checkpoint shards:   0%|          | 0/2 [00:00<?, ?it/s]Loading checkpoint shards:  50%|█████     | 1/2 [00:02<00:02,  2.85s/it]Loading checkpoint shards: 100%|██████████| 2/2 [00:04<00:00,  2.13s/it]Loading checkpoint shards: 100%|██████████| 2/2 [00:04<00:00,  2.24s/it]
corrupt logit diff 1.099130630493164
corrupt logit diff 0.9363713264465332
corrupt logit diff 1.4695358276367188
17 17
17
comma token idx 12
corrupt logit diff 4.346256256103516
corrupt logit diff -5.522297382354736
corrupt logit diff -3.1753273010253906
18 18
18
comma token idx 13
corrupt logit diff -0.7657098770141602
corrupt logit diff 2.6242456436157227
corrupt logit diff -2.713372230529785
16 16
16
comma token idx 11
corrupt logit diff 2.299332618713379
20 20
20
comma token idx 15
corrupt logit diff 4.597835063934326
corrupt logit diff -0.24765968322753906
corrupt logit diff 1.4393997192382812
19 19
19
comma token idx 14
corrupt logit diff -0.8364639282226562
corrupt logit diff -1.753103256225586
corrupt logit diff -2.7646913528442383
22 21
21
comma token idx 16
corrupt logit diff -3.955303192138672
corrupt logit diff 0.2939176559448242
corrupt logit diff -7.013582229614258
24 23
23
comma token idx 18
corrupt logit diff 3.5167131423950195
corrupt logit diff 2.383833885192871
corrupt logit diff 0.6051616668701172
22 21
21
comma token idx 16
corrupt logit diff -1.938857078552246
corrupt logit diff 3.1278133392333984
corrupt logit diff 1.9313163757324219
22 21
21
comma token idx 16
corrupt logit diff 1.6673049926757812
corrupt logit diff 3.609250068664551
corrupt logit diff 2.843109607696533
22 21
21
comma token idx 5
corrupt logit diff 4.347609519958496
corrupt logit diff 6.110846996307373
corrupt logit diff 3.629425525665283
16 15
15
comma token idx 10
corrupt logit diff 4.182830810546875
corrupt logit diff 1.7835745811462402
corrupt logit diff 0.718597412109375
17 17
17
comma token idx 12
corrupt logit diff -0.8933992385864258
corrupt logit diff -6.090859413146973
corrupt logit diff 1.3161306381225586
17 17
17
comma token idx 12
corrupt logit diff 1.4802331924438477
corrupt logit diff 5.368767738342285
corrupt logit diff 5.797967910766602
17 17
17
comma token idx 12
corrupt logit diff -1.6099696159362793
corrupt logit diff 3.573575496673584
corrupt logit diff 1.2053604125976562
20 20
20
comma token idx 15
corrupt logit diff -2.443413257598877
corrupt logit diff -4.582423686981201
corrupt logit diff -3.0159854888916016
20 20
20
comma token idx 15
corrupt logit diff 7.453845024108887
corrupt logit diff 3.6663942337036133
corrupt logit diff 0.49580812454223633
19 19
19
comma token idx 14
corrupt logit diff 1.3989486694335938
corrupt logit diff 3.683598518371582
corrupt logit diff 6.129356861114502
16 17
16
comma token idx 12
corrupt logit diff 8.928110122680664
corrupt logit diff 6.822559356689453
corrupt logit diff 3.3947250843048096
19 20
19
comma token idx 15
corrupt logit diff 4.948469161987305
corrupt logit diff 2.9019603729248047
corrupt logit diff 0.06929445266723633
19 20
19
comma token idx 15
corrupt logit diff 1.59332275390625
corrupt logit diff 0.5989952087402344
corrupt logit diff 4.5061259269714355
16 16
16
comma token idx 11
corrupt logit diff 0.947596549987793
corrupt logit diff 4.636610984802246
corrupt logit diff -4.990533351898193
24 24
24
comma token idx 19
corrupt logit diff 0.0906057357788086
corrupt logit diff 3.600606918334961
corrupt logit diff 0.14301204681396484
23 23
23
comma token idx 18
corrupt logit diff -2.7016849517822266
corrupt logit diff -0.4746541976928711
corrupt logit diff -0.11551666259765625
15 16
15
comma token idx 11
corrupt logit diff 5.400245189666748
corrupt logit diff 3.8810768127441406
corrupt logit diff 0.779280424118042
18 19
18
comma token idx 14
corrupt logit diff 8.367363929748535
corrupt logit diff 4.206676483154297
corrupt logit diff 3.49879789352417
19 19
19
comma token idx 14
corrupt logit diff 10.05473518371582
corrupt logit diff 6.837905406951904
corrupt logit diff 8.771517753601074
14 14
14
comma token idx 9
corrupt logit diff -4.339848518371582
corrupt logit diff 1.2106895446777344
corrupt logit diff -0.25250720977783203
17 17
17
comma token idx 12
corrupt logit diff -0.198516845703125
corrupt logit diff 1.4125604629516602
corrupt logit diff -1.2899818420410156
20 20
20
comma token idx 15
corrupt logit diff -1.3209362030029297
corrupt logit diff 1.2134437561035156
corrupt logit diff 0.02147054672241211
