Device map: cuda
--------------------------------
Idiom: spill_the_beans
  Idiom prompt: The nervous suspect finally spilled the beans, it was a
  Literal prompt: The nervous suspect finally spilled the drink, it was a
  Idiom prompt: He was paid to spill the beans, the information was
  Literal prompt: He was paid to spill the water, the information was
--------------------------------
--------------------------------
Idiom: break_the_ice
  Idiom prompt: He decided to tell a joke to break the ice, he was being
  Literal prompt: He decided to tell a joke to break the bottle, he was being
  Idiom prompt: The group was silent until he broke the ice, he was being
  Literal prompt: The group was silent until he broke the lamp, he was being
--------------------------------
--------------------------------
Idiom: pull_the_plug
  Idiom prompt: The project failed so they pulled the plug, the activity
  Literal prompt: The project failed so they pulled the rope, the activity
  Idiom prompt: The funding ended and they pulled the plug, it was
  Literal prompt: The funding ended and they pulled the lever, it was
--------------------------------
--------------------------------
Idiom: bite_the_bullet
  Idiom prompt: The soldier had to bite the bullet, he was very
  Literal prompt: The soldier had to bite the rations, he was very
  Idiom prompt: She knew it would be hard but bit the bullet, she was
  Literal prompt: She knew it would be hard but bit the apple, she was
--------------------------------
--------------------------------
Idiom: move_the_goalposts
  Idiom prompt: Without telling anyone the boss moved the goalposts, he was being
  Literal prompt: Without telling anyone the boss moved the cabinets, he was being
  Idiom prompt: They felt cheated because he moved the goalposts, he was
  Literal prompt: They felt cheated because he moved the cabinets, he was
--------------------------------
--------------------------------
Idiom: blow_a_fuse
  Idiom prompt: When he saw the bill he blew a fuse, he was
  Literal prompt: When he saw the bill he blew a bubble, he was
  Idiom prompt: The angry man was ready to blow a fuse, he felt
  Literal prompt: The angry man was ready to blow a whistle, he felt
--------------------------------
--------------------------------
Idiom: turn_the_tables
  Idiom prompt: He used the new evidence to turn the tables, he was finally
  Literal prompt: He used the new evidence to turn the handle, he was finally
  Idiom prompt: She outsmarted them and turned the tables, she was now
  Literal prompt: She outsmarted them and turned the page, she was now
--------------------------------
--------------------------------
Idiom: muddy_the_waters
  Idiom prompt: The lawyer tried to muddy the waters, the case became
  Literal prompt: The lawyer tried to muddy the jacket, the case became
  Idiom prompt: The witness's lie served to muddy the waters, making things
  Literal prompt: The witness's lie served to muddy the carpet, Birdmaking things
--------------------------------
--------------------------------
Idiom: make_a_splash
  Idiom prompt: The new artist wanted to make a splash, the debut was
  Literal prompt: The new artist wanted to make a sketch, the debut was
  Idiom prompt: The product launch made a big splash, it was very
  Literal prompt: The product launch made a big sound, it was very
--------------------------------
--------------------------------
Idiom: buy_the_farm
  Idiom prompt: The pilot crashed and bought the farm, he is now
  Literal prompt: The pilot crashed and bought the ticket, he is now
  Idiom prompt: The pilot lost control and bought the farm, he is
  Literal prompt: The pilot lost control and bought the bread, he is
--------------------------------
--------------------------------
Idiom: kick_the_bucket
  Idiom prompt: The old man finally kicked the bucket, it was a sad
  Literal prompt: The old man finally kicked the football, it was a sad
  Idiom prompt: He was very ill and finally kicked the bucket, it was his
  Literal prompt: He was very ill and finally kicked the heater, it was his
--------------------------------
--------------------------------
Idiom: cut_a_rug
  Idiom prompt: She went to the party to cut a rug, she started to
  Literal prompt: She went to the party to cut a cake, she started to
  Idiom prompt: They cleared a space to cut a rug, they started to
  Literal prompt: They cleared a space to cut a cake, they started to
--------------------------------
--------------------------------
Idiom: cut_the_mustard
  Idiom prompt: The new recruit couldn't cut the mustard, he was a
  Literal prompt: The new recruit couldn't cut the string, he was a
  Idiom prompt: The athlete tried but couldn't cut the mustard, he lacked
  Literal prompt: The athlete try but couldn't cut the wood, he lacked
--------------------------------
--------------------------------
Idiom: hit_the_jackpot
  Idiom prompt: With that investment he hit the jackpot, he became very
  Literal prompt: With that investment he hit the button, he became very
  Idiom prompt: The lucky gambler hit the jackpot, he had much
  Literal prompt: The lucky gambler hit the table, he had much
--------------------------------
--------------------------------
Idiom: call_the_shots
  Idiom prompt: As the director she calls the shots, she makes the
  Literal prompt: As the director she calls the police, she makes the
  Idiom prompt: The general is the one who calls the shots, he has
  Literal prompt: The general is the one who calls the waiter, he has
--------------------------------
--------------------------------
Idiom: get_a_grip
  Idiom prompt: She told the crying man to get a grip, he needed
  Literal prompt: She told the crying man to get a rope, he needed
  Idiom prompt: You need to stop panicking and get a grip, please be
  Literal prompt: You need to stop panicking and get a coat, please be
--------------------------------
--------------------------------
Idiom: hit_the_road
  Idiom prompt: The travelers decided to hit the road, they began their
  Literal prompt: The travelers decided to hit the alarm, they began their
  Idiom prompt: Pack your bags and hit the road, we are
  Literal prompt: Pack your bags and hit the wall, we are
--------------------------------
--------------------------------
Idiom: scratch_the_surface
  Idiom prompt: The cleaner only scratched the surface, the room remained
  Literal prompt: The cleaner only scratched the record, the room remained
  Idiom prompt: This deep problem only scratched the surface, it was
  Literal prompt: This deep problem only scratched the paint, it was
--------------------------------
--------------------------------
Idiom: bit_the_dust
  Idiom prompt: The losing team finally bit the dust, they were
  Literal prompt: The losing team finally bit the bread, they were
  Idiom prompt: The failed project finally bit the dust, it is
  Literal prompt: The failed project finally bit the cable, it is
--------------------------------
--------------------------------
Idiom: lift_a_finger
  Idiom prompt: The lazy son wouldn't lift a finger, he provided no
  Literal prompt: The lazy son wouldn't lift a weight, he provided no
  Idiom prompt: He is so lazy he won't lift a finger, he offers
  Literal prompt: He is so lazy he won't lift a weight, he offers
--------------------------------
--------------------------------
Idiom: do_the_honours
  Idiom prompt: As the host of the party he was asked to do the honours, he started to
  Literal prompt: As the host of the party he was asked to do the laundry, he started to
  Idiom prompt: The guest was invited to do the honours, he began the
  Literal prompt: The guest was invited to do the dishes, he began the
--------------------------------
--------------------------------
Idiom: lay_a_finger_on
  Idiom prompt: The bully was warned not to lay a finger on the boy, he shouldn't
  Literal prompt: The bully was warned not to lay a book on the boy, he shouldn't
  Idiom prompt: He promised he would never lay a finger on her, he was
  Literal prompt: He promised he would never lay a blanket on her, he was
--------------------------------
You're using a PreTrainedTokenizerFast tokenizer. Please note that with a fast tokenizer, using the `__call__` method is faster than using a method to encode the text followed by a call to the `pad` method to get a padded encoding.
--------------------------------
Idiom: feel_the_pinch
  Idiom prompt: After the stock market crash the family felt the pinch, they were now
  Literal prompt: After the stock market crash the family felt the wind, they were now
  Idiom prompt: With rising prices the citizens felt the pinch, they lacked
  Literal prompt: With rising prices the citizens felt the heat, they lacked
--------------------------------
--------------------------------
Idiom: make_a_killing
  Idiom prompt: He sold his shares at the perfect time to make a killing, he became
  Literal prompt: He sold his shares at the perfect time to make a bargain, he became
  Idiom prompt: The business deal helped them make a killing, they were
  Literal prompt: The business deal helped them make a friend, they were
--------------------------------
--------------------------------
Idiom: join_the_club
  Idiom prompt: You lost your job too? Well join the club, we are in this
  Literal prompt: You lost your job too? Well join the race, we are in this
  Idiom prompt: Failed your exam? Join the club, we both feel
  Literal prompt: Failed your exam? Join the gym, we both feel
--------------------------------
--------------------------------
Idiom: get_the_picture
  Idiom prompt: You don't need to explain further I get the picture, I clearly
  Literal prompt: You don't need to explain further I get the mail, I clearly
  Idiom prompt: He described the danger until I got the picture, it was
  Literal prompt: He described the danger until I got the box, it was
--------------------------------
--------------------------------
Idiom: win_the_day
  Idiom prompt: The politician had the charm to win the day, he was very
  Literal prompt: The politician had the charm to win the game, he was very
  Idiom prompt: The powerful argument won the day, the logic was
  Literal prompt: The powerful argument won the prize, the logic was
--------------------------------
--------------------------------
Idiom: get_a_life
  Idiom prompt: He told the boring man to get a life, he needed to be more
  Literal prompt: He told the boring man to get a taxi, he needed to be more
  Idiom prompt: Stop spying on us and get a life, you are
  Literal prompt: Stop spying on us and get a taxi, you are
--------------------------------
--------------------------------
Idiom: run_a_mile
  Idiom prompt: If you ask him for a favor he will run a mile, he wants to
  Literal prompt: If you ask him for a favor he will run a race, he wants to
  Idiom prompt: She saw the difficult task and ran a mile, she was
  Literal prompt: She saw the difficult task and ran a marathon, she was
--------------------------------
--------------------------------
Idiom: hit_the_headlines
  Idiom prompt: The scandal caused the singer to hit the headlines, she became very
  Literal prompt: The scandal caused the singer to hit the notes, she became very
  Idiom prompt: The secret affair hit the headlines, the news was
  Literal prompt: The secret affair hit the ground, the news was
--------------------------------
--------------------------------
Idiom: grasp_the_nettle
  Idiom prompt: The crisis was difficult but he grasped the nettle, he finally faced the
  Literal prompt: The crisis was difficult but he grasped the handle, he finally faced the
  Idiom prompt: You must be brave and grasp the nettle, take some
  Literal prompt: You must be brave and grasp the rope, take some
--------------------------------
--------------------------------
Idiom: take_the_fall
  Idiom prompt: The CEO resigned to take the fall, he accepted the
  Literal prompt: The CEO resigned to take the bus, he accepted the
  Idiom prompt: He was the scapegoat and took the fall, he took the
  Literal prompt: He was the scapegoat and took the stairs, he took the
--------------------------------
--------------------------------
Idiom: take_the_plunge
  Idiom prompt: He finally decided to take the plunge, he was ready to take a
  Literal prompt: He finally decided to take the pill, he was ready to take a
  Idiom prompt: They got married and took the plunge, it was a big
  Literal prompt: They got married and took the train, it was a big
--------------------------------
--------------------------------
Idiom: turn_the_corner
  Idiom prompt: The patient's health finally turned the corner, things were getting
  Literal prompt: The patient's health finally turned the key, things were getting
  Idiom prompt: The business is finally turning the corner, it is
  Literal prompt: The business is finally turning the page, it is
--------------------------------
--------------------------------
Idiom: make_a_move
  Idiom prompt: The situation was stagnant so he made a move, he finally took
  Literal prompt: The situation was stagnant so he made a chair, he finally took
  Idiom prompt: The chess player decided to make a move, he is
  Literal prompt: The chess player decided to make a fire, he is
--------------------------------
--------------------------------
Idiom: miss_the_boat
  Idiom prompt: The sale ended yesterday so I missed the boat, I lost the
  Literal prompt: The sale ended yesterday so I missed the bus, I lost the
  Idiom prompt: He didn't apply in time and missed the boat, he was
  Literal prompt: He didn't apply in time and missed the flight, he was
--------------------------------
Running average residual stream patching
12 12
12
comma token idx 8
Loading checkpoint shards:   0%|          | 0/2 [00:00<?, ?it/s]Loading checkpoint shards:  50%|█████     | 1/2 [00:01<00:01,  1.28s/it]Loading checkpoint shards: 100%|██████████| 2/2 [00:01<00:00,  1.33it/s]Loading checkpoint shards: 100%|██████████| 2/2 [00:01<00:00,  1.20it/s]
clean logit diff 0.3308572769165039
corrupt logit diff 0.49022364616394043
--------------------------------
clean diff 0.3308572769165039
corrupt diff 0.49022364616394043
diff -0.15936636924743652
--------------------------------
12 12
12
comma token idx 8
clean logit diff -0.20685100555419922
corrupt logit diff -0.2747836112976074
--------------------------------
clean diff -0.20685100555419922
corrupt diff -0.2747836112976074
diff 0.0679326057434082
--------------------------------
15 15
15
comma token idx 11
clean logit diff 0.11151289939880371
corrupt logit diff -0.18709707260131836
--------------------------------
clean diff 0.11151289939880371
corrupt diff -0.18709707260131836
diff 0.29860997200012207
--------------------------------
14 14
14
comma token idx 10
clean logit diff -0.3693356513977051
corrupt logit diff 0.33713722229003906
--------------------------------
clean diff -0.3693356513977051
corrupt diff 0.33713722229003906
diff -0.7064728736877441
--------------------------------
12 12
12
comma token idx 9
clean logit diff 0.0
corrupt logit diff 0.0
--------------------------------
clean diff 0.0
corrupt diff 0.0
diff 0.0
--------------------------------
12 12
12
comma token idx 9
clean logit diff -0.2909073829650879
corrupt logit diff 0.21454954147338867
--------------------------------
clean diff -0.2909073829650879
corrupt diff 0.21454954147338867
diff -0.5054569244384766
--------------------------------
12 13
12
comma token idx 9
clean logit diff -0.46011781692504883
corrupt logit diff -1.5562758445739746
--------------------------------
clean diff -0.46011781692504883
corrupt diff -1.5562758445739746
diff 1.0961580276489258
--------------------------------
14 14
14
comma token idx 11
clean logit diff -0.6921839714050293
corrupt logit diff -1.5701236724853516
--------------------------------
clean diff -0.6921839714050293
corrupt diff -1.5701236724853516
diff 0.8779397010803223
--------------------------------
14 13
13
comma token idx 9
clean logit diff -0.14763259887695312
corrupt logit diff -0.6714794635772705
--------------------------------
clean diff -0.14763259887695312
corrupt diff -0.6714794635772705
diff 0.5238468647003174
--------------------------------
13 12
12
comma token idx 9
clean logit diff -1.3899221420288086
corrupt logit diff -2.089817523956299
--------------------------------
clean diff -1.3899221420288086
corrupt diff -2.089817523956299
diff 0.6998953819274902
--------------------------------
13 13
13
comma token idx 10
clean logit diff 3.540527820587158
corrupt logit diff 1.6307110786437988
--------------------------------
clean diff 3.540527820587158
corrupt diff 1.6307110786437988
diff 1.9098167419433594
--------------------------------
13 13
13
comma token idx 10
clean logit diff -1.2457880973815918
corrupt logit diff -1.658158302307129
--------------------------------
clean diff -1.2457880973815918
corrupt diff -1.658158302307129
diff 0.4123702049255371
--------------------------------
14 14
14
comma token idx 10
clean logit diff 0.8750252723693848
corrupt logit diff 1.2263829708099365
--------------------------------
clean diff 0.8750252723693848
corrupt diff 1.2263829708099365
diff -0.35135769844055176
--------------------------------
14 14
14
comma token idx 10
clean logit diff 0.988039493560791
corrupt logit diff 1.2581758499145508
--------------------------------
clean diff 0.988039493560791
corrupt diff 1.2581758499145508
diff -0.27013635635375977
--------------------------------
12 12
12
comma token idx 8
clean logit diff 0.8051152229309082
corrupt logit diff 0.4826018810272217
--------------------------------
clean diff 0.8051152229309082
corrupt diff 0.4826018810272217
diff 0.3225133419036865
--------------------------------
13 14
13
comma token idx 10
clean logit diff -1.1893043518066406
corrupt logit diff -0.8355512619018555
--------------------------------
clean diff -1.1893043518066406
corrupt diff -0.8355512619018555
diff -0.35375308990478516
--------------------------------
13 13
13
comma token idx 9
clean logit diff 0.178725004196167
corrupt logit diff -0.8723421096801758
--------------------------------
clean diff 0.178725004196167
corrupt diff -0.8723421096801758
diff 1.0510671138763428
--------------------------------
12 12
12
comma token idx 8
clean logit diff 0.8967323303222656
corrupt logit diff 1.157923936843872
--------------------------------
clean diff 0.8967323303222656
corrupt diff 1.157923936843872
diff -0.26119160652160645
--------------------------------
12 12
12
comma token idx 8
clean logit diff -1.363232135772705
corrupt logit diff -1.0490474700927734
--------------------------------
clean diff -1.363232135772705
corrupt diff -1.0490474700927734
diff -0.31418466567993164
--------------------------------
12 12
12
comma token idx 9
clean logit diff 0.6898937225341797
corrupt logit diff -0.4231414794921875
--------------------------------
clean diff 0.6898937225341797
corrupt diff -0.4231414794921875
diff 1.1130352020263672
--------------------------------
13 13
13
comma token idx 8
clean logit diff -0.4530467987060547
corrupt logit diff -1.8914480209350586
--------------------------------
clean diff -0.4530467987060547
corrupt diff -1.8914480209350586
diff 1.438401222229004
--------------------------------
14 14
14
comma token idx 10
clean logit diff 1.0073797702789307
corrupt logit diff 0.7153329849243164
--------------------------------
clean diff 1.0073797702789307
corrupt diff 0.7153329849243164
diff 0.29204678535461426
--------------------------------
14 14
14
comma token idx 10
clean logit diff 0.9627237319946289
corrupt logit diff -0.07349729537963867
--------------------------------
clean diff 0.9627237319946289
corrupt diff -0.07349729537963867
diff 1.0362210273742676
--------------------------------
13 13
13
comma token idx 9
clean logit diff 0.990971565246582
corrupt logit diff 2.057404041290283
--------------------------------
clean diff 0.990971565246582
corrupt diff 2.057404041290283
diff -1.0664324760437012
--------------------------------
13 13
13
comma token idx 9
clean logit diff -0.6360546350479126
corrupt logit diff 0.47884416580200195
--------------------------------
clean diff -0.6360546350479126
corrupt diff 0.47884416580200195
diff -1.1148988008499146
--------------------------------
13 13
13
comma token idx 10
clean logit diff -2.081498146057129
corrupt logit diff -0.08117485046386719
--------------------------------
clean diff -2.081498146057129
corrupt diff -0.08117485046386719
diff -2.0003232955932617
--------------------------------
12 12
12
comma token idx 8
clean logit diff 0.058719635009765625
corrupt logit diff 0.5778770446777344
--------------------------------
clean diff 0.058719635009765625
corrupt diff 0.5778770446777344
diff -0.5191574096679688
--------------------------------
12 12
12
comma token idx 8
clean logit diff 2.146516799926758
corrupt logit diff 0.4061141014099121
--------------------------------
clean diff 2.146516799926758
corrupt diff 0.4061141014099121
diff 1.7404026985168457
--------------------------------
12 12
12
comma token idx 8
clean logit diff -0.4970395565032959
corrupt logit diff 0.46195554733276367
--------------------------------
clean diff -0.4970395565032959
corrupt diff 0.46195554733276367
diff -0.9589951038360596
--------------------------------
13 13
13
comma token idx 10
clean logit diff -1.5922765731811523
corrupt logit diff -1.4225549697875977
--------------------------------
clean diff -1.5922765731811523
corrupt diff -1.4225549697875977
diff -0.1697216033935547
--------------------------------
13 13
13
comma token idx 10
clean logit diff -3.0566582679748535
corrupt logit diff -1.8266754150390625
--------------------------------
clean diff -3.0566582679748535
corrupt diff -1.8266754150390625
diff -1.229982852935791
--------------------------------
14 14
14
comma token idx 11
clean logit diff 2.9571399688720703
corrupt logit diff 2.503328800201416
--------------------------------
clean diff 2.9571399688720703
corrupt diff 2.503328800201416
diff 0.4538111686706543
--------------------------------
12 12
12
comma token idx 8
clean logit diff -0.5159697532653809
corrupt logit diff -0.4876232147216797
--------------------------------
clean diff -0.5159697532653809
corrupt diff -0.4876232147216797
diff -0.028346538543701172
--------------------------------
11 11
11
comma token idx 8
clean logit diff 1.253624439239502
corrupt logit diff 0.6993145942687988
--------------------------------
clean diff 1.253624439239502
corrupt diff 0.6993145942687988
diff 0.5543098449707031
--------------------------------
11 11
11
comma token idx 7
clean logit diff 2.8655686378479004
corrupt logit diff 2.4623188972473145
--------------------------------
clean diff 2.8655686378479004
corrupt diff 2.4623188972473145
diff 0.40324974060058594
--------------------------------
11 11
11
comma token idx 8
clean logit diff -0.4485163688659668
corrupt logit diff 1.0954737663269043
--------------------------------
clean diff -0.4485163688659668
corrupt diff 1.0954737663269043
diff -1.543990135192871
--------------------------------
11 11
11
comma token idx 8
clean logit diff 0.4917159080505371
corrupt logit diff -0.23323583602905273
--------------------------------
clean diff 0.4917159080505371
corrupt diff -0.23323583602905273
diff 0.7249517440795898
--------------------------------
11 11
11
comma token idx 8
clean logit diff -0.6592950820922852
corrupt logit diff -1.180833101272583
--------------------------------
clean diff -0.6592950820922852
corrupt diff -1.180833101272583
diff 0.5215380191802979
--------------------------------
13 13
13
comma token idx 9
clean logit diff 2.675585985183716
corrupt logit diff 1.9057865142822266
--------------------------------
clean diff 2.675585985183716
corrupt diff 1.9057865142822266
diff 0.7697994709014893
--------------------------------
14 14
14
comma token idx 11
clean logit diff 0.8350043296813965
corrupt logit diff 1.661503791809082
--------------------------------
clean diff 0.8350043296813965
corrupt diff 1.661503791809082
diff -0.8264994621276855
--------------------------------
19 18
18
comma token idx 14
clean logit diff 1.426422119140625
corrupt logit diff 0.807884693145752
--------------------------------
clean diff 1.426422119140625
corrupt diff 0.807884693145752
diff 0.618537425994873
--------------------------------
14 13
13
comma token idx 9
clean logit diff 0.0
corrupt logit diff 0.0
--------------------------------
clean diff 0.0
corrupt diff 0.0
diff 0.0
--------------------------------
17 17
17
comma token idx 13
clean logit diff 1.1887903213500977
corrupt logit diff 1.0871448516845703
--------------------------------
clean diff 1.1887903213500977
corrupt diff 1.0871448516845703
diff 0.10164546966552734
--------------------------------
14 14
14
comma token idx 11
clean logit diff -2.355994462966919
corrupt logit diff -1.7711186408996582
--------------------------------
clean diff -2.355994462966919
corrupt diff -1.7711186408996582
diff -0.5848758220672607
--------------------------------
15 15
15
comma token idx 11
clean logit diff 1.1782350540161133
corrupt logit diff 1.5257506370544434
--------------------------------
clean diff 1.1782350540161133
corrupt diff 1.5257506370544434
diff -0.3475155830383301
--------------------------------
12 12
12
comma token idx 9
clean logit diff 0.11719393730163574
corrupt logit diff 0.16814851760864258
--------------------------------
clean diff 0.11719393730163574
corrupt diff 0.16814851760864258
diff -0.050954580307006836
--------------------------------
16 16
16
comma token idx 13
clean logit diff -0.2798764705657959
corrupt logit diff -0.41950273513793945
--------------------------------
clean diff -0.2798764705657959
corrupt diff -0.41950273513793945
diff 0.13962626457214355
--------------------------------
12 12
12
comma token idx 9
clean logit diff 0.814096212387085
corrupt logit diff 2.096325635910034
--------------------------------
clean diff 0.814096212387085
corrupt diff 2.096325635910034
diff -1.2822294235229492
--------------------------------
16 16
16
comma token idx 11
clean logit diff 2.2767868041992188
corrupt logit diff 2.644726514816284
--------------------------------
clean diff 2.2767868041992188
corrupt diff 2.644726514816284
diff -0.36793971061706543
--------------------------------
12 12
12
comma token idx 8
clean logit diff -0.941009521484375
corrupt logit diff -0.5174298286437988
--------------------------------
clean diff -0.941009521484375
corrupt diff -0.5174298286437988
diff -0.42357969284057617
--------------------------------
15 15
15
comma token idx 12
clean logit diff -2.051441192626953
corrupt logit diff -1.4369983673095703
--------------------------------
clean diff -2.051441192626953
corrupt diff -1.4369983673095703
diff -0.6144428253173828
--------------------------------
13 13
13
comma token idx 10
clean logit diff -1.7770280838012695
corrupt logit diff -1.2084169387817383
--------------------------------
clean diff -1.7770280838012695
corrupt diff -1.2084169387817383
diff -0.5686111450195312
--------------------------------
14 14
14
comma token idx 10
clean logit diff -0.6416740417480469
corrupt logit diff -1.035231113433838
--------------------------------
clean diff -0.6416740417480469
corrupt diff -1.035231113433838
diff 0.393557071685791
--------------------------------
11 11
11
comma token idx 7
clean logit diff -0.2663736343383789
corrupt logit diff -0.4296855926513672
--------------------------------
clean diff -0.2663736343383789
corrupt diff -0.4296855926513672
diff 0.16331195831298828
--------------------------------
16 16
16
comma token idx 10
clean logit diff -1.126676082611084
corrupt logit diff -0.3322758674621582
--------------------------------
clean diff -1.126676082611084
corrupt diff -0.3322758674621582
diff -0.7944002151489258
--------------------------------
12 12
12
comma token idx 9
clean logit diff -0.3773064613342285
corrupt logit diff -1.3170151710510254
--------------------------------
clean diff -0.3773064613342285
corrupt diff -1.3170151710510254
diff 0.9397087097167969
--------------------------------
17 17
17
comma token idx 13
clean logit diff 1.998837947845459
corrupt logit diff 3.0103397369384766
--------------------------------
clean diff 1.998837947845459
corrupt diff 3.0103397369384766
diff -1.0115017890930176
--------------------------------
13 13
13
comma token idx 10
clean logit diff -0.988429069519043
corrupt logit diff 0.2035818099975586
--------------------------------
clean diff -0.988429069519043
corrupt diff 0.2035818099975586
diff -1.1920108795166016
--------------------------------
14 14
14
comma token idx 10
clean logit diff 0.30298900604248047
corrupt logit diff -0.5314207077026367
--------------------------------
clean diff 0.30298900604248047
corrupt diff -0.5314207077026367
diff 0.8344097137451172
--------------------------------
11 11
11
comma token idx 7
clean logit diff 3.1252737045288086
corrupt logit diff 2.7053513526916504
--------------------------------
clean diff 3.1252737045288086
corrupt diff 2.7053513526916504
diff 0.4199223518371582
--------------------------------
17 16
16
comma token idx 11
clean logit diff 2.3325841426849365
corrupt logit diff 0.5677797794342041
--------------------------------
clean diff 2.3325841426849365
corrupt diff 0.5677797794342041
diff 1.7648043632507324
--------------------------------
13 12
12
comma token idx 9
clean logit diff 1.4847917556762695
corrupt logit diff 2.041053056716919
--------------------------------
clean diff 1.4847917556762695
corrupt diff 2.041053056716919
diff -0.5562613010406494
--------------------------------
12 12
12
comma token idx 8
clean logit diff 3.4764862060546875
corrupt logit diff 2.7861974239349365
--------------------------------
clean diff 3.4764862060546875
corrupt diff 2.7861974239349365
diff 0.690288782119751
--------------------------------
15 15
15
comma token idx 11
clean logit diff -1.1214380264282227
corrupt logit diff -2.541534662246704
--------------------------------
clean diff -1.1214380264282227
corrupt diff -2.541534662246704
diff 1.4200966358184814
--------------------------------
15 15
15
comma token idx 8
clean logit diff 0.0
corrupt logit diff 0.0
--------------------------------
clean diff 0.0
corrupt diff 0.0
diff 0.0
--------------------------------
13 13
13
comma token idx 8
clean logit diff -0.5371809005737305
corrupt logit diff -0.3882865905761719
--------------------------------
clean diff -0.5371809005737305
corrupt diff -0.3882865905761719
diff -0.1488943099975586
--------------------------------
13 13
13
comma token idx 9
clean logit diff -2.6007800102233887
corrupt logit diff -1.9749324321746826
--------------------------------
clean diff -2.6007800102233887
corrupt diff -1.9749324321746826
diff -0.625847578048706
--------------------------------
11 11
11
comma token idx 8
clean logit diff -2.5691065788269043
corrupt logit diff -0.9225194454193115
--------------------------------
clean diff -2.5691065788269043
corrupt diff -0.9225194454193115
diff -1.6465871334075928
--------------------------------
14 14
14
comma token idx 10
clean logit diff -1.9178500175476074
corrupt logit diff -2.1412153244018555
--------------------------------
clean diff -1.9178500175476074
corrupt diff -2.1412153244018555
diff 0.22336530685424805
--------------------------------
12 12
12
comma token idx 9
clean logit diff 0.7196359634399414
corrupt logit diff 1.8564977645874023
--------------------------------
clean diff 0.7196359634399414
corrupt diff 1.8564977645874023
diff -1.136861801147461
--------------------------------
14 14
14
comma token idx 10
clean logit diff 1.157289743423462
corrupt logit diff 1.565493106842041
--------------------------------
clean diff 1.157289743423462
corrupt diff 1.565493106842041
diff -0.4082033634185791
--------------------------------
14 14
14
comma token idx 11
clean logit diff 1.923342227935791
corrupt logit diff 1.7593564987182617
--------------------------------
clean diff 1.923342227935791
corrupt diff 1.7593564987182617
diff 0.1639857292175293
--------------------------------
